Archive member included to satisfy reference by file (symbol)

C:\Green Box\Firmware\Main controller\CleverBox_ver3.4.7\CleverBox\ArduinoCore\Debug\libArduinoCore.a(HardwareSerial.o)
                              GSM.o (_ZN14HardwareSerial9availableEv)
C:\Green Box\Firmware\Main controller\CleverBox_ver3.4.7\CleverBox\ArduinoCore\Debug\libArduinoCore.a(HardwareSerial0.o)
                              ConfigSensors.o (Serial)
C:\Green Box\Firmware\Main controller\CleverBox_ver3.4.7\CleverBox\ArduinoCore\Debug\libArduinoCore.a(HardwareSerial2.o)
                              RecievedUART/RecievedDate.o (Serial2)
C:\Green Box\Firmware\Main controller\CleverBox_ver3.4.7\CleverBox\ArduinoCore\Debug\libArduinoCore.a(HardwareSerial3.o)
                              GSM.o (Serial3)
C:\Green Box\Firmware\Main controller\CleverBox_ver3.4.7\CleverBox\ArduinoCore\Debug\libArduinoCore.a(main.o)
                              C:/Program Files (x86)/Atmel/Studio/7.0/Packs/atmel/ATmega_DFP/1.2.209/gcc/dev/atmega2560/avr6/crtatmega2560.o (main)
C:\Green Box\Firmware\Main controller\CleverBox_ver3.4.7\CleverBox\ArduinoCore\Debug\libArduinoCore.a(new.o)
                              SDcard.o (_Znwj)
C:\Green Box\Firmware\Main controller\CleverBox_ver3.4.7\CleverBox\ArduinoCore\Debug\libArduinoCore.a(Print.o)
                              lib/LiquidCrystal_I2C.o (_ZN5Print5writeEPKhj)
C:\Green Box\Firmware\Main controller\CleverBox_ver3.4.7\CleverBox\ArduinoCore\Debug\libArduinoCore.a(Stream.o)
                              GSM.o (_ZN6Stream10readStringEv)
C:\Green Box\Firmware\Main controller\CleverBox_ver3.4.7\CleverBox\ArduinoCore\Debug\libArduinoCore.a(Wire.o)
                              lib/HTU21D.o (_ZN7TwoWire9availableEv)
C:\Green Box\Firmware\Main controller\CleverBox_ver3.4.7\CleverBox\ArduinoCore\Debug\libArduinoCore.a(wiring.o)
                              GSM.o (millis)
C:\Green Box\Firmware\Main controller\CleverBox_ver3.4.7\CleverBox\ArduinoCore\Debug\libArduinoCore.a(wiring_digital.o)
                              ConfigSensors.o (pinMode)
C:\Green Box\Firmware\Main controller\CleverBox_ver3.4.7\CleverBox\ArduinoCore\Debug\libArduinoCore.a(WMath.o)
                              lib/Servo.o (_Z3maplllll)
C:\Green Box\Firmware\Main controller\CleverBox_ver3.4.7\CleverBox\ArduinoCore\Debug\libArduinoCore.a(WString.o)
                              GSM.o (_ZN6StringD2Ev)
C:\Green Box\Firmware\Main controller\CleverBox_ver3.4.7\CleverBox\ArduinoCore\Debug\libArduinoCore.a(abi.o)
                              C:\Green Box\Firmware\Main controller\CleverBox_ver3.4.7\CleverBox\ArduinoCore\Debug\libArduinoCore.a(Print.o) (__cxa_pure_virtual)
C:\Green Box\Firmware\Main controller\CleverBox_ver3.4.7\CleverBox\ArduinoCore\Debug\libArduinoCore.a(hooks.o)
                              C:\Green Box\Firmware\Main controller\CleverBox_ver3.4.7\CleverBox\ArduinoCore\Debug\libArduinoCore.a(wiring.o) (yield)
C:\Green Box\Firmware\Main controller\CleverBox_ver3.4.7\CleverBox\ArduinoCore\Debug\libArduinoCore.a(twi.o)
                              C:\Green Box\Firmware\Main controller\CleverBox_ver3.4.7\CleverBox\ArduinoCore\Debug\libArduinoCore.a(Wire.o) (twi_init)
c:/program files (x86)/atmel/studio/7.0/toolchain/avr8/avr8-gnu-toolchain/bin/../lib/gcc/avr/5.4.0/avr6\libgcc.a(_mulsi3.o)
                              lib/BME280.o (__mulsi3)
c:/program files (x86)/atmel/studio/7.0/toolchain/avr8/avr8-gnu-toolchain/bin/../lib/gcc/avr/5.4.0/avr6\libgcc.a(_udivmodqi4.o)
                              lib/iarduino_RTC.o (__udivmodqi4)
c:/program files (x86)/atmel/studio/7.0/toolchain/avr8/avr8-gnu-toolchain/bin/../lib/gcc/avr/5.4.0/avr6\libgcc.a(_divmodhi4.o)
                              lib/BH1750.o (__divmodhi4)
c:/program files (x86)/atmel/studio/7.0/toolchain/avr8/avr8-gnu-toolchain/bin/../lib/gcc/avr/5.4.0/avr6\libgcc.a(_udivmodsi4.o)
                              lib/iarduino_Pressure_BMP.o (__udivmodsi4)
c:/program files (x86)/atmel/studio/7.0/toolchain/avr8/avr8-gnu-toolchain/bin/../lib/gcc/avr/5.4.0/avr6\libgcc.a(_divmodsi4.o)
                              ExecModules.o (__divmodsi4)
c:/program files (x86)/atmel/studio/7.0/toolchain/avr8/avr8-gnu-toolchain/bin/../lib/gcc/avr/5.4.0/avr6\libgcc.a(_negsi2.o)
                              c:/program files (x86)/atmel/studio/7.0/toolchain/avr8/avr8-gnu-toolchain/bin/../lib/gcc/avr/5.4.0/avr6\libgcc.a(_divmodsi4.o) (__negsi2)
c:/program files (x86)/atmel/studio/7.0/toolchain/avr8/avr8-gnu-toolchain/bin/../lib/gcc/avr/5.4.0/avr6\libgcc.a(_exit.o)
                              C:/Program Files (x86)/Atmel/Studio/7.0/Packs/atmel/ATmega_DFP/1.2.209/gcc/dev/atmega2560/avr6/crtatmega2560.o (exit)
c:/program files (x86)/atmel/studio/7.0/toolchain/avr8/avr8-gnu-toolchain/bin/../lib/gcc/avr/5.4.0/avr6\libgcc.a(_tablejump2.o)
                              ConfigSensors.o (__tablejump2__)
[...]
Memory Configuration

Name             Origin             Length             Attributes
text             0x00000000         0x00100000         xr
data             0x00800200         0x0000fe00         rw !x
eeprom           0x00810000         0x00010000         rw !x
fuse             0x00820000         0x00000003         rw !x
lock             0x00830000         0x00000400         rw !x
signature        0x00840000         0x00000400         rw !x
user_signatures  0x00850000         0x00000400         rw !x
*default*        0x00000000         0xffffffff

Linker script and memory map

Address of section .data set to 0x800200
LOAD C:/Program Files (x86)/Atmel/Studio/7.0/Packs/atmel/ATmega_DFP/1.2.209/gcc/dev/atmega2560/avr6/crtatmega2560.o
LOAD AirTransmission/AirTransmission.o
LOAD ConfigSensors.o
LOAD Configuration.o
LOAD DataToSerial.o
LOAD DigitalPorts.o
LOAD EEPROM_ADR.o
LOAD ExecModules.o
LOAD GSM.o
LOAD LCDdisplay.o
LOAD lib/AccelStepper.o
LOAD lib/Adafruit_INA219.o
LOAD lib/AM2320.o
LOAD lib/BH1750.o
LOAD lib/BME280.o
LOAD lib/BMP280.o
LOAD lib/DallasTemperature.o
LOAD lib/File.o
LOAD lib/HTU21D.o
LOAD lib/iarduino_Pressure_BMP.o
LOAD lib/iarduino_RTC.o
LOAD lib/LiquidCrystal_I2C.o
LOAD lib/MAX44009.o
LOAD lib/MultiStepper.o
LOAD lib/OneWire.o
LOAD lib/SD.o
LOAD lib/Sd2Card.o
LOAD lib/SdFile.o
LOAD lib/SdVolume.o
LOAD lib/Servo.o
LOAD lib/SPI.o
LOAD lib/TSL2561.o
LOAD main.o
LOAD ParsingDataOnSerial.o
LOAD RecievedUART/RecievedConfigController.o
LOAD RecievedUART/RecievedConfigModule.o
LOAD RecievedUART/RecievedControllCommand.o
LOAD RecievedUART/RecievedDate.o
LOAD RecievedUART/RecievedDebug.o
LOAD RecievedUART/RecievedGroup.o
LOAD RecievedUART/RecievedSensors.o
LOAD RecievedUART/RegisterSensors.o
LOAD SDcard.o
LOAD Sensors.o
LOAD SensorsFuncs/Work_AM2302.o
LOAD SensorsFuncs/Work_BH1750.o
LOAD SensorsFuncs/Work_BME280.o
LOAD SensorsFuncs/Work_BMP280.o
LOAD SensorsFuncs/Work_DS18B20.o
LOAD SensorsFuncs/Work_HTU21D.o
LOAD SensorsFuncs/Work_INA219.o
LOAD SensorsFuncs/Work_INA3221.o
LOAD SensorsFuncs/Work_LM75.o
LOAD SensorsFuncs/Work_MAX44009.o
LOAD SensorsFuncs/Work_TSL2561.o
LOAD Sketch.o
LOAD Warning.o
START GROUP
LOAD C:\Green Box\Firmware\Main controller\CleverBox_ver3.4.7\CleverBox\ArduinoCore\Debug\libArduinoCore.a
END GROUP
LOAD c:/program files (x86)/atmel/studio/7.0/toolchain/avr8/avr8-gnu-toolchain/bin/../lib/gcc/avr/5.4.0/avr6\libgcc.a
LOAD c:/program files (x86)/atmel/studio/7.0/toolchain/avr8/avr8-gnu-toolchain/bin/../lib/gcc/avr/5.4.0/../../../../avr/lib/avr6\libm.a
START GROUP
LOAD c:/program files (x86)/atmel/studio/7.0/toolchain/avr8/avr8-gnu-toolchain/bin/../lib/gcc/avr/5.4.0/avr6\libgcc.a
LOAD c:/program files (x86)/atmel/studio/7.0/toolchain/avr8/avr8-gnu-toolchain/bin/../lib/gcc/avr/5.4.0/../../../../avr/lib/avr6\libm.a
LOAD c:/program files (x86)/atmel/studio/7.0/toolchain/avr8/avr8-gnu-toolchain/bin/../lib/gcc/avr/5.4.0/../../../../avr/lib/avr6\libc.a
LOAD C:/Program Files (x86)/Atmel/Studio/7.0/Packs/atmel/ATmega_DFP/1.2.209/gcc/dev/atmega2560/avr6\libatmega2560.a
END GROUP
                0x00100000                __TEXT_REGION_LENGTH__ = DEFINED (__TEXT_REGION_LENGTH__)?__TEXT_REGION_LENGTH__:0x100000
                0x0000fe00                __DATA_REGION_LENGTH__ = DEFINED (__DATA_REGION_LENGTH__)?__DATA_REGION_LENGTH__:0xfe00
                0x00010000                __EEPROM_REGION_LENGTH__ = DEFINED (__EEPROM_REGION_LENGTH__)?__EEPROM_REGION_LENGTH__:0x10000
                [0x00000003]                __FUSE_REGION_LENGTH__ = DEFINED (__FUSE_REGION_LENGTH__)?__FUSE_REGION_LENGTH__:0x400
                0x00000400                __LOCK_REGION_LENGTH__ = DEFINED (__LOCK_REGION_LENGTH__)?__LOCK_REGION_LENGTH__:0x400
                0x00000400                __SIGNATURE_REGION_LENGTH__ = DEFINED (__SIGNATURE_REGION_LENGTH__)?__SIGNATURE_REGION_LENGTH__:0x400
                0x00000400                __USER_SIGNATURE_REGION_LENGTH__ = DEFINED (__USER_SIGNATURE_REGION_LENGTH__)?__USER_SIGNATURE_REGION_LENGTH__:0x400

.hash
 *(.hash)

.dynsym
 *(.dynsym)

.dynstr
 *(.dynstr)

.gnu.version
 *(.gnu.version)

.gnu.version_d
 *(.gnu.version_d)

.gnu.version_r
 *(.gnu.version_r)

.rel.init
 *(.rel.init)

.rela.init
 *(.rela.init)

.rel.text
 *(.rel.text)
 *(.rel.text.*)
 *(.rel.gnu.linkonce.t*)

.rela.text
 *(.rela.text)
 *(.rela.text.*)
 *(.rela.gnu.linkonce.t*)

.rel.fini
 *(.rel.fini)

.rela.fini
 *(.rela.fini)

.rel.rodata
 *(.rel.rodata)
 *(.rel.rodata.*)
 *(.rel.gnu.linkonce.r*)

.rela.rodata
 *(.rela.rodata)
 *(.rela.rodata.*)
 *(.rela.gnu.linkonce.r*)

.rel.data
 *(.rel.data)
 *(.rel.data.*)
 *(.rel.gnu.linkonce.d*)

.rela.data
 *(.rela.data)
 *(.rela.data.*)
 *(.rela.gnu.linkonce.d*)

.rel.ctors
 *(.rel.ctors)

.rela.ctors
 *(.rela.ctors)

.rel.dtors
 *(.rel.dtors)

.rela.dtors
 *(.rela.dtors)

.rel.got
 *(.rel.got)

.rela.got
 *(.rela.got)

.rel.bss
 *(.rel.bss)

.rela.bss
 *(.rela.bss)

.rel.plt
 *(.rel.plt)

.rela.plt
 *(.rela.plt)

.text           0x00000000    0x1abee
 *(.vectors)
 .vectors       0x00000000       0xe4 C:/Program Files (x86)/Atmel/Studio/7.0/Packs/atmel/ATmega_DFP/1.2.209/gcc/dev/atmega2560/avr6/crtatmega2560.o
                0x00000000                __vector_default
                0x00000000                __vectors
 *(.vectors)
 *(.progmem.gcc*)
 .progmem.gcc_sw_table._Z12ConfigSensorh
                0x000000e4       0x14 ConfigSensors.o
 .progmem.gcc_sw_table._Z25ViewNameInputDigitalPortsh
                0x000000f8       0x12 DigitalPorts.o
 .progmem.gcc_sw_table._Z21ReadInputDigitalPortsh
                0x0000010a       0x12 DigitalPorts.o
 .progmem.gcc_sw_table._Z11DigitalPorthhh
                0x0000011c       0x50 DigitalPorts.o
 .progmem.gcc_sw_table._ZN12AccelStepper4stepEl
                0x0000016c       0x12 lib/AccelStepper.o
 .progmem.gcc_sw_table._ZN12AccelStepper5step8El
                0x0000017e        0xe lib/AccelStepper.o
 .progmem.gcc_sw_table._Z7TestCMDv
                0x0000018c       0x2a ParsingDataOnSerial.o
 .progmem.gcc_sw_table._Z8SetFlagsv
                0x000001b6       0x16 ParsingDataOnSerial.o
 .progmem.gcc_sw_table._Z12RecievedDatev
                0x000001cc        0xe RecievedUART/RecievedDate.o
 .progmem.gcc_sw_table._Z13RecievedDebugv
                0x000001da       0x3e RecievedUART/RecievedDebug.o
 .progmem.gcc_sw_table._Z18Read_ETAS_registerh
                0x00000218       0x18 RecievedUART/RegisterSensors.o
 .progmem.gcc_sw_table._Z16DefinitionSensorhh
                0x00000230       0x18 Sensors.o
 .progmem.gcc_sw_table.turnOffPWM
                0x00000248       0x24 C:\Green Box\Firmware\Main controller\CleverBox_ver3.4.7\CleverBox\ArduinoCore\Debug\libArduinoCore.a(wiring_digital.o)
                0x0000026c                . = ALIGN (0x2)
                0x0000026c                __trampolines_start = .
 *(.trampolines)
 .trampolines   0x0000026c        0x0 linker stubs
 *(.trampolines*)
                0x0000026c                __trampolines_end = .
 *libprintf_flt.a:*(.progmem.data)
 *libc.a:*(.progmem.data)
 .progmem.data  0x0000026c       0xfa c:/program files (x86)/atmel/studio/7.0/toolchain/avr8/avr8-gnu-toolchain/bin/../lib/gcc/avr/5.4.0/../../../../avr/lib/avr6\libc.a(ftoa_engine.o)
 *(.progmem*)
 .progmem.data._ZZ12ConfigSensorhE3__c_0
                0x00000366        0x5 ConfigSensors.o
 .progmem.data._ZZ12ConfigSensorhE3__c
                0x0000036b       0x16 ConfigSensors.o
 .progmem.data._ZZ20InitializingMAX44009hhE3__c_1
                0x00000381        0x8 ConfigSensors.o
 .progmem.data._ZZ20InitializingMAX44009hhE3__c_0
                0x00000389        0x8 ConfigSensors.o
 .progmem.data._ZZ20InitializingMAX44009hhE3__c
                0x00000391       0x18 ConfigSensors.o
 .progmem.data._ZZ18InitializingBH1750hhE3__c_4
                0x000003a9        0x6 ConfigSensors.o
 .progmem.data._ZZ18InitializingBH1750hhE3__c_3
                0x000003af        0x5 ConfigSensors.o
 .progmem.data._ZZ18InitializingBH1750hhE3__c_2
                0x000003b4       0x1d ConfigSensors.o
 .progmem.data._ZZ18InitializingBH1750hhE3__c_1
                0x000003d1        0x6 ConfigSensors.o
 .progmem.data._ZZ18InitializingBH1750hhE3__c_0
                0x000003d7        0x5 ConfigSensors.o
 .progmem.data._ZZ18InitializingBH1750hhE3__c
                0x000003dc       0x1d ConfigSensors.o
 .progmem.data._ZZ19InitializingTSL2561hhE3__c_4
                0x000003f9        0x6 ConfigSensors.o
 .progmem.data._ZZ19InitializingTSL2561hhE3__c_3
                0x000003ff        0x5 ConfigSensors.o
 .progmem.data._ZZ19InitializingTSL2561hhE3__c_2
                0x00000404        0xf ConfigSensors.o
 .progmem.data._ZZ19InitializingTSL2561hhE3__c_1
                0x00000413       0x1e ConfigSensors.o
 .progmem.data._ZZ19InitializingTSL2561hhE3__c_0
                0x00000431       0x1e ConfigSensors.o
 .progmem.data._ZZ19InitializingTSL2561hhE3__c
                0x0000044f       0x1e ConfigSensors.o
 .progmem.data._ZZ18InitializingINA219hhE3__c_0
                0x0000046d        0x5 ConfigSensors.o
 .progmem.data._ZZ18InitializingINA219hhE3__c
                0x00000472       0x18 ConfigSensors.o
 .progmem.data._ZZ18InitializingBMP280hhE3__c_2
                0x0000048a        0x6 ConfigSensors.o
 .progmem.data._ZZ18InitializingBMP280hhE3__c_1
                0x00000490        0x5 ConfigSensors.o
 .progmem.data._ZZ18InitializingBMP280hhE3__c_0
                0x00000495       0x1d ConfigSensors.o
 .progmem.data._ZZ18InitializingBMP280hhE3__c
                0x000004b2       0x1d ConfigSensors.o
 .progmem.data._ZZ18InitializingHTU21DhhE3__c_1
                0x000004cf        0x5 ConfigSensors.o
 .progmem.data._ZZ18InitializingHTU21DhhE3__c_0
                0x000004d4       0x30 ConfigSensors.o
 .progmem.data._ZZ18InitializingHTU21DhhE3__c
                0x00000504       0x18 ConfigSensors.o
 .progmem.data._ZZ18InitializingBME280hhE3__c_2
                0x0000051c        0x6 ConfigSensors.o
 .progmem.data._ZZ18InitializingBME280hhE3__c_1
                0x00000522        0x5 ConfigSensors.o
 .progmem.data._ZZ18InitializingBME280hhE3__c_0
                0x00000527       0x1d ConfigSensors.o
 .progmem.data._ZZ18InitializingBME280hhE3__c
                0x00000544       0x1d ConfigSensors.o
 .progmem.data._ZZ19InitializingDS18B20hhE3__c_0
                0x00000561        0x5 ConfigSensors.o
 .progmem.data._ZZ19InitializingDS18B20hhE3__c
                0x00000566       0x19 ConfigSensors.o
 .progmem.data._ZZ11DigitalPorthhhE3__c_23
                0x0000057f       0x14 DigitalPorts.o
 .progmem.data._ZZ11DigitalPorthhhE3__c_22
                0x00000593        0xa DigitalPorts.o
 .progmem.data._ZZ11DigitalPorthhhE3__c_21
                0x0000059d        0xa DigitalPorts.o
 .progmem.data._ZZ11DigitalPorthhhE3__c_20
                0x000005a7        0xa DigitalPorts.o
 .progmem.data._ZZ11DigitalPorthhhE3__c_19
                0x000005b1        0xa DigitalPorts.o
 .progmem.data._ZZ11DigitalPorthhhE3__c_18
                0x000005bb        0xa DigitalPorts.o
 .progmem.data._ZZ11DigitalPorthhhE3__c_17
                0x000005c5        0x7 DigitalPorts.o
 .progmem.data._ZZ11DigitalPorthhhE3__c_16
                0x000005cc        0x7 DigitalPorts.o
 .progmem.data._ZZ11DigitalPorthhhE3__c_15
                0x000005d3        0x7 DigitalPorts.o
 .progmem.data._ZZ11DigitalPorthhhE3__c_14
                0x000005da        0x7 DigitalPorts.o
 .progmem.data._ZZ11DigitalPorthhhE3__c_13
                0x000005e1        0x7 DigitalPorts.o
 .progmem.data._ZZ11DigitalPorthhhE3__c_12
                0x000005e8        0x7 DigitalPorts.o
 .progmem.data._ZZ11DigitalPorthhhE3__c_11
                0x000005ef        0x7 DigitalPorts.o
 .progmem.data._ZZ11DigitalPorthhhE3__c_10
                0x000005f6        0x7 DigitalPorts.o
 .progmem.data._ZZ11DigitalPorthhhE3__c_9
                0x000005fd       0x10 DigitalPorts.o
 .progmem.data._ZZ11DigitalPorthhhE3__c_8
                0x0000060d       0x15 DigitalPorts.o
 .progmem.data._ZZ11DigitalPorthhhE3__c_7
                0x00000622        0xa DigitalPorts.o
 .progmem.data._ZZ11DigitalPorthhhE3__c_6
                0x0000062c        0xa DigitalPorts.o
 .progmem.data._ZZ11DigitalPorthhhE3__c_5
                0x00000636        0xa DigitalPorts.o
 .progmem.data._ZZ11DigitalPorthhhE3__c_4
                0x00000640        0xa DigitalPorts.o
 .progmem.data._ZZ11DigitalPorthhhE3__c_3
                0x0000064a        0xa DigitalPorts.o
 .progmem.data._ZZ11DigitalPorthhhE3__c_2
                0x00000654        0xa DigitalPorts.o
 .progmem.data._ZZ11DigitalPorthhhE3__c_1
                0x0000065e        0xa DigitalPorts.o
 .progmem.data._ZZ11DigitalPorthhhE3__c_0
                0x00000668        0xa DigitalPorts.o
 .progmem.data._ZZ11DigitalPorthhhE3__c
                0x00000672        0xa DigitalPorts.o
 .progmem.data._ZZ25ViewNameInputDigitalPortshE3__c_8
                0x0000067c        0xb DigitalPorts.o
 .progmem.data._ZZ25ViewNameInputDigitalPortshE3__c_7
                0x00000687       0x14 DigitalPorts.o
 .progmem.data._ZZ25ViewNameInputDigitalPortshE3__c_6
                0x0000069b       0x14 DigitalPorts.o
 .progmem.data._ZZ25ViewNameInputDigitalPortshE3__c_5
                0x000006af       0x14 DigitalPorts.o
 .progmem.data._ZZ25ViewNameInputDigitalPortshE3__c_4
                0x000006c3       0x14 DigitalPorts.o
 .progmem.data._ZZ25ViewNameInputDigitalPortshE3__c_3
                0x000006d7       0x14 DigitalPorts.o
 .progmem.data._ZZ25ViewNameInputDigitalPortshE3__c_2
                0x000006eb       0x14 DigitalPorts.o
 .progmem.data._ZZ25ViewNameInputDigitalPortshE3__c_1
                0x000006ff       0x14 DigitalPorts.o
 .progmem.data._ZZ25ViewNameInputDigitalPortshE3__c_0
                0x00000713       0x14 DigitalPorts.o
 .progmem.data._ZZ25ViewNameInputDigitalPortshE3__c
                0x00000727       0x14 DigitalPorts.o
 .progmem.data._ZZ18ViewStateAllSwitchvE3__c
                0x0000073b        0x2 DigitalPorts.o
 .progmem.data._ZZ11cleanEEPROMhE3__c_4
                0x0000073d       0x10 EEPROM_ADR.o
 .progmem.data._ZZ11cleanEEPROMhE3__c_3
                0x0000074d       0x27 EEPROM_ADR.o
 .progmem.data._ZZ11cleanEEPROMhE3__c_2
                0x00000774       0x29 EEPROM_ADR.o
 .progmem.data._ZZ11cleanEEPROMhE3__c_1
                0x0000079d       0x24 EEPROM_ADR.o
 .progmem.data._ZZ11cleanEEPROMhE3__c_0
                0x000007c1       0x26 EEPROM_ADR.o
 .progmem.data._ZZ11cleanEEPROMhE3__c
                0x000007e7       0x1b EEPROM_ADR.o
 .progmem.data._ZZ15RunStepperMotorhihE3__c_14
                0x00000802       0x27 ExecModules.o
 .progmem.data._ZZ15RunStepperMotorhihE3__c_13
                0x00000829       0x35 ExecModules.o
 .progmem.data._ZZ15RunStepperMotorhihE3__c_12
                0x0000085e       0x28 ExecModules.o
 .progmem.data._ZZ15RunStepperMotorhihE3__c_11
                0x00000886       0x2c ExecModules.o
 .progmem.data._ZZ15RunStepperMotorhihE3__c_10
                0x000008b2       0x28 ExecModules.o
 .progmem.data._ZZ15RunStepperMotorhihE3__c_9
                0x000008da       0x2d ExecModules.o
 .progmem.data._ZZ15RunStepperMotorhihE3__c_8
                0x00000907        0x3 ExecModules.o
 .progmem.data._ZZ15RunStepperMotorhihE3__c_7
                0x0000090a       0x12 ExecModules.o
 .progmem.data._ZZ15RunStepperMotorhihE3__c_6
                0x0000091c        0xf ExecModules.o
 .progmem.data._ZZ15RunStepperMotorhihE3__c_5
                0x0000092b        0xf ExecModules.o
 .progmem.data._ZZ15RunStepperMotorhihE3__c_4
                0x0000093a       0x28 ExecModules.o
 .progmem.data._ZZ15RunStepperMotorhihE3__c_3
                0x00000962        0x4 ExecModules.o
 .progmem.data._ZZ15RunStepperMotorhihE3__c_2
                0x00000966       0x15 ExecModules.o
 .progmem.data._ZZ15RunStepperMotorhihE3__c_1
                0x0000097b        0x4 ExecModules.o
 .progmem.data._ZZ15RunStepperMotorhihE3__c_0
                0x0000097f       0x18 ExecModules.o
 .progmem.data._ZZ15RunStepperMotorhihE3__c
                0x00000997        0x2 ExecModules.o
 .progmem.data._ZZ15ViewStateSwitchhE3__c_1
                0x00000999        0x1 ExecModules.o
 .progmem.data._ZZ15ViewStateSwitchhE3__c_0
                0x0000099a        0x3 ExecModules.o
 .progmem.data._ZZ15ViewStateSwitchhE3__c
                0x0000099d        0x4 ExecModules.o
 .progmem.data._ZZ13RunServoMotorhhE3__c_8
                0x000009a1       0x22 ExecModules.o
 .progmem.data._ZZ13RunServoMotorhhE3__c_7
                0x000009c3       0x20 ExecModules.o
 .progmem.data._ZZ13RunServoMotorhhE3__c_6
                0x000009e3       0x1f ExecModules.o
 .progmem.data._ZZ13RunServoMotorhhE3__c_5
                0x00000a02       0x1f ExecModules.o
 .progmem.data._ZZ13RunServoMotorhhE3__c_4
                0x00000a21       0x20 ExecModules.o
 .progmem.data._ZZ13RunServoMotorhhE3__c_3
                0x00000a41        0x2 ExecModules.o
 .progmem.data._ZZ13RunServoMotorhhE3__c_2
                0x00000a43       0x13 ExecModules.o
 .progmem.data._ZZ13RunServoMotorhhE3__c_1
                0x00000a56        0x2 ExecModules.o
 .progmem.data._ZZ13RunServoMotorhhE3__c_0
                0x00000a58        0x3 ExecModules.o
 .progmem.data._ZZ13RunServoMotorhhE3__c
                0x00000a5b       0x1e ExecModules.o
 .progmem.data._ZZ12RunPWMonPorthiE3__c_1
                0x00000a79        0x2 ExecModules.o
 .progmem.data._ZZ12RunPWMonPorthiE3__c_0
                0x00000a7b       0x11 ExecModules.o
 .progmem.data._ZZ12RunPWMonPorthiE3__c
                0x00000a8c       0x18 ExecModules.o
 .progmem.data._ZZ10serial3ISRvE3__c_2
                0x00000aa4        0xa GSM.o
 .progmem.data._ZZ10serial3ISRvE3__c_1
                0x00000aae        0x5 GSM.o
 .progmem.data._ZZ10serial3ISRvE3__c_0
                0x00000ab3        0x5 GSM.o
 .progmem.data._ZZ10serial3ISRvE3__c
                0x00000ab8        0xc GSM.o
 .progmem.data._ZZ9MasterSMSvE3__c_15
                0x00000ac4        0xa GSM.o
 .progmem.data._ZZ9MasterSMSvE3__c_16
                0x00000ace        0x3 GSM.o
 .progmem.data._ZZ9MasterSMSvE3__c_17
                0x00000ad1        0xc GSM.o
 .progmem.data._ZZ9MasterSMSvE3__c_14
                0x00000add        0x5 GSM.o
 .progmem.data._ZZ9MasterSMSvE3__c_6
                0x00000ae2        0xb GSM.o
 .progmem.data._ZZ9MasterSMSvE3__c_7
                0x00000aed        0x3 GSM.o
 .progmem.data._ZZ9MasterSMSvE3__c_8
                0x00000af0        0xa GSM.o
 .progmem.data._ZZ9MasterSMSvE3__c_9
                0x00000afa        0x3 GSM.o
 .progmem.data._ZZ9MasterSMSvE3__c_10
                0x00000afd        0xc GSM.o
 .progmem.data._ZZ9MasterSMSvE3__c_11
                0x00000b09        0xc GSM.o
 .progmem.data._ZZ9MasterSMSvE3__c_12
                0x00000b15        0xd GSM.o
 .progmem.data._ZZ9MasterSMSvE3__c_13
                0x00000b22        0x6 GSM.o
 .progmem.data._ZZ9MasterSMSvE3__c_5
                0x00000b28        0x7 GSM.o
 .progmem.data._ZZ9MasterSMSvE3__c_4
                0x00000b2f        0x8 GSM.o
 .progmem.data._ZZ9MasterSMSvE3__c_3
                0x00000b37       0x1e GSM.o
 .progmem.data._ZZ9MasterSMSvE3__c_2
                0x00000b55       0x13 GSM.o
 .progmem.data._ZZ9MasterSMSvE3__c_1
                0x00000b68       0x13 GSM.o
 .progmem.data._ZZ9MasterSMSvE3__c_0
                0x00000b7b        0xd GSM.o
 .progmem.data._ZZ9MasterSMSvE3__c
                0x00000b88        0xd GSM.o
 .progmem.data._ZZ8clearsmsvE3__c
                0x00000b95        0xa GSM.o
 .progmem.data._ZZ11SendGETGPRS6StringE3__c_6
                0x00000b9f       0x29 GSM.o
 .progmem.data._ZZ11SendGETGPRS6StringE3__c_5
                0x00000bc8       0x29 GSM.o
 .progmem.data._ZZ11SendGETGPRS6StringE3__c_4
                0x00000bf1       0x33 GSM.o
 .progmem.data._ZZ11SendGETGPRS6StringE3__c_3
                0x00000c24        0xc GSM.o
 .progmem.data._ZZ11SendGETGPRS6StringE3__c_2
                0x00000c30       0x10 GSM.o
 .progmem.data._ZZ11SendGETGPRS6StringE3__c_1
                0x00000c40       0x10 GSM.o
 .progmem.data._ZZ11SendGETGPRS6StringE3__c_0
                0x00000c50       0x14 GSM.o
 .progmem.data._ZZ11SendGETGPRS6StringE3__c
                0x00000c64        0xc GSM.o
 .progmem.data._ZZ20CheckRegistrationGSMbE3__c_2
                0x00000c70       0x41 GSM.o
 .progmem.data._ZZ20CheckRegistrationGSMbE3__c_1
                0x00000cb1       0x3c GSM.o
 .progmem.data._ZZ20CheckRegistrationGSMbE3__c_0
                0x00000ced        0x9 GSM.o
 .progmem.data._ZZ20CheckRegistrationGSMbE3__c
                0x00000cf6       0x2a GSM.o
 .progmem.data._ZZ15InitializingGSMvE3__c_11
                0x00000d20       0x3a GSM.o
 .progmem.data._ZZ15InitializingGSMvE3__c_10
                0x00000d5a        0xb GSM.o
 .progmem.data._ZZ15InitializingGSMvE3__c_9
                0x00000d65       0x1b GSM.o
 .progmem.data._ZZ15InitializingGSMvE3__c_8
                0x00000d80       0x29 GSM.o
 .progmem.data._ZZ15InitializingGSMvE3__c_7
                0x00000da9       0x1e GSM.o
 .progmem.data._ZZ15InitializingGSMvE3__c_6
                0x00000dc7       0x13 GSM.o
 .progmem.data._ZZ15InitializingGSMvE3__c_5
                0x00000dda       0x43 GSM.o
 .progmem.data._ZZ15InitializingGSMvE3__c_4
                0x00000e1d        0xc GSM.o
 .progmem.data._ZZ15InitializingGSMvE3__c_3
                0x00000e29        0xe GSM.o
 .progmem.data._ZZ15InitializingGSMvE3__c_2
                0x00000e37        0xa GSM.o
 .progmem.data._ZZ15InitializingGSMvE3__c_1
                0x00000e41        0xa GSM.o
 .progmem.data._ZZ15InitializingGSMvE3__c_0
                0x00000e4b       0x11 GSM.o
 .progmem.data._ZZ15InitializingGSMvE3__c
                0x00000e5c        0x5 GSM.o
 .progmem.data._ZZ16InitializingGPRSvE3__c_6
                0x00000e61       0x3a GSM.o
 .progmem.data._ZZ16InitializingGPRSvE3__c_5
                0x00000e9b       0x3c GSM.o
 .progmem.data._ZZ16InitializingGPRSvE3__c_4
                0x00000ed7        0xd GSM.o
 .progmem.data._ZZ16InitializingGPRSvE3__c_3
                0x00000ee4        0xc GSM.o
 .progmem.data._ZZ16InitializingGPRSvE3__c_2
                0x00000ef0       0x1d GSM.o
 .progmem.data._ZZ16InitializingGPRSvE3__c_1
                0x00000f0d       0x1e GSM.o
 .progmem.data._ZZ16InitializingGPRSvE3__c_0
                0x00000f2b       0x29 GSM.o
 .progmem.data._ZZ16InitializingGPRSvE3__c
                0x00000f54       0x1e GSM.o
 .progmem.data._ZL12AllowPhone_3
                0x00000f72        0xc GSM.o
 .progmem.data._ZL12AllowPhone_2
                0x00000f7e        0xc GSM.o
 .progmem.data._ZL12AllowPhone_1
                0x00000f8a        0xc GSM.o
 .progmem.data._ZL12AllowPhone_0
                0x00000f96        0xc GSM.o
 .progmem.data._ZZ10WindowMenuhhE3__c_22
                0x00000fa2        0x3 LCDdisplay.o
 .progmem.data._ZZ10WindowMenuhhE3__c_21
                0x00000fa5        0x3 LCDdisplay.o
 .progmem.data._ZZ10WindowMenuhhE3__c_20
                0x00000fa8        0x3 LCDdisplay.o
 .progmem.data._ZZ10WindowMenuhhE3__c_19
                0x00000fab        0x1 LCDdisplay.o
 .progmem.data._ZZ10WindowMenuhhE3__c_18
                0x00000fac       0x11 LCDdisplay.o
 .progmem.data._ZZ10WindowMenuhhE3__c_17
                0x00000fbd        0x5 LCDdisplay.o
 .progmem.data._ZZ10WindowMenuhhE3__c_16
                0x00000fc2        0x3 LCDdisplay.o
 .progmem.data._ZZ10WindowMenuhhE3__c_15
                0x00000fc5        0x3 LCDdisplay.o
 .progmem.data._ZZ10WindowMenuhhE3__c_14
                0x00000fc8        0x5 LCDdisplay.o
 .progmem.data._ZZ10WindowMenuhhE3__c_13
                0x00000fcd       0x11 LCDdisplay.o
 .progmem.data._ZZ10WindowMenuhhE3__c_12
                0x00000fde        0x6 LCDdisplay.o
 .progmem.data._ZZ10WindowMenuhhE3__c_11
                0x00000fe4        0x2 LCDdisplay.o
 .progmem.data._ZZ10WindowMenuhhE3__c_10
                0x00000fe6        0x6 LCDdisplay.o
 .progmem.data._ZZ10WindowMenuhhE3__c_9
                0x00000fec       0x11 LCDdisplay.o
 .progmem.data._ZZ10WindowMenuhhE3__c_8
                0x00000ffd        0x2 LCDdisplay.o
 .progmem.data._ZZ10WindowMenuhhE3__c_7
                0x00000fff        0x4 LCDdisplay.o
 .progmem.data._ZZ10WindowMenuhhE3__c_6
                0x00001003       0x11 LCDdisplay.o
 .progmem.data._ZZ10WindowMenuhhE3__c_5
                0x00001014        0x2 LCDdisplay.o
 .progmem.data._ZZ10WindowMenuhhE3__c_4
                0x00001016        0x2 LCDdisplay.o
 .progmem.data._ZZ10WindowMenuhhE3__c_3
                0x00001018       0x11 LCDdisplay.o
 .progmem.data._ZZ10WindowMenuhhE3__c_2
                0x00001029        0x7 LCDdisplay.o
 .progmem.data._ZZ10WindowMenuhhE3__c_1
                0x00001030       0x11 LCDdisplay.o
 .progmem.data._ZZ10WindowMenuhhE3__c_0
                0x00001041        0xa LCDdisplay.o
 .progmem.data._ZZ10WindowMenuhhE3__c
                0x0000104b       0x11 LCDdisplay.o
 .progmem.data._ZZN6BH175014readLightLevelEbE3__c
                0x0000105c       0x23 lib/BH1750.o
 .progmem.data._ZZN6BH17508setMTregEhE3__c_4
                0x0000107f       0x20 lib/BH1750.o
 .progmem.data._ZZN6BH17508setMTregEhE3__c_3
                0x0000109f       0x1c lib/BH1750.o
 .progmem.data._ZZN6BH17508setMTregEhE3__c_2
                0x000010bb       0x32 lib/BH1750.o
 .progmem.data._ZZN6BH17508setMTregEhE3__c_1
                0x000010ed       0x35 lib/BH1750.o
 .progmem.data._ZZN6BH17508setMTregEhE3__c_0
                0x00001122       0x2d lib/BH1750.o
 .progmem.data._ZZN6BH17508setMTregEhE3__c
                0x0000114f       0x23 lib/BH1750.o
 .progmem.data._ZZN6BH17509configureENS_4ModeEE3__c_4
                0x00001172       0x20 lib/BH1750.o
 .progmem.data._ZZN6BH17509configureENS_4ModeEE3__c_3
                0x00001192       0x1c lib/BH1750.o
 .progmem.data._ZZN6BH17509configureENS_4ModeEE3__c_2
                0x000011ae       0x32 lib/BH1750.o
 .progmem.data._ZZN6BH17509configureENS_4ModeEE3__c_1
                0x000011e0       0x35 lib/BH1750.o
 .progmem.data._ZZN6BH17509configureENS_4ModeEE3__c_0
                0x00001215       0x2d lib/BH1750.o
 .progmem.data._ZZN6BH17509configureENS_4ModeEE3__c
                0x00001242       0x1d lib/BH1750.o
 .progmem.data._ZL11dscrc_table
                0x0000125f      0x100 lib/OneWire.o
 .progmem.data._ZZN6SdFile10make83NameEPKcPhE3__c
                0x0000135f       0x10 lib/SdFile.o
 .progmem.data._ZZ13TermostatFunchE3__c_2
                0x0000136f       0x14 main.o
 .progmem.data._ZZ13TermostatFunchE3__c_1
                0x00001383       0x19 main.o
 .progmem.data._ZZ13TermostatFunchE3__c_0
                0x0000139c        0x2 main.o
 .progmem.data._ZZ13TermostatFunchE3__c
                0x0000139e       0x36 main.o
 .progmem.data._ZZ16ValidDataSensorshE3__c_0
                0x000013d4       0x36 main.o
 .progmem.data._ZZ16ValidDataSensorshE3__c
                0x0000140a       0x43 main.o
 .progmem.data._ZZ18WorkThermostatModehE3__c_39
                0x0000144d       0x47 main.o
 .progmem.data._ZZ18WorkThermostatModehE3__c_37
                0x00001494       0x14 main.o
 .progmem.data._ZZ18WorkThermostatModehE3__c_38
                0x000014a8       0x18 main.o
 .progmem.data._ZZ18WorkThermostatModehE3__c_35
                0x000014c0       0x14 main.o
 .progmem.data._ZZ18WorkThermostatModehE3__c_36
                0x000014d4       0x17 main.o
 .progmem.data._ZZ18WorkThermostatModehE3__c_34
                0x000014eb       0x3d main.o
 .progmem.data._ZZ18WorkThermostatModehE3__c_33
                0x00001528        0x2 main.o
 .progmem.data._ZZ18WorkThermostatModehE3__c_32
                0x0000152a       0x10 main.o
 .progmem.data._ZZ18WorkThermostatModehE3__c_31
                0x0000153a        0x5 main.o
 .progmem.data._ZZ18WorkThermostatModehE3__c_30
                0x0000153f       0x13 main.o
 .progmem.data._ZZ18WorkThermostatModehE3__c_29
                0x00001552        0x2 main.o
 .progmem.data._ZZ18WorkThermostatModehE3__c_28
                0x00001554       0x10 main.o
 .progmem.data._ZZ18WorkThermostatModehE3__c_27
                0x00001564        0x5 main.o
 .progmem.data._ZZ18WorkThermostatModehE3__c_26
                0x00001569       0x14 main.o
 .progmem.data._ZZ18WorkThermostatModehE3__c_25
                0x0000157d        0x2 main.o
 .progmem.data._ZZ18WorkThermostatModehE3__c_24
                0x0000157f       0x10 main.o
 .progmem.data._ZZ18WorkThermostatModehE3__c_23
                0x0000158f        0x5 main.o
 .progmem.data._ZZ18WorkThermostatModehE3__c_22
                0x00001594       0x14 main.o
 .progmem.data._ZZ18WorkThermostatModehE3__c_21
                0x000015a8        0x2 main.o
 .progmem.data._ZZ18WorkThermostatModehE3__c_20
                0x000015aa       0x10 main.o
 .progmem.data._ZZ18WorkThermostatModehE3__c_19
                0x000015ba        0x5 main.o
 .progmem.data._ZZ18WorkThermostatModehE3__c_18
                0x000015bf       0x14 main.o
 .progmem.data._ZZ18WorkThermostatModehE3__c_17
                0x000015d3        0x2 main.o
 .progmem.data._ZZ18WorkThermostatModehE3__c_16
                0x000015d5       0x14 main.o
 .progmem.data._ZZ18WorkThermostatModehE3__c_15
                0x000015e9       0x10 main.o
 .progmem.data._ZZ18WorkThermostatModehE3__c_14
                0x000015f9        0x2 main.o
 .progmem.data._ZZ18WorkThermostatModehE3__c_13
                0x000015fb       0x14 main.o
 .progmem.data._ZZ18WorkThermostatModehE3__c_12
                0x0000160f       0x10 main.o
 .progmem.data._ZZ18WorkThermostatModehE3__c_11
                0x0000161f       0x20 main.o
 .progmem.data._ZZ18WorkThermostatModehE3__c_10
                0x0000163f       0x1b main.o
 .progmem.data._ZZ18WorkThermostatModehE3__c_9
                0x0000165a       0x1d main.o
 .progmem.data._ZZ18WorkThermostatModehE3__c_8
                0x00001677        0x2 main.o
 .progmem.data._ZZ18WorkThermostatModehE3__c_7
                0x00001679       0x14 main.o
 .progmem.data._ZZ18WorkThermostatModehE3__c_6
                0x0000168d        0x8 main.o
 .progmem.data._ZZ18WorkThermostatModehE3__c_5
                0x00001695        0x5 main.o
 .progmem.data._ZZ18WorkThermostatModehE3__c_4
                0x0000169a       0x18 main.o
 .progmem.data._ZZ18WorkThermostatModehE3__c_3
                0x000016b2       0x19 main.o
 .progmem.data._ZZ18WorkThermostatModehE3__c_2
                0x000016cb       0x13 main.o
 .progmem.data._ZZ18WorkThermostatModehE3__c_1
                0x000016de       0x18 main.o
 .progmem.data._ZZ18WorkThermostatModehE3__c_0
                0x000016f6       0x18 main.o
 .progmem.data._ZZ18WorkThermostatModehE3__c
                0x0000170e       0x1f main.o
 .progmem.data._ZZ11ExecModuleshhE3__c_12
                0x0000172d       0x2f main.o
 .progmem.data._ZZ11ExecModuleshhE3__c_11
                0x0000175c       0x5b main.o
 .progmem.data._ZZ11ExecModuleshhE3__c_10
                0x000017b7        0x6 main.o
 .progmem.data._ZZ11ExecModuleshhE3__c_9
                0x000017bd        0x7 main.o
 .progmem.data._ZZ11ExecModuleshhE3__c_8
                0x000017c4       0x10 main.o
 .progmem.data._ZZ11ExecModuleshhE3__c_7
                0x000017d4       0x1e main.o
 .progmem.data._ZZ11ExecModuleshhE3__c_6
                0x000017f2       0x1c main.o
 .progmem.data._ZZ11ExecModuleshhE3__c_5
                0x0000180e       0x17 main.o
 .progmem.data._ZZ11ExecModuleshhE3__c_4
                0x00001825       0x1c main.o
 .progmem.data._ZZ11ExecModuleshhE3__c_3
                0x00001841       0x35 main.o
 .progmem.data._ZZ11ExecModuleshhE3__c_2
                0x00001876       0x15 main.o
 .progmem.data._ZZ11ExecModuleshhE3__c_1
                0x0000188b       0x1c main.o
 .progmem.data._ZZ11ExecModuleshhE3__c_0
                0x000018a7       0x20 main.o
 .progmem.data._ZZ11ExecModuleshhE3__c
                0x000018c7       0x1c main.o
 .progmem.data._ZZ13TimeIntervalsvE3__c_22
                0x000018e3       0x30 main.o
 .progmem.data._ZZ13TimeIntervalsvE3__c_21
                0x00001913       0x4f main.o
 .progmem.data._ZZ13TimeIntervalsvE3__c_20
                0x00001962       0x30 main.o
 .progmem.data._ZZ13TimeIntervalsvE3__c_19
                0x00001992       0x20 main.o
 .progmem.data._ZZ13TimeIntervalsvE3__c_18
                0x000019b2        0x1 main.o
 .progmem.data._ZZ13TimeIntervalsvE3__c_0
                0x000019b3        0x6 main.o
 .progmem.data._ZZ13TimeIntervalsvE3__c_1
                0x000019b9        0x6 main.o
 .progmem.data._ZZ13TimeIntervalsvE3__c_2
                0x000019bf        0x6 main.o
 .progmem.data._ZZ13TimeIntervalsvE3__c_3
                0x000019c5        0x6 main.o
 .progmem.data._ZZ13TimeIntervalsvE3__c_4
                0x000019cb        0x6 main.o
 .progmem.data._ZZ13TimeIntervalsvE3__c_5
                0x000019d1        0x6 main.o
 .progmem.data._ZZ13TimeIntervalsvE3__c_6
                0x000019d7        0x6 main.o
 .progmem.data._ZZ13TimeIntervalsvE3__c_7
                0x000019dd        0x6 main.o
 .progmem.data._ZZ13TimeIntervalsvE3__c_8
                0x000019e3        0x6 main.o
 .progmem.data._ZZ13TimeIntervalsvE3__c_9
                0x000019e9        0x7 main.o
 .progmem.data._ZZ13TimeIntervalsvE3__c_10
                0x000019f0        0x7 main.o
 .progmem.data._ZZ13TimeIntervalsvE3__c_11
                0x000019f7        0x7 main.o
 .progmem.data._ZZ13TimeIntervalsvE3__c_12
                0x000019fe        0x7 main.o
 .progmem.data._ZZ13TimeIntervalsvE3__c_13
                0x00001a05        0x7 main.o
 .progmem.data._ZZ13TimeIntervalsvE3__c_14
                0x00001a0c        0x7 main.o
 .progmem.data._ZZ13TimeIntervalsvE3__c_15
                0x00001a13        0x7 main.o
 .progmem.data._ZZ13TimeIntervalsvE3__c_16
                0x00001a1a        0x6 main.o
 .progmem.data._ZZ13TimeIntervalsvE3__c_17
                0x00001a20        0x2 main.o
 .progmem.data._ZZ13TimeIntervalsvE3__c
                0x00001a22       0x26 main.o
 .progmem.data._ZZ26ArchiveRestoreSaveWordDatahE3__c_1
                0x00001a48        0x3 main.o
 .progmem.data._ZZ26ArchiveRestoreSaveWordDatahE3__c_0
                0x00001a4b       0x56 main.o
 .progmem.data._ZZ26ArchiveRestoreSaveWordDatahE3__c
                0x00001aa1       0x6d main.o
 .progmem.data._ZZ24ProcessingDataFromSerialvE3__c_5
                0x00001b0e       0x3d ParsingDataOnSerial.o
 .progmem.data._ZZ24ProcessingDataFromSerialvE3__c_4
                0x00001b4b       0x46 ParsingDataOnSerial.o
 .progmem.data._ZZ24ProcessingDataFromSerialvE3__c_3
                0x00001b91        0x3 ParsingDataOnSerial.o
 .progmem.data._ZZ24ProcessingDataFromSerialvE3__c_2
                0x00001b94        0x3 ParsingDataOnSerial.o
 .progmem.data._ZZ24ProcessingDataFromSerialvE3__c_1
                0x00001b97       0x3d ParsingDataOnSerial.o
 .progmem.data._ZZ24ProcessingDataFromSerialvE3__c_0
                0x00001bd4       0x3b ParsingDataOnSerial.o
 .progmem.data._ZZ24ProcessingDataFromSerialvE3__c
                0x00001c0f        0x4 ParsingDataOnSerial.o
 .progmem.data._ZZ24RecievedConfigControllervE3__c_70
                0x00001c13        0x2 RecievedUART/RecievedConfigController.o
 .progmem.data._ZZ24RecievedConfigControllervE3__c_69
                0x00001c15        0x2 RecievedUART/RecievedConfigController.o
 .progmem.data._ZZ24RecievedConfigControllervE3__c_68
                0x00001c17        0x2 RecievedUART/RecievedConfigController.o
 .progmem.data._ZZ24RecievedConfigControllervE3__c_67
                0x00001c19        0x2 RecievedUART/RecievedConfigController.o
 .progmem.data._ZZ24RecievedConfigControllervE3__c_66
                0x00001c1b        0x2 RecievedUART/RecievedConfigController.o
 .progmem.data._ZZ24RecievedConfigControllervE3__c_65
                0x00001c1d        0x2 RecievedUART/RecievedConfigController.o
 .progmem.data._ZZ24RecievedConfigControllervE3__c_64
                0x00001c1f        0x2 RecievedUART/RecievedConfigController.o
 .progmem.data._ZZ24RecievedConfigControllervE3__c_63
                0x00001c21        0x2 RecievedUART/RecievedConfigController.o
 .progmem.data._ZZ24RecievedConfigControllervE3__c_62
                0x00001c23        0x2 RecievedUART/RecievedConfigController.o
 .progmem.data._ZZ24RecievedConfigControllervE3__c_61
                0x00001c25        0x2 RecievedUART/RecievedConfigController.o
 .progmem.data._ZZ24RecievedConfigControllervE3__c_60
                0x00001c27        0x2 RecievedUART/RecievedConfigController.o
 .progmem.data._ZZ24RecievedConfigControllervE3__c_59
                0x00001c29        0x2 RecievedUART/RecievedConfigController.o
 .progmem.data._ZZ24RecievedConfigControllervE3__c_58
                0x00001c2b        0x2 RecievedUART/RecievedConfigController.o
 .progmem.data._ZZ24RecievedConfigControllervE3__c_57
                0x00001c2d        0x2 RecievedUART/RecievedConfigController.o
 .progmem.data._ZZ24RecievedConfigControllervE3__c_56
                0x00001c2f        0x2 RecievedUART/RecievedConfigController.o
 .progmem.data._ZZ24RecievedConfigControllervE3__c_55
                0x00001c31        0x2 RecievedUART/RecievedConfigController.o
 .progmem.data._ZZ24RecievedConfigControllervE3__c_54
                0x00001c33        0x2 RecievedUART/RecievedConfigController.o
 .progmem.data._ZZ24RecievedConfigControllervE3__c_53
                0x00001c35        0x2 RecievedUART/RecievedConfigController.o
 .progmem.data._ZZ24RecievedConfigControllervE3__c_52
                0x00001c37        0x2 RecievedUART/RecievedConfigController.o
 .progmem.data._ZZ24RecievedConfigControllervE3__c_51
                0x00001c39        0x2 RecievedUART/RecievedConfigController.o
 .progmem.data._ZZ24RecievedConfigControllervE3__c_50
                0x00001c3b        0x2 RecievedUART/RecievedConfigController.o
 .progmem.data._ZZ24RecievedConfigControllervE3__c_49
                0x00001c3d        0x2 RecievedUART/RecievedConfigController.o
 .progmem.data._ZZ24RecievedConfigControllervE3__c_48
                0x00001c3f        0x2 RecievedUART/RecievedConfigController.o
 .progmem.data._ZZ24RecievedConfigControllervE3__c_47
                0x00001c41        0x5 RecievedUART/RecievedConfigController.o
 .progmem.data._ZZ24RecievedConfigControllervE3__c_46
                0x00001c46       0x29 RecievedUART/RecievedConfigController.o
 .progmem.data._ZZ24RecievedConfigControllervE3__c_45
                0x00001c6f        0x8 RecievedUART/RecievedConfigController.o
 .progmem.data._ZZ24RecievedConfigControllervE3__c_44
                0x00001c77       0x53 RecievedUART/RecievedConfigController.o
 .progmem.data._ZZ24RecievedConfigControllervE3__c_43
                0x00001cca        0x8 RecievedUART/RecievedConfigController.o
 .progmem.data._ZZ24RecievedConfigControllervE3__c_42
                0x00001cd2       0x1f RecievedUART/RecievedConfigController.o
 .progmem.data._ZZ24RecievedConfigControllervE3__c_41
                0x00001cf1        0x8 RecievedUART/RecievedConfigController.o
 .progmem.data._ZZ24RecievedConfigControllervE3__c_40
                0x00001cf9       0x38 RecievedUART/RecievedConfigController.o
 .progmem.data._ZZ24RecievedConfigControllervE3__c_39
                0x00001d31       0x2d RecievedUART/RecievedConfigController.o
 .progmem.data._ZZ24RecievedConfigControllervE3__c_38
                0x00001d5e       0x11 RecievedUART/RecievedConfigController.o
 .progmem.data._ZZ24RecievedConfigControllervE3__c_37
                0x00001d6f        0xf RecievedUART/RecievedConfigController.o
 .progmem.data._ZZ24RecievedConfigControllervE3__c_36
                0x00001d7e        0x8 RecievedUART/RecievedConfigController.o
 .progmem.data._ZZ24RecievedConfigControllervE3__c_35
                0x00001d86        0x7 RecievedUART/RecievedConfigController.o
 .progmem.data._ZZ24RecievedConfigControllervE3__c_34
                0x00001d8d       0x34 RecievedUART/RecievedConfigController.o
 .progmem.data._ZZ24RecievedConfigControllervE3__c_33
                0x00001dc1        0x7 RecievedUART/RecievedConfigController.o
 .progmem.data._ZZ24RecievedConfigControllervE3__c_32
                0x00001dc8       0x45 RecievedUART/RecievedConfigController.o
 .progmem.data._ZZ24RecievedConfigControllervE3__c_31
                0x00001e0d        0x7 RecievedUART/RecievedConfigController.o
 .progmem.data._ZZ24RecievedConfigControllervE3__c_30
                0x00001e14       0x3c RecievedUART/RecievedConfigController.o
 .progmem.data._ZZ24RecievedConfigControllervE3__c_29
                0x00001e50        0xf RecievedUART/RecievedConfigController.o
 .progmem.data._ZZ24RecievedConfigControllervE3__c_28
                0x00001e5f       0x11 RecievedUART/RecievedConfigController.o
 .progmem.data._ZZ24RecievedConfigControllervE3__c_27
                0x00001e70       0x13 RecievedUART/RecievedConfigController.o
 .progmem.data._ZZ24RecievedConfigControllervE3__c_26
                0x00001e83        0x6 RecievedUART/RecievedConfigController.o
 .progmem.data._ZZ24RecievedConfigControllervE3__c_25
                0x00001e89       0x27 RecievedUART/RecievedConfigController.o
 .progmem.data._ZZ24RecievedConfigControllervE3__c_24
                0x00001eb0       0x2b RecievedUART/RecievedConfigController.o
 .progmem.data._ZZ24RecievedConfigControllervE3__c_23
                0x00001edb       0x1c RecievedUART/RecievedConfigController.o
 .progmem.data._ZZ24RecievedConfigControllervE3__c_22
                0x00001ef7       0x19 RecievedUART/RecievedConfigController.o
 .progmem.data._ZZ24RecievedConfigControllervE3__c_21
                0x00001f10       0x13 RecievedUART/RecievedConfigController.o
 .progmem.data._ZZ24RecievedConfigControllervE3__c_20
                0x00001f23       0x13 RecievedUART/RecievedConfigController.o
 .progmem.data._ZZ24RecievedConfigControllervE3__c_19
                0x00001f36       0x22 RecievedUART/RecievedConfigController.o
 .progmem.data._ZZ24RecievedConfigControllervE3__c_18
                0x00001f58       0x2d RecievedUART/RecievedConfigController.o
 .progmem.data._ZZ24RecievedConfigControllervE3__c_17
                0x00001f85       0x15 RecievedUART/RecievedConfigController.o
 .progmem.data._ZZ24RecievedConfigControllervE3__c_16
                0x00001f9a        0x5 RecievedUART/RecievedConfigController.o
 .progmem.data._ZZ24RecievedConfigControllervE3__c_15
                0x00001f9f        0x7 RecievedUART/RecievedConfigController.o
 .progmem.data._ZZ24RecievedConfigControllervE3__c_14
                0x00001fa6       0x41 RecievedUART/RecievedConfigController.o
 .progmem.data._ZZ24RecievedConfigControllervE3__c_13
                0x00001fe7       0x4b RecievedUART/RecievedConfigController.o
 .progmem.data._ZZ24RecievedConfigControllervE3__c_12
                0x00002032       0x27 RecievedUART/RecievedConfigController.o
 .progmem.data._ZZ24RecievedConfigControllervE3__c_11
                0x00002059       0x36 RecievedUART/RecievedConfigController.o
 .progmem.data._ZZ24RecievedConfigControllervE3__c_10
                0x0000208f       0x20 RecievedUART/RecievedConfigController.o
 .progmem.data._ZZ24RecievedConfigControllervE3__c_9
                0x000020af       0x25 RecievedUART/RecievedConfigController.o
 .progmem.data._ZZ24RecievedConfigControllervE3__c_8
                0x000020d4       0x1c RecievedUART/RecievedConfigController.o
 .progmem.data._ZZ24RecievedConfigControllervE3__c_7
                0x000020f0       0x1c RecievedUART/RecievedConfigController.o
 .progmem.data._ZZ24RecievedConfigControllervE3__c_6
                0x0000210c       0x2c RecievedUART/RecievedConfigController.o
 .progmem.data._ZZ24RecievedConfigControllervE3__c_5
                0x00002138       0x1e RecievedUART/RecievedConfigController.o
 .progmem.data._ZZ24RecievedConfigControllervE3__c_4
                0x00002156        0x5 RecievedUART/RecievedConfigController.o
 .progmem.data._ZZ24RecievedConfigControllervE3__c_3
                0x0000215b        0x7 RecievedUART/RecievedConfigController.o
 .progmem.data._ZZ24RecievedConfigControllervE3__c_2
                0x00002162       0x3d RecievedUART/RecievedConfigController.o
 .progmem.data._ZZ24RecievedConfigControllervE3__c_1
                0x0000219f       0x2a RecievedUART/RecievedConfigController.o
 .progmem.data._ZZ24RecievedConfigControllervE3__c_0
                0x000021c9       0x40 RecievedUART/RecievedConfigController.o
 .progmem.data._ZZ24RecievedConfigControllervE3__c
                0x00002209       0x2c RecievedUART/RecievedConfigController.o
 .progmem.data._ZZ24RecievedConfigExecModulevE3__c_0
                0x00002235        0x3 RecievedUART/RecievedConfigModule.o
 .progmem.data._ZZ24RecievedConfigExecModulevE3__c
                0x00002238        0x3 RecievedUART/RecievedConfigModule.o
 .progmem.data._ZZ25WriteDataConfigExecModulevE3__c_0
                0x0000223b        0xd RecievedUART/RecievedConfigModule.o
 .progmem.data._ZZ25WriteDataConfigExecModulevE3__c
                0x00002248       0x19 RecievedUART/RecievedConfigModule.o
 .progmem.data._ZZ22SentConfigModuleExtAppvE3__c_16
                0x00002261        0x2 RecievedUART/RecievedConfigModule.o
 .progmem.data._ZZ22SentConfigModuleExtAppvE3__c_15
                0x00002263        0x2 RecievedUART/RecievedConfigModule.o
 .progmem.data._ZZ22SentConfigModuleExtAppvE3__c_14
                0x00002265        0x2 RecievedUART/RecievedConfigModule.o
 .progmem.data._ZZ22SentConfigModuleExtAppvE3__c_13
                0x00002267        0x2 RecievedUART/RecievedConfigModule.o
 .progmem.data._ZZ22SentConfigModuleExtAppvE3__c_12
                0x00002269        0x2 RecievedUART/RecievedConfigModule.o
 .progmem.data._ZZ22SentConfigModuleExtAppvE3__c_11
                0x0000226b        0x2 RecievedUART/RecievedConfigModule.o
 .progmem.data._ZZ22SentConfigModuleExtAppvE3__c_10
                0x0000226d        0x2 RecievedUART/RecievedConfigModule.o
 .progmem.data._ZZ22SentConfigModuleExtAppvE3__c_9
                0x0000226f        0x2 RecievedUART/RecievedConfigModule.o
 .progmem.data._ZZ22SentConfigModuleExtAppvE3__c_8
                0x00002271        0x2 RecievedUART/RecievedConfigModule.o
 .progmem.data._ZZ22SentConfigModuleExtAppvE3__c_7
                0x00002273        0x2 RecievedUART/RecievedConfigModule.o
 .progmem.data._ZZ22SentConfigModuleExtAppvE3__c_6
                0x00002275        0x2 RecievedUART/RecievedConfigModule.o
 .progmem.data._ZZ22SentConfigModuleExtAppvE3__c_5
                0x00002277        0x2 RecievedUART/RecievedConfigModule.o
 .progmem.data._ZZ22SentConfigModuleExtAppvE3__c_4
                0x00002279        0x2 RecievedUART/RecievedConfigModule.o
 .progmem.data._ZZ22SentConfigModuleExtAppvE3__c_3
                0x0000227b        0x2 RecievedUART/RecievedConfigModule.o
 .progmem.data._ZZ22SentConfigModuleExtAppvE3__c_2
                0x0000227d        0x2 RecievedUART/RecievedConfigModule.o
 .progmem.data._ZZ22SentConfigModuleExtAppvE3__c_1
                0x0000227f        0x2 RecievedUART/RecievedConfigModule.o
 .progmem.data._ZZ22SentConfigModuleExtAppvE3__c_0
                0x00002281        0x2 RecievedUART/RecievedConfigModule.o
 .progmem.data._ZZ22SentConfigModuleExtAppvE3__c
                0x00002283        0x2 RecievedUART/RecievedConfigModule.o
 .progmem.data._ZZ20SentConfigModuleUARTvE3__c_51
                0x00002285       0x24 RecievedUART/RecievedConfigModule.o
 .progmem.data._ZZ20SentConfigModuleUARTvE3__c_50
                0x000022a9        0xf RecievedUART/RecievedConfigModule.o
 .progmem.data._ZZ20SentConfigModuleUARTvE3__c_49
                0x000022b8        0xa RecievedUART/RecievedConfigModule.o
 .progmem.data._ZZ20SentConfigModuleUARTvE3__c_48
                0x000022c2       0x11 RecievedUART/RecievedConfigModule.o
 .progmem.data._ZZ20SentConfigModuleUARTvE3__c_47
                0x000022d3        0x1 RecievedUART/RecievedConfigModule.o
 .progmem.data._ZZ20SentConfigModuleUARTvE3__c_46
                0x000022d4       0x11 RecievedUART/RecievedConfigModule.o
 .progmem.data._ZZ20SentConfigModuleUARTvE3__c_45
                0x000022e5        0x1 RecievedUART/RecievedConfigModule.o
 .progmem.data._ZZ20SentConfigModuleUARTvE3__c_44
                0x000022e6       0x13 RecievedUART/RecievedConfigModule.o
 .progmem.data._ZZ20SentConfigModuleUARTvE3__c_43
                0x000022f9        0xd RecievedUART/RecievedConfigModule.o
 .progmem.data._ZZ20SentConfigModuleUARTvE3__c_42
                0x00002306       0x28 RecievedUART/RecievedConfigModule.o
 .progmem.data._ZZ20SentConfigModuleUARTvE3__c_41
                0x0000232e        0x1 RecievedUART/RecievedConfigModule.o
 .progmem.data._ZZ20SentConfigModuleUARTvE3__c_40
                0x0000232f        0xf RecievedUART/RecievedConfigModule.o
 .progmem.data._ZZ20SentConfigModuleUARTvE3__c_39
                0x0000233e        0xd RecievedUART/RecievedConfigModule.o
 .progmem.data._ZZ20SentConfigModuleUARTvE3__c_38
                0x0000234b        0x9 RecievedUART/RecievedConfigModule.o
 .progmem.data._ZZ20SentConfigModuleUARTvE3__c_37
                0x00002354        0x9 RecievedUART/RecievedConfigModule.o
 .progmem.data._ZZ20SentConfigModuleUARTvE3__c_36
                0x0000235d        0x7 RecievedUART/RecievedConfigModule.o
 .progmem.data._ZZ20SentConfigModuleUARTvE3__c_35
                0x00002364        0xa RecievedUART/RecievedConfigModule.o
 .progmem.data._ZZ20SentConfigModuleUARTvE3__c_34
                0x0000236e       0x11 RecievedUART/RecievedConfigModule.o
 .progmem.data._ZZ20SentConfigModuleUARTvE3__c_33
                0x0000237f       0x14 RecievedUART/RecievedConfigModule.o
 .progmem.data._ZZ20SentConfigModuleUARTvE3__c_32
                0x00002393       0x1a RecievedUART/RecievedConfigModule.o
 .progmem.data._ZZ20SentConfigModuleUARTvE3__c_31
                0x000023ad        0x1 RecievedUART/RecievedConfigModule.o
 .progmem.data._ZZ20SentConfigModuleUARTvE3__c_30
                0x000023ae        0xf RecievedUART/RecievedConfigModule.o
 .progmem.data._ZZ20SentConfigModuleUARTvE3__c_29
                0x000023bd        0xc RecievedUART/RecievedConfigModule.o
 .progmem.data._ZZ20SentConfigModuleUARTvE3__c_28
                0x000023c9        0x4 RecievedUART/RecievedConfigModule.o
 .progmem.data._ZZ20SentConfigModuleUARTvE3__c_27
                0x000023cd       0x14 RecievedUART/RecievedConfigModule.o
 .progmem.data._ZZ20SentConfigModuleUARTvE3__c_26
                0x000023e1       0x1a RecievedUART/RecievedConfigModule.o
 .progmem.data._ZZ20SentConfigModuleUARTvE3__c_25
                0x000023fb        0x1 RecievedUART/RecievedConfigModule.o
 .progmem.data._ZZ20SentConfigModuleUARTvE3__c_24
                0x000023fc       0x20 RecievedUART/RecievedConfigModule.o
 .progmem.data._ZZ20SentConfigModuleUARTvE3__c_23
                0x0000241c        0x7 RecievedUART/RecievedConfigModule.o
 .progmem.data._ZZ20SentConfigModuleUARTvE3__c_22
                0x00002423        0x9 RecievedUART/RecievedConfigModule.o
 .progmem.data._ZZ20SentConfigModuleUARTvE3__c_21
                0x0000242c        0x3 RecievedUART/RecievedConfigModule.o
 .progmem.data._ZZ20SentConfigModuleUARTvE3__c_20
                0x0000242f       0x2d RecievedUART/RecievedConfigModule.o
 .progmem.data._ZZ20SentConfigModuleUARTvE3__c_19
                0x0000245c       0x10 RecievedUART/RecievedConfigModule.o
 .progmem.data._ZZ20SentConfigModuleUARTvE3__c_18
                0x0000246c       0x39 RecievedUART/RecievedConfigModule.o
 .progmem.data._ZZ20SentConfigModuleUARTvE3__c_17
                0x000024a5       0x1c RecievedUART/RecievedConfigModule.o
 .progmem.data._ZZ20SentConfigModuleUARTvE3__c_16
                0x000024c1       0x2e RecievedUART/RecievedConfigModule.o
 .progmem.data._ZZ20SentConfigModuleUARTvE3__c_15
                0x000024ef       0x1a RecievedUART/RecievedConfigModule.o
 .progmem.data._ZZ20SentConfigModuleUARTvE3__c_14
                0x00002509       0x2c RecievedUART/RecievedConfigModule.o
 .progmem.data._ZZ20SentConfigModuleUARTvE3__c_13
                0x00002535        0x5 RecievedUART/RecievedConfigModule.o
 .progmem.data._ZZ20SentConfigModuleUARTvE3__c_12
                0x0000253a       0x39 RecievedUART/RecievedConfigModule.o
 .progmem.data._ZZ20SentConfigModuleUARTvE3__c_11
                0x00002573        0xd RecievedUART/RecievedConfigModule.o
 .progmem.data._ZZ20SentConfigModuleUARTvE3__c_10
                0x00002580       0x1d RecievedUART/RecievedConfigModule.o
 .progmem.data._ZZ20SentConfigModuleUARTvE3__c_9
                0x0000259d       0x1a RecievedUART/RecievedConfigModule.o
 .progmem.data._ZZ20SentConfigModuleUARTvE3__c_8
                0x000025b7        0x1 RecievedUART/RecievedConfigModule.o
 .progmem.data._ZZ20SentConfigModuleUARTvE3__c_7
                0x000025b8       0x20 RecievedUART/RecievedConfigModule.o
 .progmem.data._ZZ20SentConfigModuleUARTvE3__c_6
                0x000025d8       0x1a RecievedUART/RecievedConfigModule.o
 .progmem.data._ZZ20SentConfigModuleUARTvE3__c_5
                0x000025f2       0x16 RecievedUART/RecievedConfigModule.o
 .progmem.data._ZZ20SentConfigModuleUARTvE3__c_4
                0x00002608        0xd RecievedUART/RecievedConfigModule.o
 .progmem.data._ZZ20SentConfigModuleUARTvE3__c_3
                0x00002615        0xf RecievedUART/RecievedConfigModule.o
 .progmem.data._ZZ20SentConfigModuleUARTvE3__c_2
                0x00002624       0x11 RecievedUART/RecievedConfigModule.o
 .progmem.data._ZZ20SentConfigModuleUARTvE3__c_1
                0x00002635       0x22 RecievedUART/RecievedConfigModule.o
 .progmem.data._ZZ20SentConfigModuleUARTvE3__c_0
                0x00002657        0xa RecievedUART/RecievedConfigModule.o
 .progmem.data._ZZ20SentConfigModuleUARTvE3__c
                0x00002661       0x1f RecievedUART/RecievedConfigModule.o
 .progmem.data._ZZ12RecievedDatevE3__c_20
                0x00002680        0x2 RecievedUART/RecievedDate.o
 .progmem.data._ZZ12RecievedDatevE3__c_19
                0x00002682        0x2 RecievedUART/RecievedDate.o
 .progmem.data._ZZ12RecievedDatevE3__c_18
                0x00002684        0x2 RecievedUART/RecievedDate.o
 .progmem.data._ZZ12RecievedDatevE3__c_17
                0x00002686        0x2 RecievedUART/RecievedDate.o
 .progmem.data._ZZ12RecievedDatevE3__c_16
                0x00002688        0x2 RecievedUART/RecievedDate.o
 .progmem.data._ZZ12RecievedDatevE3__c_15
                0x0000268a        0x2 RecievedUART/RecievedDate.o
 .progmem.data._ZZ12RecievedDatevE3__c_14
                0x0000268c        0x2 RecievedUART/RecievedDate.o
 .progmem.data._ZZ12RecievedDatevE3__c_13
                0x0000268e        0x2 RecievedUART/RecievedDate.o
 .progmem.data._ZZ12RecievedDatevE3__c_12
                0x00002690        0x2 RecievedUART/RecievedDate.o
 .progmem.data._ZZ12RecievedDatevE3__c_11
                0x00002692        0x2 RecievedUART/RecievedDate.o
 .progmem.data._ZZ12RecievedDatevE3__c_10
                0x00002694        0x2 RecievedUART/RecievedDate.o
 .progmem.data._ZZ12RecievedDatevE3__c_9
                0x00002696        0x2 RecievedUART/RecievedDate.o
 .progmem.data._ZZ12RecievedDatevE3__c_8
                0x00002698        0x7 RecievedUART/RecievedDate.o
 .progmem.data._ZZ12RecievedDatevE3__c_7
                0x0000269f        0x9 RecievedUART/RecievedDate.o
 .progmem.data._ZZ12RecievedDatevE3__c_6
                0x000026a8        0x7 RecievedUART/RecievedDate.o
 .progmem.data._ZZ12RecievedDatevE3__c_5
                0x000026af        0x9 RecievedUART/RecievedDate.o
 .progmem.data._ZZ12RecievedDatevE3__c_4
                0x000026b8        0xa RecievedUART/RecievedDate.o
 .progmem.data._ZZ12RecievedDatevE3__c_3
                0x000026c2        0x8 RecievedUART/RecievedDate.o
 .progmem.data._ZZ12RecievedDatevE3__c_2
                0x000026ca        0x7 RecievedUART/RecievedDate.o
 .progmem.data._ZZ12RecievedDatevE3__c_1
                0x000026d1        0x2 RecievedUART/RecievedDate.o
 .progmem.data._ZZ12RecievedDatevE3__c_0
                0x000026d3        0x2 RecievedUART/RecievedDate.o
 .progmem.data._ZZ12RecievedDatevE3__c
                0x000026d5       0x20 RecievedUART/RecievedDate.o
 .progmem.data._ZZ13RecievedDebugvE3__c_26
                0x000026f5        0x2 RecievedUART/RecievedDebug.o
 .progmem.data._ZZ13RecievedDebugvE3__c_25
                0x000026f7        0x3 RecievedUART/RecievedDebug.o
 .progmem.data._ZZ13RecievedDebugvE3__c_24
                0x000026fa        0x4 RecievedUART/RecievedDebug.o
 .progmem.data._ZZ13RecievedDebugvE3__c_23
                0x000026fe        0x3 RecievedUART/RecievedDebug.o
 .progmem.data._ZZ13RecievedDebugvE3__c_22
                0x00002701       0x61 RecievedUART/RecievedDebug.o
 .progmem.data._ZZ13RecievedDebugvE3__c_21
                0x00002762        0x9 RecievedUART/RecievedDebug.o
 .progmem.data._ZZ13RecievedDebugvE3__c_20
                0x0000276b        0x8 RecievedUART/RecievedDebug.o
 .progmem.data._ZZ13RecievedDebugvE3__c_19
                0x00002773        0x7 RecievedUART/RecievedDebug.o
 .progmem.data._ZZ13RecievedDebugvE3__c_18
                0x0000277a        0x7 RecievedUART/RecievedDebug.o
 .progmem.data._ZZ13RecievedDebugvE3__c_17
                0x00002781        0x7 RecievedUART/RecievedDebug.o
 .progmem.data._ZZ13RecievedDebugvE3__c_16
                0x00002788        0xa RecievedUART/RecievedDebug.o
 .progmem.data._ZZ13RecievedDebugvE3__c_15
                0x00002792        0x7 RecievedUART/RecievedDebug.o
 .progmem.data._ZZ13RecievedDebugvE3__c_14
                0x00002799        0x8 RecievedUART/RecievedDebug.o
 .progmem.data._ZZ13RecievedDebugvE3__c_13
                0x000027a1        0x9 RecievedUART/RecievedDebug.o
 .progmem.data._ZZ13RecievedDebugvE3__c_12
                0x000027aa        0x9 RecievedUART/RecievedDebug.o
 .progmem.data._ZZ13RecievedDebugvE3__c_11
                0x000027b3        0x7 RecievedUART/RecievedDebug.o
 .progmem.data._ZZ13RecievedDebugvE3__c_10
                0x000027ba        0x4 RecievedUART/RecievedDebug.o
 .progmem.data._ZZ13RecievedDebugvE3__c_9
                0x000027be        0x3 RecievedUART/RecievedDebug.o
 .progmem.data._ZZ13RecievedDebugvE3__c_8
                0x000027c1        0x2 RecievedUART/RecievedDebug.o
 .progmem.data._ZZ13RecievedDebugvE3__c_7
                0x000027c3        0x2 RecievedUART/RecievedDebug.o
 .progmem.data._ZZ13RecievedDebugvE3__c_6
                0x000027c5        0xe RecievedUART/RecievedDebug.o
 .progmem.data._ZZ13RecievedDebugvE3__c_5
                0x000027d3        0x9 RecievedUART/RecievedDebug.o
 .progmem.data._ZZ13RecievedDebugvE3__c_4
                0x000027dc        0x2 RecievedUART/RecievedDebug.o
 .progmem.data._ZZ13RecievedDebugvE3__c_3
                0x000027de        0x2 RecievedUART/RecievedDebug.o
 .progmem.data._ZZ13RecievedDebugvE3__c_2
                0x000027e0        0x2 RecievedUART/RecievedDebug.o
 .progmem.data._ZZ13RecievedDebugvE3__c_1
                0x000027e2       0x25 RecievedUART/RecievedDebug.o
 .progmem.data._ZZ13RecievedDebugvE3__c_0
                0x00002807        0xe RecievedUART/RecievedDebug.o
 .progmem.data._ZZ13RecievedDebugvE3__c
                0x00002815       0x30 RecievedUART/RecievedDebug.o
 .progmem.data._ZZ22ViewStateLoginToSerialhE3__c_4
                0x00002845        0x7 RecievedUART/RecievedDebug.o
 .progmem.data._ZZ22ViewStateLoginToSerialhE3__c_3
                0x0000284c       0x11 RecievedUART/RecievedDebug.o
 .progmem.data._ZZ22ViewStateLoginToSerialhE3__c_2
                0x0000285d       0x2a RecievedUART/RecievedDebug.o
 .progmem.data._ZZ22ViewStateLoginToSerialhE3__c_1
                0x00002887       0x22 RecievedUART/RecievedDebug.o
 .progmem.data._ZZ22ViewStateLoginToSerialhE3__c_0
                0x000028a9        0xf RecievedUART/RecievedDebug.o
 .progmem.data._ZZ22ViewStateLoginToSerialhE3__c
                0x000028b8       0x13 RecievedUART/RecievedDebug.o
 .progmem.data._ZZ16WriteConfigGroupvE3__c
                0x000028cb       0x20 RecievedUART/RecievedGroup.o
 .progmem.data._ZZ25SentDebugConfigModuleUARTvE3__c_31
                0x000028eb       0x28 RecievedUART/RecievedGroup.o
 .progmem.data._ZZ25SentDebugConfigModuleUARTvE3__c_30
                0x00002913        0x1 RecievedUART/RecievedGroup.o
 .progmem.data._ZZ25SentDebugConfigModuleUARTvE3__c_29
                0x00002914        0x2 RecievedUART/RecievedGroup.o
 .progmem.data._ZZ25SentDebugConfigModuleUARTvE3__c_28
                0x00002916        0xe RecievedUART/RecievedGroup.o
 .progmem.data._ZZ25SentDebugConfigModuleUARTvE3__c_27
                0x00002924       0x23 RecievedUART/RecievedGroup.o
 .progmem.data._ZZ25SentDebugConfigModuleUARTvE3__c_26
                0x00002947        0xc RecievedUART/RecievedGroup.o
 .progmem.data._ZZ25SentDebugConfigModuleUARTvE3__c_25
                0x00002953        0x2 RecievedUART/RecievedGroup.o
 .progmem.data._ZZ25SentDebugConfigModuleUARTvE3__c_24
                0x00002955        0xd RecievedUART/RecievedGroup.o
 .progmem.data._ZZ25SentDebugConfigModuleUARTvE3__c_23
                0x00002962        0x2 RecievedUART/RecievedGroup.o
 .progmem.data._ZZ25SentDebugConfigModuleUARTvE3__c_22
                0x00002964        0xc RecievedUART/RecievedGroup.o
 .progmem.data._ZZ25SentDebugConfigModuleUARTvE3__c_21
                0x00002970        0x2 RecievedUART/RecievedGroup.o
 .progmem.data._ZZ25SentDebugConfigModuleUARTvE3__c_20
                0x00002972        0xd RecievedUART/RecievedGroup.o
 .progmem.data._ZZ25SentDebugConfigModuleUARTvE3__c_19
                0x0000297f        0x1 RecievedUART/RecievedGroup.o
 .progmem.data._ZZ25SentDebugConfigModuleUARTvE3__c_18
                0x00002980       0x12 RecievedUART/RecievedGroup.o
 .progmem.data._ZZ25SentDebugConfigModuleUARTvE3__c_17
                0x00002992       0x10 RecievedUART/RecievedGroup.o
 .progmem.data._ZZ25SentDebugConfigModuleUARTvE3__c_16
                0x000029a2       0x10 RecievedUART/RecievedGroup.o
 .progmem.data._ZZ25SentDebugConfigModuleUARTvE3__c_15
                0x000029b2       0x10 RecievedUART/RecievedGroup.o
 .progmem.data._ZZ25SentDebugConfigModuleUARTvE3__c_14
                0x000029c2        0x1 RecievedUART/RecievedGroup.o
 .progmem.data._ZZ25SentDebugConfigModuleUARTvE3__c_13
                0x000029c3        0x1 RecievedUART/RecievedGroup.o
 .progmem.data._ZZ25SentDebugConfigModuleUARTvE3__c_12
                0x000029c4        0xa RecievedUART/RecievedGroup.o
 .progmem.data._ZZ25SentDebugConfigModuleUARTvE3__c_11
                0x000029ce        0x9 RecievedUART/RecievedGroup.o
 .progmem.data._ZZ25SentDebugConfigModuleUARTvE3__c_10
                0x000029d7       0x14 RecievedUART/RecievedGroup.o
 .progmem.data._ZZ25SentDebugConfigModuleUARTvE3__c_9
                0x000029eb       0x1c RecievedUART/RecievedGroup.o
 .progmem.data._ZZ25SentDebugConfigModuleUARTvE3__c_8
                0x00002a07       0x1c RecievedUART/RecievedGroup.o
 .progmem.data._ZZ25SentDebugConfigModuleUARTvE3__c_7
                0x00002a23       0x54 RecievedUART/RecievedGroup.o
 .progmem.data._ZZ25SentDebugConfigModuleUARTvE3__c_6
                0x00002a77       0x43 RecievedUART/RecievedGroup.o
 .progmem.data._ZZ25SentDebugConfigModuleUARTvE3__c_5
                0x00002aba       0x2d RecievedUART/RecievedGroup.o
 .progmem.data._ZZ25SentDebugConfigModuleUARTvE3__c_4
                0x00002ae7       0x11 RecievedUART/RecievedGroup.o
 .progmem.data._ZZ25SentDebugConfigModuleUARTvE3__c_3
                0x00002af8        0x4 RecievedUART/RecievedGroup.o
 .progmem.data._ZZ25SentDebugConfigModuleUARTvE3__c_2
                0x00002afc        0x3 RecievedUART/RecievedGroup.o
 .progmem.data._ZZ25SentDebugConfigModuleUARTvE3__c_1
                0x00002aff        0x9 RecievedUART/RecievedGroup.o
 .progmem.data._ZZ25SentDebugConfigModuleUARTvE3__c_0
                0x00002b08        0xe RecievedUART/RecievedGroup.o
 .progmem.data._ZZ25SentDebugConfigModuleUARTvE3__c
                0x00002b16       0x1b RecievedUART/RecievedGroup.o
 .progmem.data._ZZ21SentConfigGroupExtAppvE3__c_11
                0x00002b31        0x2 RecievedUART/RecievedGroup.o
 .progmem.data._ZZ21SentConfigGroupExtAppvE3__c_10
                0x00002b33        0x2 RecievedUART/RecievedGroup.o
 .progmem.data._ZZ21SentConfigGroupExtAppvE3__c_9
                0x00002b35        0x2 RecievedUART/RecievedGroup.o
 .progmem.data._ZZ21SentConfigGroupExtAppvE3__c_8
                0x00002b37        0x2 RecievedUART/RecievedGroup.o
 .progmem.data._ZZ21SentConfigGroupExtAppvE3__c_7
                0x00002b39        0x2 RecievedUART/RecievedGroup.o
 .progmem.data._ZZ21SentConfigGroupExtAppvE3__c_6
                0x00002b3b        0x2 RecievedUART/RecievedGroup.o
 .progmem.data._ZZ21SentConfigGroupExtAppvE3__c_5
                0x00002b3d        0x2 RecievedUART/RecievedGroup.o
 .progmem.data._ZZ21SentConfigGroupExtAppvE3__c_4
                0x00002b3f        0x2 RecievedUART/RecievedGroup.o
 .progmem.data._ZZ21SentConfigGroupExtAppvE3__c_3
                0x00002b41        0x2 RecievedUART/RecievedGroup.o
 .progmem.data._ZZ21SentConfigGroupExtAppvE3__c_2
                0x00002b43        0x2 RecievedUART/RecievedGroup.o
 .progmem.data._ZZ21SentConfigGroupExtAppvE3__c_1
                0x00002b45        0x2 RecievedUART/RecievedGroup.o
 .progmem.data._ZZ21SentConfigGroupExtAppvE3__c_0
                0x00002b47        0x2 RecievedUART/RecievedGroup.o
 .progmem.data._ZZ21SentConfigGroupExtAppvE3__c
                0x00002b49        0x3 RecievedUART/RecievedGroup.o
 .progmem.data._ZZ15RecievedSensorsvE3__c_1
                0x00002b4c        0x3 RecievedUART/RecievedSensors.o
 .progmem.data._ZZ15RecievedSensorsvE3__c_0
                0x00002b4f        0x3 RecievedUART/RecievedSensors.o
 .progmem.data._ZZ15RecievedSensorsvE3__c
                0x00002b52       0x16 RecievedUART/RecievedSensors.o
 .progmem.data._ZZ18WriteConfigSensorsvE3__c_0
                0x00002b68       0x24 RecievedUART/RecievedSensors.o
 .progmem.data._ZZ18WriteConfigSensorsvE3__c
                0x00002b8c        0x8 RecievedUART/RecievedSensors.o
 .progmem.data._ZZ23SentConfigSensorsExtAppvE3__c_25
                0x00002b94        0x2 RecievedUART/RecievedSensors.o
 .progmem.data._ZZ23SentConfigSensorsExtAppvE3__c_24
                0x00002b96        0x2 RecievedUART/RecievedSensors.o
 .progmem.data._ZZ23SentConfigSensorsExtAppvE3__c_23
                0x00002b98        0x2 RecievedUART/RecievedSensors.o
 .progmem.data._ZZ23SentConfigSensorsExtAppvE3__c_22
                0x00002b9a        0x2 RecievedUART/RecievedSensors.o
 .progmem.data._ZZ23SentConfigSensorsExtAppvE3__c_21
                0x00002b9c        0x2 RecievedUART/RecievedSensors.o
 .progmem.data._ZZ23SentConfigSensorsExtAppvE3__c_20
                0x00002b9e        0x2 RecievedUART/RecievedSensors.o
 .progmem.data._ZZ23SentConfigSensorsExtAppvE3__c_19
                0x00002ba0        0x2 RecievedUART/RecievedSensors.o
 .progmem.data._ZZ23SentConfigSensorsExtAppvE3__c_18
                0x00002ba2        0x2 RecievedUART/RecievedSensors.o
 .progmem.data._ZZ23SentConfigSensorsExtAppvE3__c_17
                0x00002ba4        0x2 RecievedUART/RecievedSensors.o
 .progmem.data._ZZ23SentConfigSensorsExtAppvE3__c_16
                0x00002ba6        0x2 RecievedUART/RecievedSensors.o
 .progmem.data._ZZ23SentConfigSensorsExtAppvE3__c_15
                0x00002ba8        0x2 RecievedUART/RecievedSensors.o
 .progmem.data._ZZ23SentConfigSensorsExtAppvE3__c_14
                0x00002baa        0x2 RecievedUART/RecievedSensors.o
 .progmem.data._ZZ23SentConfigSensorsExtAppvE3__c_13
                0x00002bac        0x2 RecievedUART/RecievedSensors.o
 .progmem.data._ZZ23SentConfigSensorsExtAppvE3__c_12
                0x00002bae        0x2 RecievedUART/RecievedSensors.o
 .progmem.data._ZZ23SentConfigSensorsExtAppvE3__c_11
                0x00002bb0        0x2 RecievedUART/RecievedSensors.o
 .progmem.data._ZZ23SentConfigSensorsExtAppvE3__c_10
                0x00002bb2        0x2 RecievedUART/RecievedSensors.o
 .progmem.data._ZZ23SentConfigSensorsExtAppvE3__c_9
                0x00002bb4        0x2 RecievedUART/RecievedSensors.o
 .progmem.data._ZZ23SentConfigSensorsExtAppvE3__c_8
                0x00002bb6        0x2 RecievedUART/RecievedSensors.o
 .progmem.data._ZZ23SentConfigSensorsExtAppvE3__c_7
                0x00002bb8        0x2 RecievedUART/RecievedSensors.o
 .progmem.data._ZZ23SentConfigSensorsExtAppvE3__c_6
                0x00002bba        0x2 RecievedUART/RecievedSensors.o
 .progmem.data._ZZ23SentConfigSensorsExtAppvE3__c_5
                0x00002bbc        0x2 RecievedUART/RecievedSensors.o
 .progmem.data._ZZ23SentConfigSensorsExtAppvE3__c_4
                0x00002bbe        0x2 RecievedUART/RecievedSensors.o
 .progmem.data._ZZ23SentConfigSensorsExtAppvE3__c_3
                0x00002bc0        0x2 RecievedUART/RecievedSensors.o
 .progmem.data._ZZ23SentConfigSensorsExtAppvE3__c_2
                0x00002bc2        0x2 RecievedUART/RecievedSensors.o
 .progmem.data._ZZ23SentConfigSensorsExtAppvE3__c_1
                0x00002bc4        0x2 RecievedUART/RecievedSensors.o
 .progmem.data._ZZ23SentConfigSensorsExtAppvE3__c_0
                0x00002bc6        0x2 RecievedUART/RecievedSensors.o
 .progmem.data._ZZ23SentConfigSensorsExtAppvE3__c
                0x00002bc8        0x2 RecievedUART/RecievedSensors.o
 .progmem.data._ZZ21SentConfigSensorsUARTvE3__c_64
                0x00002bca       0x28 RecievedUART/RecievedSensors.o
 .progmem.data._ZZ21SentConfigSensorsUARTvE3__c_63
                0x00002bf2        0xd RecievedUART/RecievedSensors.o
 .progmem.data._ZZ21SentConfigSensorsUARTvE3__c_62
                0x00002bff        0xf RecievedUART/RecievedSensors.o
 .progmem.data._ZZ21SentConfigSensorsUARTvE3__c_61
                0x00002c0e        0xf RecievedUART/RecievedSensors.o
 .progmem.data._ZZ21SentConfigSensorsUARTvE3__c_60
                0x00002c1d        0xf RecievedUART/RecievedSensors.o
 .progmem.data._ZZ21SentConfigSensorsUARTvE3__c_59
                0x00002c2c        0xf RecievedUART/RecievedSensors.o
 .progmem.data._ZZ21SentConfigSensorsUARTvE3__c_58
                0x00002c3b        0xf RecievedUART/RecievedSensors.o
 .progmem.data._ZZ21SentConfigSensorsUARTvE3__c_57
                0x00002c4a       0x15 RecievedUART/RecievedSensors.o
 .progmem.data._ZZ21SentConfigSensorsUARTvE3__c_56
                0x00002c5f       0x29 RecievedUART/RecievedSensors.o
 .progmem.data._ZZ21SentConfigSensorsUARTvE3__c_55
                0x00002c88       0x11 RecievedUART/RecievedSensors.o
 .progmem.data._ZZ21SentConfigSensorsUARTvE3__c_54
                0x00002c99       0x13 RecievedUART/RecievedSensors.o
 .progmem.data._ZZ21SentConfigSensorsUARTvE3__c_53
                0x00002cac       0x24 RecievedUART/RecievedSensors.o
 .progmem.data._ZZ21SentConfigSensorsUARTvE3__c_52
                0x00002cd0        0xd RecievedUART/RecievedSensors.o
 .progmem.data._ZZ21SentConfigSensorsUARTvE3__c_51
                0x00002cdd       0x1d RecievedUART/RecievedSensors.o
 .progmem.data._ZZ21SentConfigSensorsUARTvE3__c_50
                0x00002cfa       0x1a RecievedUART/RecievedSensors.o
 .progmem.data._ZZ21SentConfigSensorsUARTvE3__c_49
                0x00002d14       0x13 RecievedUART/RecievedSensors.o
 .progmem.data._ZZ21SentConfigSensorsUARTvE3__c_48
                0x00002d27       0x23 RecievedUART/RecievedSensors.o
 .progmem.data._ZZ21SentConfigSensorsUARTvE3__c_47
                0x00002d4a       0x51 RecievedUART/RecievedSensors.o
 .progmem.data._ZZ21SentConfigSensorsUARTvE3__c_46
                0x00002d9b       0x4a RecievedUART/RecievedSensors.o
 .progmem.data._ZZ21SentConfigSensorsUARTvE3__c_45
                0x00002de5       0x53 RecievedUART/RecievedSensors.o
 .progmem.data._ZZ21SentConfigSensorsUARTvE3__c_44
                0x00002e38       0x28 RecievedUART/RecievedSensors.o
 .progmem.data._ZZ21SentConfigSensorsUARTvE3__c_43
                0x00002e60        0x6 RecievedUART/RecievedSensors.o
 .progmem.data._ZZ21SentConfigSensorsUARTvE3__c_42
                0x00002e66        0x6 RecievedUART/RecievedSensors.o
 .progmem.data._ZZ21SentConfigSensorsUARTvE3__c_41
                0x00002e6c        0x5 RecievedUART/RecievedSensors.o
 .progmem.data._ZZ21SentConfigSensorsUARTvE3__c_40
                0x00002e71       0x24 RecievedUART/RecievedSensors.o
 .progmem.data._ZZ21SentConfigSensorsUARTvE3__c_39
                0x00002e95       0x3d RecievedUART/RecievedSensors.o
 .progmem.data._ZZ21SentConfigSensorsUARTvE3__c_38
                0x00002ed2        0x3 RecievedUART/RecievedSensors.o
 .progmem.data._ZZ21SentConfigSensorsUARTvE3__c_37
                0x00002ed5        0x4 RecievedUART/RecievedSensors.o
 .progmem.data._ZZ21SentConfigSensorsUARTvE3__c_36
                0x00002ed9       0x24 RecievedUART/RecievedSensors.o
 .progmem.data._ZZ21SentConfigSensorsUARTvE3__c_35
                0x00002efd       0x30 RecievedUART/RecievedSensors.o
 .progmem.data._ZZ21SentConfigSensorsUARTvE3__c_34
                0x00002f2d        0xb RecievedUART/RecievedSensors.o
 .progmem.data._ZZ21SentConfigSensorsUARTvE3__c_33
                0x00002f38        0xd RecievedUART/RecievedSensors.o
 .progmem.data._ZZ21SentConfigSensorsUARTvE3__c_32
                0x00002f45       0x24 RecievedUART/RecievedSensors.o
 .progmem.data._ZZ21SentConfigSensorsUARTvE3__c_31
                0x00002f69       0x10 RecievedUART/RecievedSensors.o
 .progmem.data._ZZ21SentConfigSensorsUARTvE3__c_30
                0x00002f79       0x1a RecievedUART/RecievedSensors.o
 .progmem.data._ZZ21SentConfigSensorsUARTvE3__c_29
                0x00002f93       0x1c RecievedUART/RecievedSensors.o
 .progmem.data._ZZ21SentConfigSensorsUARTvE3__c_28
                0x00002faf       0x22 RecievedUART/RecievedSensors.o
 .progmem.data._ZZ21SentConfigSensorsUARTvE3__c_27
                0x00002fd1       0x26 RecievedUART/RecievedSensors.o
 .progmem.data._ZZ21SentConfigSensorsUARTvE3__c_26
                0x00002ff7       0x24 RecievedUART/RecievedSensors.o
 .progmem.data._ZZ21SentConfigSensorsUARTvE3__c_25
                0x0000301b       0x18 RecievedUART/RecievedSensors.o
 .progmem.data._ZZ21SentConfigSensorsUARTvE3__c_24
                0x00003033       0x11 RecievedUART/RecievedSensors.o
 .progmem.data._ZZ21SentConfigSensorsUARTvE3__c_23
                0x00003044       0x24 RecievedUART/RecievedSensors.o
 .progmem.data._ZZ21SentConfigSensorsUARTvE3__c_22
                0x00003068        0x7 RecievedUART/RecievedSensors.o
 .progmem.data._ZZ21SentConfigSensorsUARTvE3__c_21
                0x0000306f       0x26 RecievedUART/RecievedSensors.o
 .progmem.data._ZZ21SentConfigSensorsUARTvE3__c_20
                0x00003095       0x13 RecievedUART/RecievedSensors.o
 .progmem.data._ZZ21SentConfigSensorsUARTvE3__c_19
                0x000030a8        0x3 RecievedUART/RecievedSensors.o
 .progmem.data._ZZ21SentConfigSensorsUARTvE3__c_18
                0x000030ab       0x3d RecievedUART/RecievedSensors.o
 .progmem.data._ZZ21SentConfigSensorsUARTvE3__c_17
                0x000030e8       0x30 RecievedUART/RecievedSensors.o
 .progmem.data._ZZ21SentConfigSensorsUARTvE3__c_16
                0x00003118       0x21 RecievedUART/RecievedSensors.o
 .progmem.data._ZZ21SentConfigSensorsUARTvE3__c_15
                0x00003139       0x11 RecievedUART/RecievedSensors.o
 .progmem.data._ZZ21SentConfigSensorsUARTvE3__c_14
                0x0000314a       0x3d RecievedUART/RecievedSensors.o
 .progmem.data._ZZ21SentConfigSensorsUARTvE3__c_13
                0x00003187       0x1d RecievedUART/RecievedSensors.o
 .progmem.data._ZZ21SentConfigSensorsUARTvE3__c_12
                0x000031a4        0x7 RecievedUART/RecievedSensors.o
 .progmem.data._ZZ21SentConfigSensorsUARTvE3__c_11
                0x000031ab       0x27 RecievedUART/RecievedSensors.o
 .progmem.data._ZZ21SentConfigSensorsUARTvE3__c_10
                0x000031d2        0xd RecievedUART/RecievedSensors.o
 .progmem.data._ZZ21SentConfigSensorsUARTvE3__c_9
                0x000031df       0x39 RecievedUART/RecievedSensors.o
 .progmem.data._ZZ21SentConfigSensorsUARTvE3__c_8
                0x00003218        0x2 RecievedUART/RecievedSensors.o
 .progmem.data._ZZ21SentConfigSensorsUARTvE3__c_7
                0x0000321a       0x22 RecievedUART/RecievedSensors.o
 .progmem.data._ZZ21SentConfigSensorsUARTvE3__c_6
                0x0000323c        0x2 RecievedUART/RecievedSensors.o
 .progmem.data._ZZ21SentConfigSensorsUARTvE3__c_5
                0x0000323e        0x3 RecievedUART/RecievedSensors.o
 .progmem.data._ZZ21SentConfigSensorsUARTvE3__c_4
                0x00003241       0x13 RecievedUART/RecievedSensors.o
 .progmem.data._ZZ21SentConfigSensorsUARTvE3__c_3
                0x00003254       0x23 RecievedUART/RecievedSensors.o
 .progmem.data._ZZ21SentConfigSensorsUARTvE3__c_2
                0x00003277       0x11 RecievedUART/RecievedSensors.o
 .progmem.data._ZZ21SentConfigSensorsUARTvE3__c_1
                0x00003288        0xf RecievedUART/RecievedSensors.o
 .progmem.data._ZZ21SentConfigSensorsUARTvE3__c_0
                0x00003297        0xd RecievedUART/RecievedSensors.o
 .progmem.data._ZZ21SentConfigSensorsUARTvE3__c
                0x000032a4       0x35 RecievedUART/RecievedSensors.o
 .progmem.data._ZZ29Read_E_Type_B_Sensor_registerhE3__c_12
                0x000032d9       0x1f RecievedUART/RegisterSensors.o
 .progmem.data._ZZ29Read_E_Type_B_Sensor_registerhE3__c_11
                0x000032f8       0x56 RecievedUART/RegisterSensors.o
 .progmem.data._ZZ29Read_E_Type_B_Sensor_registerhE3__c_10
                0x0000334e       0x3e RecievedUART/RegisterSensors.o
 .progmem.data._ZZ29Read_E_Type_B_Sensor_registerhE3__c_9
                0x0000338c       0x33 RecievedUART/RegisterSensors.o
 .progmem.data._ZZ29Read_E_Type_B_Sensor_registerhE3__c_8
                0x000033bf       0x3c RecievedUART/RegisterSensors.o
 .progmem.data._ZZ29Read_E_Type_B_Sensor_registerhE3__c_7
                0x000033fb       0x28 RecievedUART/RegisterSensors.o
 .progmem.data._ZZ29Read_E_Type_B_Sensor_registerhE3__c_6
                0x00003423        0x7 RecievedUART/RegisterSensors.o
 .progmem.data._ZZ29Read_E_Type_B_Sensor_registerhE3__c_5
                0x0000342a       0x15 RecievedUART/RegisterSensors.o
 .progmem.data._ZZ29Read_E_Type_B_Sensor_registerhE3__c_4
                0x0000343f       0x28 RecievedUART/RegisterSensors.o
 .progmem.data._ZZ29Read_E_Type_B_Sensor_registerhE3__c_3
                0x00003467       0x13 RecievedUART/RegisterSensors.o
 .progmem.data._ZZ29Read_E_Type_B_Sensor_registerhE3__c_2
                0x0000347a       0x1e RecievedUART/RegisterSensors.o
 .progmem.data._ZZ29Read_E_Type_B_Sensor_registerhE3__c_1
                0x00003498       0x22 RecievedUART/RegisterSensors.o
 .progmem.data._ZZ29Read_E_Type_B_Sensor_registerhE3__c_0
                0x000034ba       0x17 RecievedUART/RegisterSensors.o
 .progmem.data._ZZ29Read_E_Type_B_Sensor_registerhE3__c
                0x000034d1       0x1c RecievedUART/RegisterSensors.o
 .progmem.data._ZZ18Read_ETAS_registerhE3__c_19
                0x000034ed        0x2 RecievedUART/RegisterSensors.o
 .progmem.data._ZZ18Read_ETAS_registerhE3__c_18
                0x000034ef        0x8 RecievedUART/RegisterSensors.o
 .progmem.data._ZZ18Read_ETAS_registerhE3__c_17
                0x000034f7        0x3 RecievedUART/RegisterSensors.o
 .progmem.data._ZZ18Read_ETAS_registerhE3__c_16
                0x000034fa        0xd RecievedUART/RegisterSensors.o
 .progmem.data._ZZ18Read_ETAS_registerhE3__c_15
                0x00003507        0x8 RecievedUART/RegisterSensors.o
 .progmem.data._ZZ18Read_ETAS_registerhE3__c_14
                0x0000350f        0x5 RecievedUART/RegisterSensors.o
 .progmem.data._ZZ18Read_ETAS_registerhE3__c_13
                0x00003514        0x9 RecievedUART/RegisterSensors.o
 .progmem.data._ZZ18Read_ETAS_registerhE3__c_12
                0x0000351d        0x7 RecievedUART/RegisterSensors.o
 .progmem.data._ZZ18Read_ETAS_registerhE3__c_11
                0x00003524        0x8 RecievedUART/RegisterSensors.o
 .progmem.data._ZZ18Read_ETAS_registerhE3__c_10
                0x0000352c        0x1 RecievedUART/RegisterSensors.o
 .progmem.data._ZZ18Read_ETAS_registerhE3__c_9
                0x0000352d        0xb RecievedUART/RegisterSensors.o
 .progmem.data._ZZ18Read_ETAS_registerhE3__c_8
                0x00003538        0xe RecievedUART/RegisterSensors.o
 .progmem.data._ZZ18Read_ETAS_registerhE3__c_7
                0x00003546        0x7 RecievedUART/RegisterSensors.o
 .progmem.data._ZZ18Read_ETAS_registerhE3__c_6
                0x0000354d        0x7 RecievedUART/RegisterSensors.o
 .progmem.data._ZZ18Read_ETAS_registerhE3__c_5
                0x00003554        0x7 RecievedUART/RegisterSensors.o
 .progmem.data._ZZ18Read_ETAS_registerhE3__c_4
                0x0000355b        0xf RecievedUART/RegisterSensors.o
 .progmem.data._ZZ18Read_ETAS_registerhE3__c_3
                0x0000356a        0x7 RecievedUART/RegisterSensors.o
 .progmem.data._ZZ18Read_ETAS_registerhE3__c_2
                0x00003571        0x2 RecievedUART/RegisterSensors.o
 .progmem.data._ZZ18Read_ETAS_registerhE3__c_1
                0x00003573        0xd RecievedUART/RegisterSensors.o
 .progmem.data._ZZ18Read_ETAS_registerhE3__c_0
                0x00003580        0x8 RecievedUART/RegisterSensors.o
 .progmem.data._ZZ18Read_ETAS_registerhE3__c
                0x00003588       0x1b RecievedUART/RegisterSensors.o
 .progmem.data._ZZ15SD_write_syslog6StringbbE3__c
                0x000035a3        0x3 SDcard.o
 .progmem.data._ZZ10i2c_scanervE3__c_34
                0x000035a6        0x6 Sensors.o
 .progmem.data._ZZ10i2c_scanervE3__c_33
                0x000035ac       0x16 Sensors.o
 .progmem.data._ZZ10i2c_scanervE3__c_32
                0x000035c2        0x2 Sensors.o
 .progmem.data._ZZ10i2c_scanervE3__c_31
                0x000035c4       0x1c Sensors.o
 .progmem.data._ZZ10i2c_scanervE3__c_30
                0x000035e0       0x12 Sensors.o
 .progmem.data._ZZ10i2c_scanervE3__c_29
                0x000035f2       0x34 Sensors.o
 .progmem.data._ZZ10i2c_scanervE3__c_28
                0x00003626       0x34 Sensors.o
 .progmem.data._ZZ10i2c_scanervE3__c_27
                0x0000365a       0x12 Sensors.o
 .progmem.data._ZZ10i2c_scanervE3__c_26
                0x0000366c       0x3f Sensors.o
 .progmem.data._ZZ10i2c_scanervE3__c_25
                0x000036ab       0x2d Sensors.o
 .progmem.data._ZZ10i2c_scanervE3__c_24
                0x000036d8       0x11 Sensors.o
 .progmem.data._ZZ10i2c_scanervE3__c_23
                0x000036e9       0x18 Sensors.o
 .progmem.data._ZZ10i2c_scanervE3__c_22
                0x00003701       0x18 Sensors.o
 .progmem.data._ZZ10i2c_scanervE3__c_21
                0x00003719       0x29 Sensors.o
 .progmem.data._ZZ10i2c_scanervE3__c_20
                0x00003742       0x18 Sensors.o
 .progmem.data._ZZ10i2c_scanervE3__c_19
                0x0000375a       0x30 Sensors.o
 .progmem.data._ZZ10i2c_scanervE3__c_18
                0x0000378a       0x1f Sensors.o
 .progmem.data._ZZ10i2c_scanervE3__c_17
                0x000037a9       0x37 Sensors.o
 .progmem.data._ZZ10i2c_scanervE3__c_16
                0x000037e0       0x1d Sensors.o
 .progmem.data._ZZ10i2c_scanervE3__c_15
                0x000037fd       0x1d Sensors.o
 .progmem.data._ZZ10i2c_scanervE3__c_14
                0x0000381a       0x1d Sensors.o
 .progmem.data._ZZ10i2c_scanervE3__c_13
                0x00003837       0x41 Sensors.o
 .progmem.data._ZZ10i2c_scanervE3__c_12
                0x00003878       0x1d Sensors.o
 .progmem.data._ZZ10i2c_scanervE3__c_11
                0x00003895       0x1d Sensors.o
 .progmem.data._ZZ10i2c_scanervE3__c_10
                0x000038b2       0x37 Sensors.o
 .progmem.data._ZZ10i2c_scanervE3__c_9
                0x000038e9        0xf Sensors.o
 .progmem.data._ZZ10i2c_scanervE3__c_8
                0x000038f8       0x32 Sensors.o
 .progmem.data._ZZ10i2c_scanervE3__c_7
                0x0000392a        0xf Sensors.o
 .progmem.data._ZZ10i2c_scanervE3__c_6
                0x00003939        0xf Sensors.o
 .progmem.data._ZZ10i2c_scanervE3__c_5
                0x00003948       0x21 Sensors.o
 .progmem.data._ZZ10i2c_scanervE3__c_4
                0x00003969       0x2d Sensors.o
 .progmem.data._ZZ10i2c_scanervE3__c_3
                0x00003996        0xf Sensors.o
 .progmem.data._ZZ10i2c_scanervE3__c_2
                0x000039a5        0xf Sensors.o
 .progmem.data._ZZ10i2c_scanervE3__c_1
                0x000039b4        0x4 Sensors.o
 .progmem.data._ZZ10i2c_scanervE3__c_0
                0x000039b8        0x3 Sensors.o
 .progmem.data._ZZ10i2c_scanervE3__c
                0x000039bb       0x10 Sensors.o
 .progmem.data._ZZ18UpDownControllPorthbE3__c_2
                0x000039cb        0xb Sensors.o
 .progmem.data._ZZ18UpDownControllPorthbE3__c_1
                0x000039d6        0xc Sensors.o
 .progmem.data._ZZ18UpDownControllPorthbE3__c_0
                0x000039e2       0x11 Sensors.o
 .progmem.data._ZZ18UpDownControllPorthbE3__c
                0x000039f3       0x15 Sensors.o
 .progmem.data._ZZ16CalculateSensorsvE3__c_7
                0x00003a08        0x4 Sensors.o
 .progmem.data._ZZ16CalculateSensorsvE3__c_6
                0x00003a0c       0x18 Sensors.o
 .progmem.data._ZZ16CalculateSensorsvE3__c_5
                0x00003a24       0x10 Sensors.o
 .progmem.data._ZZ16CalculateSensorsvE3__c_4
                0x00003a34       0x1e Sensors.o
 .progmem.data._ZZ16CalculateSensorsvE3__c_3
                0x00003a52       0x3c Sensors.o
 .progmem.data._ZZ16CalculateSensorsvE3__c_2
                0x00003a8e       0x2f Sensors.o
 .progmem.data._ZZ16CalculateSensorsvE3__c_1
                0x00003abd        0x7 Sensors.o
 .progmem.data._ZZ16CalculateSensorsvE3__c_0
                0x00003ac4       0x17 Sensors.o
 .progmem.data._ZZ16CalculateSensorsvE3__c
                0x00003adb       0x12 Sensors.o
 .progmem.data._ZZ16DefinitionSensorhhE3__c_10
                0x00003aed        0x8 Sensors.o
 .progmem.data._ZZ16DefinitionSensorhhE3__c_9
                0x00003af5        0x5 Sensors.o
 .progmem.data._ZZ16DefinitionSensorhhE3__c_8
                0x00003afa        0x9 Sensors.o
 .progmem.data._ZZ16DefinitionSensorhhE3__c_7
                0x00003b03        0x7 Sensors.o
 .progmem.data._ZZ16DefinitionSensorhhE3__c_6
                0x00003b0a        0x8 Sensors.o
 .progmem.data._ZZ16DefinitionSensorhhE3__c_5
                0x00003b12        0xc Sensors.o
 .progmem.data._ZZ16DefinitionSensorhhE3__c_4
                0x00003b1e        0x7 Sensors.o
 .progmem.data._ZZ16DefinitionSensorhhE3__c_3
                0x00003b25        0x7 Sensors.o
 .progmem.data._ZZ16DefinitionSensorhhE3__c_2
                0x00003b2c        0x7 Sensors.o
 .progmem.data._ZZ16DefinitionSensorhhE3__c_1
                0x00003b33        0x7 Sensors.o
 .progmem.data._ZZ16DefinitionSensorhhE3__c_0
                0x00003b3a        0x7 Sensors.o
 .progmem.data._ZZ16DefinitionSensorhhE3__c
                0x00003b41        0x8 Sensors.o
 .progmem.data._ZZ14ReadAnalogPorthhE3__c_9
                0x00003b49       0x34 Sensors.o
 .progmem.data._ZZ14ReadAnalogPorthhE3__c_8
                0x00003b7d        0x8 Sensors.o
 .progmem.data._ZZ14ReadAnalogPorthhE3__c_7
                0x00003b85       0x1c Sensors.o
 .progmem.data._ZZ14ReadAnalogPorthhE3__c_6
                0x00003ba1        0x8 Sensors.o
 .progmem.data._ZZ14ReadAnalogPorthhE3__c_5
                0x00003ba9       0x1c Sensors.o
 .progmem.data._ZZ14ReadAnalogPorthhE3__c_4
                0x00003bc5        0x8 Sensors.o
 .progmem.data._ZZ14ReadAnalogPorthhE3__c_3
                0x00003bcd       0x1c Sensors.o
 .progmem.data._ZZ14ReadAnalogPorthhE3__c_2
                0x00003be9        0x8 Sensors.o
 .progmem.data._ZZ14ReadAnalogPorthhE3__c_1
                0x00003bf1       0x1c Sensors.o
 .progmem.data._ZZ14ReadAnalogPorthhE3__c_0
                0x00003c0d        0x8 Sensors.o
 .progmem.data._ZZ14ReadAnalogPorthhE3__c
                0x00003c15       0x1c Sensors.o
 .progmem.data._ZZ19ViewValueAllSensorsvE3__c_7
                0x00003c31       0x30 Sensors.o
 .progmem.data._ZZ19ViewValueAllSensorsvE3__c_6
                0x00003c61        0x2 Sensors.o
 .progmem.data._ZZ19ViewValueAllSensorsvE3__c_5
                0x00003c63        0x2 Sensors.o
 .progmem.data._ZZ19ViewValueAllSensorsvE3__c_4
                0x00003c65        0x3 Sensors.o
 .progmem.data._ZZ19ViewValueAllSensorsvE3__c_3
                0x00003c68        0x3 Sensors.o
 .progmem.data._ZZ19ViewValueAllSensorsvE3__c_2
                0x00003c6b        0x2 Sensors.o
 .progmem.data._ZZ19ViewValueAllSensorsvE3__c_1
                0x00003c6d        0x3 Sensors.o
 .progmem.data._ZZ19ViewValueAllSensorsvE3__c_0
                0x00003c70       0x2d Sensors.o
 .progmem.data._ZZ19ViewValueAllSensorsvE3__c
                0x00003c9d       0x4e Sensors.o
 .progmem.data._ZZ15CalculateAM2302hhE3__c_6
                0x00003ceb        0x8 SensorsFuncs/Work_AM2302.o
 .progmem.data._ZZ15CalculateAM2302hhE3__c_5
                0x00003cf3       0x17 SensorsFuncs/Work_AM2302.o
 .progmem.data._ZZ15CalculateAM2302hhE3__c_4
                0x00003d0a        0x8 SensorsFuncs/Work_AM2302.o
 .progmem.data._ZZ15CalculateAM2302hhE3__c_3
                0x00003d12       0x17 SensorsFuncs/Work_AM2302.o
 .progmem.data._ZZ15CalculateAM2302hhE3__c_2
                0x00003d29        0x8 SensorsFuncs/Work_AM2302.o
 .progmem.data._ZZ15CalculateAM2302hhE3__c_1
                0x00003d31       0x17 SensorsFuncs/Work_AM2302.o
 .progmem.data._ZZ15CalculateAM2302hhE3__c_0
                0x00003d48        0x8 SensorsFuncs/Work_AM2302.o
 .progmem.data._ZZ15CalculateAM2302hhE3__c
                0x00003d50       0x17 SensorsFuncs/Work_AM2302.o
 .progmem.data._ZZ15CalculateBH1750hhE3__c_9
                0x00003d67       0x3c SensorsFuncs/Work_BH1750.o
 .progmem.data._ZZ15CalculateBH1750hhE3__c_8
                0x00003da3       0x36 SensorsFuncs/Work_BH1750.o
 .progmem.data._ZZ15CalculateBH1750hhE3__c_7
                0x00003dd9       0x42 SensorsFuncs/Work_BH1750.o
 .progmem.data._ZZ15CalculateBH1750hhE3__c_6
                0x00003e1b       0x3c SensorsFuncs/Work_BH1750.o
 .progmem.data._ZZ15CalculateBH1750hhE3__c_5
                0x00003e57       0x3c SensorsFuncs/Work_BH1750.o
 .progmem.data._ZZ15CalculateBH1750hhE3__c_4
                0x00003e93       0x36 SensorsFuncs/Work_BH1750.o
 .progmem.data._ZZ15CalculateBH1750hhE3__c_3
                0x00003ec9        0x8 SensorsFuncs/Work_BH1750.o
 .progmem.data._ZZ15CalculateBH1750hhE3__c_2
                0x00003ed1       0x24 SensorsFuncs/Work_BH1750.o
 .progmem.data._ZZ15CalculateBH1750hhE3__c_1
                0x00003ef5       0x18 SensorsFuncs/Work_BH1750.o
 .progmem.data._ZZ15CalculateBH1750hhE3__c_0
                0x00003f0d        0x6 SensorsFuncs/Work_BH1750.o
 .progmem.data._ZZ15CalculateBH1750hhE3__c
                0x00003f13        0x6 SensorsFuncs/Work_BH1750.o
 .progmem.data._ZZ15CalculateBME280hhE3__c_18
                0x00003f19        0x8 SensorsFuncs/Work_BME280.o
 .progmem.data._ZZ15CalculateBME280hhE3__c_17
                0x00003f21       0x18 SensorsFuncs/Work_BME280.o
 .progmem.data._ZZ15CalculateBME280hhE3__c_16
                0x00003f39        0x8 SensorsFuncs/Work_BME280.o
 .progmem.data._ZZ15CalculateBME280hhE3__c_15
                0x00003f41       0x17 SensorsFuncs/Work_BME280.o
 .progmem.data._ZZ15CalculateBME280hhE3__c_14
                0x00003f58        0x8 SensorsFuncs/Work_BME280.o
 .progmem.data._ZZ15CalculateBME280hhE3__c_13
                0x00003f60       0x17 SensorsFuncs/Work_BME280.o
 .progmem.data._ZZ15CalculateBME280hhE3__c_12
                0x00003f77        0x8 SensorsFuncs/Work_BME280.o
 .progmem.data._ZZ15CalculateBME280hhE3__c_11
                0x00003f7f       0x18 SensorsFuncs/Work_BME280.o
 .progmem.data._ZZ15CalculateBME280hhE3__c_10
                0x00003f97        0x8 SensorsFuncs/Work_BME280.o
 .progmem.data._ZZ15CalculateBME280hhE3__c_9
                0x00003f9f       0x17 SensorsFuncs/Work_BME280.o
 .progmem.data._ZZ15CalculateBME280hhE3__c_8
                0x00003fb6        0x8 SensorsFuncs/Work_BME280.o
 .progmem.data._ZZ15CalculateBME280hhE3__c_7
                0x00003fbe       0x17 SensorsFuncs/Work_BME280.o
 .progmem.data._ZZ15CalculateBME280hhE3__c_6
                0x00003fd5        0x8 SensorsFuncs/Work_BME280.o
 .progmem.data._ZZ15CalculateBME280hhE3__c_5
                0x00003fdd       0x17 SensorsFuncs/Work_BME280.o
 .progmem.data._ZZ15CalculateBME280hhE3__c_4
                0x00003ff4        0x8 SensorsFuncs/Work_BME280.o
 .progmem.data._ZZ15CalculateBME280hhE3__c_3
                0x00003ffc       0x18 SensorsFuncs/Work_BME280.o
 .progmem.data._ZZ15CalculateBME280hhE3__c_2
                0x00004014        0x8 SensorsFuncs/Work_BME280.o
 .progmem.data._ZZ15CalculateBME280hhE3__c_1
                0x0000401c       0x17 SensorsFuncs/Work_BME280.o
 .progmem.data._ZZ15CalculateBME280hhE3__c_0
                0x00004033        0x8 SensorsFuncs/Work_BME280.o
 .progmem.data._ZZ15CalculateBME280hhE3__c
                0x0000403b       0x17 SensorsFuncs/Work_BME280.o
 .progmem.data._ZZ15CalculateBMP280hhE3__c_6
                0x00004052        0x8 SensorsFuncs/Work_BMP280.o
 .progmem.data._ZZ15CalculateBMP280hhE3__c_5
                0x0000405a       0x18 SensorsFuncs/Work_BMP280.o
 .progmem.data._ZZ15CalculateBMP280hhE3__c_4
                0x00004072        0x8 SensorsFuncs/Work_BMP280.o
 .progmem.data._ZZ15CalculateBMP280hhE3__c_3
                0x0000407a       0x17 SensorsFuncs/Work_BMP280.o
 .progmem.data._ZZ15CalculateBMP280hhE3__c_2
                0x00004091        0x8 SensorsFuncs/Work_BMP280.o
 .progmem.data._ZZ15CalculateBMP280hhE3__c_1
                0x00004099       0x18 SensorsFuncs/Work_BMP280.o
 .progmem.data._ZZ15CalculateBMP280hhE3__c_0
                0x000040b1        0x8 SensorsFuncs/Work_BMP280.o
 .progmem.data._ZZ15CalculateBMP280hhE3__c
                0x000040b9       0x17 SensorsFuncs/Work_BMP280.o
 .progmem.data._ZZ16ProcessingErrorsfhhE3__c_1
                0x000040d0       0x12 SensorsFuncs/Work_BMP280.o
 .progmem.data._ZZ16ProcessingErrorsfhhE3__c_2
                0x000040e2        0xc SensorsFuncs/Work_BMP280.o
 .progmem.data._ZZ16ProcessingErrorsfhhE3__c_0
                0x000040ee        0x9 SensorsFuncs/Work_BMP280.o
 .progmem.data._ZZ16ProcessingErrorsfhhE3__c
                0x000040f7        0xc SensorsFuncs/Work_BMP280.o
 .progmem.data._ZZ14DS18B20_scanerhE3__c_8