Archive member included to satisfy reference by file (symbol)

C:\Green Box\Firmware\Main controller\CleverBox_ver1.5.1\CleverBox\ArduinoCore\Debug\libArduinoCore.a(HardwareSerial.o)
                              GSM.o (_ZN14HardwareSerial9availableEv)
C:\Green Box\Firmware\Main controller\CleverBox_ver1.5.1\CleverBox\ArduinoCore\Debug\libArduinoCore.a(HardwareSerial0.o)
                              ConfigSensors.o (Serial)
C:\Green Box\Firmware\Main controller\CleverBox_ver1.5.1\CleverBox\ArduinoCore\Debug\libArduinoCore.a(HardwareSerial2.o)
                              RecievedUART/RecievedDate.o (Serial2)
C:\Green Box\Firmware\Main controller\CleverBox_ver1.5.1\CleverBox\ArduinoCore\Debug\libArduinoCore.a(HardwareSerial3.o)
                              GSM.o (Serial3)
C:\Green Box\Firmware\Main controller\CleverBox_ver1.5.1\CleverBox\ArduinoCore\Debug\libArduinoCore.a(main.o)
                              D:/Atmel/Studio/7.0/Packs/atmel/ATmega_DFP/1.2.150/gcc/dev/atmega2560/avr6/crtatmega2560.o (main)
C:\Green Box\Firmware\Main controller\CleverBox_ver1.5.1\CleverBox\ArduinoCore\Debug\libArduinoCore.a(new.o)
                              SDcard.o (_Znwj)
C:\Green Box\Firmware\Main controller\CleverBox_ver1.5.1\CleverBox\ArduinoCore\Debug\libArduinoCore.a(Print.o)
                              lib/LiquidCrystal_I2C.o (_ZN5Print5writeEPKhj)
C:\Green Box\Firmware\Main controller\CleverBox_ver1.5.1\CleverBox\ArduinoCore\Debug\libArduinoCore.a(Stream.o)
                              GSM.o (_ZN6Stream10readStringEv)
C:\Green Box\Firmware\Main controller\CleverBox_ver1.5.1\CleverBox\ArduinoCore\Debug\libArduinoCore.a(Wire.o)
                              lib/HTU21D.o (_ZN7TwoWire9availableEv)
C:\Green Box\Firmware\Main controller\CleverBox_ver1.5.1\CleverBox\ArduinoCore\Debug\libArduinoCore.a(wiring.o)
                              GSM.o (millis)
C:\Green Box\Firmware\Main controller\CleverBox_ver1.5.1\CleverBox\ArduinoCore\Debug\libArduinoCore.a(wiring_digital.o)
                              ConfigSensors.o (pinMode)
C:\Green Box\Firmware\Main controller\CleverBox_ver1.5.1\CleverBox\ArduinoCore\Debug\libArduinoCore.a(WMath.o)
                              lib/Servo.o (_Z3maplllll)
C:\Green Box\Firmware\Main controller\CleverBox_ver1.5.1\CleverBox\ArduinoCore\Debug\libArduinoCore.a(WString.o)
                              GSM.o (_ZN6StringD2Ev)
C:\Green Box\Firmware\Main controller\CleverBox_ver1.5.1\CleverBox\ArduinoCore\Debug\libArduinoCore.a(abi.o)
                              C:\Green Box\Firmware\Main controller\CleverBox_ver1.5.1\CleverBox\ArduinoCore\Debug\libArduinoCore.a(Print.o) (__cxa_pure_virtual)
C:\Green Box\Firmware\Main controller\CleverBox_ver1.5.1\CleverBox\ArduinoCore\Debug\libArduinoCore.a(hooks.o)
                              C:\Green Box\Firmware\Main controller\CleverBox_ver1.5.1\CleverBox\ArduinoCore\Debug\libArduinoCore.a(wiring.o) (yield)
C:\Green Box\Firmware\Main controller\CleverBox_ver1.5.1\CleverBox\ArduinoCore\Debug\libArduinoCore.a(twi.o)
                              C:\Green Box\Firmware\Main controller\CleverBox_ver1.5.1\CleverBox\ArduinoCore\Debug\libArduinoCore.a(Wire.o) (twi_init)
d:/atmel/studio/7.0/toolchain/avr8/avr8-gnu-toolchain/bin/../lib/gcc/avr/5.4.0/avr6\libgcc.a(_mulsi3.o)
                              lib/BME280.o (__mulsi3)
d:/atmel/studio/7.0/toolchain/avr8/avr8-gnu-toolchain/bin/../lib/gcc/avr/5.4.0/avr6\libgcc.a(_udivmodqi4.o)
                              lib/iarduino_RTC.o (__udivmodqi4)
d:/atmel/studio/7.0/toolchain/avr8/avr8-gnu-toolchain/bin/../lib/gcc/avr/5.4.0/avr6\libgcc.a(_divmodhi4.o)
                              lib/BH1750.o (__divmodhi4)
d:/atmel/studio/7.0/toolchain/avr8/avr8-gnu-toolchain/bin/../lib/gcc/avr/5.4.0/avr6\libgcc.a(_udivmodsi4.o)
                              lib/iarduino_Pressure_BMP.o (__udivmodsi4)
d:/atmel/studio/7.0/toolchain/avr8/avr8-gnu-toolchain/bin/../lib/gcc/avr/5.4.0/avr6\libgcc.a(_divmodsi4.o)
                              ExecModules.o (__divmodsi4)
d:/atmel/studio/7.0/toolchain/avr8/avr8-gnu-toolchain/bin/../lib/gcc/avr/5.4.0/avr6\libgcc.a(_negsi2.o)
                              d:/atmel/studio/7.0/toolchain/avr8/avr8-gnu-toolchain/bin/../lib/gcc/avr/5.4.0/avr6\libgcc.a(_divmodsi4.o) (__negsi2)
d:/atmel/studio/7.0/toolchain/avr8/avr8-gnu-toolchain/bin/../lib/gcc/avr/5.4.0/avr6\libgcc.a(_exit.o)
                              D:/Atmel/Studio/7.0/Packs/atmel/ATmega_DFP/1.2.150/gcc/dev/atmega2560/avr6/crtatmega2560.o (exit)
d:/atmel/studio/7.0/toolchain/avr8/avr8-gnu-toolchain/bin/../lib/gcc/avr/5.4.0/avr6\libgcc.a(_tablejump2.o)
                              ConfigSensors.o (__tablejump2__)
d:/atmel/studio/7.0/toolchain/avr8/avr8-gnu-toolchain/bin/../lib/gcc/avr/5.4.0/avr6\libgcc.a(_copy_data.o)
                              ConfigSensors.o (__do_copy_data)
d:/atmel/studio/7.0/toolchain/avr8/avr8-gnu-toolchain/bin/../lib/gcc/avr/5.4.0/avr6\libgcc.a(_clear_bss.o)
[...]
Memory Configuration

Name             Origin             Length             Attributes
text             0x00000000         0x00100000         xr
data             0x00800200         0x0000fe00         rw !x
eeprom           0x00810000         0x00010000         rw !x
fuse             0x00820000         0x00000003         rw !x
lock             0x00830000         0x00000400         rw !x
signature        0x00840000         0x00000400         rw !x
user_signatures  0x00850000         0x00000400         rw !x
*default*        0x00000000         0xffffffff

Linker script and memory map

Address of section .data set to 0x800200
LOAD D:/Atmel/Studio/7.0/Packs/atmel/ATmega_DFP/1.2.150/gcc/dev/atmega2560/avr6/crtatmega2560.o
LOAD AirTransmission/AirTransmission.o
LOAD ConfigSensors.o
LOAD Configuration.o
LOAD DataToSerial.o
LOAD DigitalPorts.o
LOAD EEPROM_ADR.o
LOAD ExecModules.o
LOAD GSM.o
LOAD LCDdisplay.o
LOAD lib/AccelStepper.o
LOAD lib/Adafruit_INA219.o
LOAD lib/AM2320.o
LOAD lib/BH1750.o
LOAD lib/BME280.o
LOAD lib/BMP280.o
LOAD lib/DallasTemperature.o
LOAD lib/File.o
LOAD lib/HTU21D.o
LOAD lib/iarduino_Pressure_BMP.o
LOAD lib/iarduino_RTC.o
LOAD lib/LiquidCrystal_I2C.o
LOAD lib/MAX44009.o
LOAD lib/MultiStepper.o
LOAD lib/OneWire.o
LOAD lib/SD.o
LOAD lib/Sd2Card.o
LOAD lib/SdFile.o
LOAD lib/SdVolume.o
LOAD lib/Servo.o
LOAD lib/SPI.o
LOAD lib/TSL2561.o
LOAD main.o
LOAD ParsingDataOnSerial.o
LOAD RecievedUART/RecievedConfigController.o
LOAD RecievedUART/RecievedConfigModule.o
LOAD RecievedUART/RecievedControllCommand.o
LOAD RecievedUART/RecievedDate.o
LOAD RecievedUART/RecievedDebug.o
LOAD RecievedUART/RecievedGroup.o
LOAD RecievedUART/RecievedSensors.o
LOAD RecievedUART/RegisterSensors.o
LOAD SDcard.o
LOAD Sensors.o
LOAD SensorsFuncs/Work_AM2302.o
LOAD SensorsFuncs/Work_BH1750.o
LOAD SensorsFuncs/Work_BME280.o
LOAD SensorsFuncs/Work_BMP280.o
LOAD SensorsFuncs/Work_DS18B20.o
LOAD SensorsFuncs/Work_HTU21D.o
LOAD SensorsFuncs/Work_INA219.o
LOAD SensorsFuncs/Work_INA3221.o
LOAD SensorsFuncs/Work_LM75.o
LOAD SensorsFuncs/Work_MAX44009.o
LOAD SensorsFuncs/Work_TSL2561.o
LOAD Sketch.o
LOAD Warning.o
START GROUP
LOAD C:\Green Box\Firmware\Main controller\CleverBox_ver1.5.1\CleverBox\ArduinoCore\Debug\libArduinoCore.a
END GROUP
LOAD d:/atmel/studio/7.0/toolchain/avr8/avr8-gnu-toolchain/bin/../lib/gcc/avr/5.4.0/avr6\libgcc.a
LOAD d:/atmel/studio/7.0/toolchain/avr8/avr8-gnu-toolchain/bin/../lib/gcc/avr/5.4.0/../../../../avr/lib/avr6\libm.a
START GROUP
LOAD d:/atmel/studio/7.0/toolchain/avr8/avr8-gnu-toolchain/bin/../lib/gcc/avr/5.4.0/avr6\libgcc.a
LOAD d:/atmel/studio/7.0/toolchain/avr8/avr8-gnu-toolchain/bin/../lib/gcc/avr/5.4.0/../../../../avr/lib/avr6\libm.a
LOAD d:/atmel/studio/7.0/toolchain/avr8/avr8-gnu-toolchain/bin/../lib/gcc/avr/5.4.0/../../../../avr/lib/avr6\libc.a
LOAD D:/Atmel/Studio/7.0/Packs/atmel/ATmega_DFP/1.2.150/gcc/dev/atmega2560/avr6\libatmega2560.a
END GROUP
                0x00100000                __TEXT_REGION_LENGTH__ = DEFINED (__TEXT_REGION_LENGTH__)?__TEXT_REGION_LENGTH__:0x100000
                0x0000fe00                __DATA_REGION_LENGTH__ = DEFINED (__DATA_REGION_LENGTH__)?__DATA_REGION_LENGTH__:0xfe00
                0x00010000                __EEPROM_REGION_LENGTH__ = DEFINED (__EEPROM_REGION_LENGTH__)?__EEPROM_REGION_LENGTH__:0x10000
                [0x00000003]                __FUSE_REGION_LENGTH__ = DEFINED (__FUSE_REGION_LENGTH__)?__FUSE_REGION_LENGTH__:0x400
                0x00000400                __LOCK_REGION_LENGTH__ = DEFINED (__LOCK_REGION_LENGTH__)?__LOCK_REGION_LENGTH__:0x400
                0x00000400                __SIGNATURE_REGION_LENGTH__ = DEFINED (__SIGNATURE_REGION_LENGTH__)?__SIGNATURE_REGION_LENGTH__:0x400
                0x00000400                __USER_SIGNATURE_REGION_LENGTH__ = DEFINED (__USER_SIGNATURE_REGION_LENGTH__)?__USER_SIGNATURE_REGION_LENGTH__:0x400

.hash
 *(.hash)

.dynsym
 *(.dynsym)

.dynstr
 *(.dynstr)

.gnu.version
 *(.gnu.version)

.gnu.version_d
 *(.gnu.version_d)

.gnu.version_r
 *(.gnu.version_r)

.rel.init
 *(.rel.init)

.rela.init
 *(.rela.init)

.rel.text
 *(.rel.text)
 *(.rel.text.*)
 *(.rel.gnu.linkonce.t*)

.rela.text
 *(.rela.text)
 *(.rela.text.*)
 *(.rela.gnu.linkonce.t*)

.rel.fini
 *(.rel.fini)

.rela.fini
 *(.rela.fini)

.rel.rodata
 *(.rel.rodata)
 *(.rel.rodata.*)
 *(.rel.gnu.linkonce.r*)

.rela.rodata
 *(.rela.rodata)
 *(.rela.rodata.*)
 *(.rela.gnu.linkonce.r*)

.rel.data
 *(.rel.data)
 *(.rel.data.*)
 *(.rel.gnu.linkonce.d*)

.rela.data
 *(.rela.data)
 *(.rela.data.*)
 *(.rela.gnu.linkonce.d*)

.rel.ctors
 *(.rel.ctors)

.rela.ctors
 *(.rela.ctors)

.rel.dtors
 *(.rel.dtors)

.rela.dtors
 *(.rela.dtors)

.rel.got
 *(.rel.got)

.rela.got
 *(.rela.got)

.rel.bss
 *(.rel.bss)

.rela.bss
 *(.rela.bss)

.rel.plt
 *(.rel.plt)

.rela.plt
 *(.rela.plt)

.text           0x00000000    0x1b380
 *(.vectors)
 .vectors       0x00000000       0xe4 D:/Atmel/Studio/7.0/Packs/atmel/ATmega_DFP/1.2.150/gcc/dev/atmega2560/avr6/crtatmega2560.o
                0x00000000                __vector_default
                0x00000000                __vectors
 *(.vectors)
 *(.progmem.gcc*)
 .progmem.gcc_sw_table._Z12ConfigSensorh
                0x000000e4       0x14 ConfigSensors.o
 .progmem.gcc_sw_table._Z25ViewNameInputDigitalPortsh
                0x000000f8       0x12 DigitalPorts.o
 .progmem.gcc_sw_table._Z21ReadInputDigitalPortsh
                0x0000010a       0x12 DigitalPorts.o
 .progmem.gcc_sw_table._Z11DigitalPorthhh
                0x0000011c       0x50 DigitalPorts.o
 .progmem.gcc_sw_table._ZN12AccelStepper4stepEl
                0x0000016c       0x12 lib/AccelStepper.o
 .progmem.gcc_sw_table._ZN12AccelStepper5step8El
                0x0000017e        0xe lib/AccelStepper.o
 .progmem.gcc_sw_table._Z7TestCMDv
                0x0000018c       0x2a ParsingDataOnSerial.o
 .progmem.gcc_sw_table._Z8SetFlagsv
                0x000001b6       0x16 ParsingDataOnSerial.o
 .progmem.gcc_sw_table._Z12RecievedDatev
                0x000001cc        0xe RecievedUART/RecievedDate.o
 .progmem.gcc_sw_table._Z13RecievedDebugv
                0x000001da       0x3e RecievedUART/RecievedDebug.o
 .progmem.gcc_sw_table._Z18Read_ETAS_registerh
                0x00000218       0x18 RecievedUART/RegisterSensors.o
 .progmem.gcc_sw_table._Z16DefinitionSensorhh
                0x00000230       0x18 Sensors.o
 .progmem.gcc_sw_table.turnOffPWM
                0x00000248       0x24 C:\Green Box\Firmware\Main controller\CleverBox_ver1.5.1\CleverBox\ArduinoCore\Debug\libArduinoCore.a(wiring_digital.o)
                0x0000026c                . = ALIGN (0x2)
                0x0000026c                __trampolines_start = .
 *(.trampolines)
 .trampolines   0x0000026c        0x0 linker stubs
 *(.trampolines*)
                0x0000026c                __trampolines_end = .
 *libprintf_flt.a:*(.progmem.data)
 *libc.a:*(.progmem.data)
 .progmem.data  0x0000026c       0xfa d:/atmel/studio/7.0/toolchain/avr8/avr8-gnu-toolchain/bin/../lib/gcc/avr/5.4.0/../../../../avr/lib/avr6\libc.a(ftoa_engine.o)
 *(.progmem*)
 .progmem.data._ZZ12ConfigSensorhE3__c_0
                0x00000366        0x5 ConfigSensors.o
 .progmem.data._ZZ12ConfigSensorhE3__c
                0x0000036b       0x16 ConfigSensors.o
 .progmem.data._ZZ20InitializingMAX44009hhE3__c_1
                0x00000381        0x8 ConfigSensors.o
 .progmem.data._ZZ20InitializingMAX44009hhE3__c_0
                0x00000389        0x8 ConfigSensors.o
 .progmem.data._ZZ20InitializingMAX44009hhE3__c
                0x00000391       0x18 ConfigSensors.o
 .progmem.data._ZZ18InitializingBH1750hhE3__c_4
                0x000003a9        0x6 ConfigSensors.o
 .progmem.data._ZZ18InitializingBH1750hhE3__c_3
                0x000003af        0x5 ConfigSensors.o
 .progmem.data._ZZ18InitializingBH1750hhE3__c_2
                0x000003b4       0x1d ConfigSensors.o
 .progmem.data._ZZ18InitializingBH1750hhE3__c_1
                0x000003d1        0x6 ConfigSensors.o
 .progmem.data._ZZ18InitializingBH1750hhE3__c_0
                0x000003d7        0x5 ConfigSensors.o
 .progmem.data._ZZ18InitializingBH1750hhE3__c
                0x000003dc       0x1d ConfigSensors.o
 .progmem.data._ZZ19InitializingTSL2561hhE3__c_4
                0x000003f9        0x6 ConfigSensors.o
 .progmem.data._ZZ19InitializingTSL2561hhE3__c_3
                0x000003ff        0x5 ConfigSensors.o
 .progmem.data._ZZ19InitializingTSL2561hhE3__c_2
                0x00000404        0xf ConfigSensors.o
 .progmem.data._ZZ19InitializingTSL2561hhE3__c_1
                0x00000413       0x1e ConfigSensors.o
 .progmem.data._ZZ19InitializingTSL2561hhE3__c_0
                0x00000431       0x1e ConfigSensors.o
 .progmem.data._ZZ19InitializingTSL2561hhE3__c
                0x0000044f       0x1e ConfigSensors.o
 .progmem.data._ZZ18InitializingINA219hhE3__c_0
                0x0000046d        0x5 ConfigSensors.o
 .progmem.data._ZZ18InitializingINA219hhE3__c
                0x00000472       0x18 ConfigSensors.o
 .progmem.data._ZZ18InitializingBMP280hhE3__c_2
                0x0000048a        0x6 ConfigSensors.o
 .progmem.data._ZZ18InitializingBMP280hhE3__c_1
                0x00000490        0x5 ConfigSensors.o
 .progmem.data._ZZ18InitializingBMP280hhE3__c_0
                0x00000495       0x1d ConfigSensors.o
 .progmem.data._ZZ18InitializingBMP280hhE3__c
                0x000004b2       0x1d ConfigSensors.o
 .progmem.data._ZZ18InitializingHTU21DhhE3__c_1
                0x000004cf        0x5 ConfigSensors.o
 .progmem.data._ZZ18InitializingHTU21DhhE3__c_0
                0x000004d4       0x30 ConfigSensors.o
 .progmem.data._ZZ18InitializingHTU21DhhE3__c
                0x00000504       0x18 ConfigSensors.o
 .progmem.data._ZZ18InitializingBME280hhE3__c_2
                0x0000051c        0x6 ConfigSensors.o
 .progmem.data._ZZ18InitializingBME280hhE3__c_1
                0x00000522        0x5 ConfigSensors.o
 .progmem.data._ZZ18InitializingBME280hhE3__c_0
                0x00000527       0x1d ConfigSensors.o
 .progmem.data._ZZ18InitializingBME280hhE3__c
                0x00000544       0x1d ConfigSensors.o
 .progmem.data._ZZ19InitializingDS18B20hhE3__c_0
                0x00000561        0x5 ConfigSensors.o
 .progmem.data._ZZ19InitializingDS18B20hhE3__c
                0x00000566       0x19 ConfigSensors.o
 .progmem.data._ZZ11DigitalPorthhhE3__c_23
                0x0000057f       0x14 DigitalPorts.o
 .progmem.data._ZZ11DigitalPorthhhE3__c_22
                0x00000593        0xa DigitalPorts.o
 .progmem.data._ZZ11DigitalPorthhhE3__c_21
                0x0000059d        0xa DigitalPorts.o
 .progmem.data._ZZ11DigitalPorthhhE3__c_20
                0x000005a7        0xa DigitalPorts.o
 .progmem.data._ZZ11DigitalPorthhhE3__c_19
                0x000005b1        0xa DigitalPorts.o
 .progmem.data._ZZ11DigitalPorthhhE3__c_18
                0x000005bb        0xa DigitalPorts.o
 .progmem.data._ZZ11DigitalPorthhhE3__c_17
                0x000005c5        0x7 DigitalPorts.o
 .progmem.data._ZZ11DigitalPorthhhE3__c_16
                0x000005cc        0x7 DigitalPorts.o
 .progmem.data._ZZ11DigitalPorthhhE3__c_15
                0x000005d3        0x7 DigitalPorts.o
 .progmem.data._ZZ11DigitalPorthhhE3__c_14
                0x000005da        0x7 DigitalPorts.o
 .progmem.data._ZZ11DigitalPorthhhE3__c_13
                0x000005e1        0x7 DigitalPorts.o
 .progmem.data._ZZ11DigitalPorthhhE3__c_12
                0x000005e8        0x7 DigitalPorts.o
 .progmem.data._ZZ11DigitalPorthhhE3__c_11
                0x000005ef        0x7 DigitalPorts.o
 .progmem.data._ZZ11DigitalPorthhhE3__c_10
                0x000005f6        0x7 DigitalPorts.o
 .progmem.data._ZZ11DigitalPorthhhE3__c_9
                0x000005fd       0x10 DigitalPorts.o
 .progmem.data._ZZ11DigitalPorthhhE3__c_8
                0x0000060d       0x15 DigitalPorts.o
 .progmem.data._ZZ11DigitalPorthhhE3__c_7
                0x00000622        0xa DigitalPorts.o
 .progmem.data._ZZ11DigitalPorthhhE3__c_6
                0x0000062c        0xa DigitalPorts.o
 .progmem.data._ZZ11DigitalPorthhhE3__c_5
                0x00000636        0xa DigitalPorts.o
 .progmem.data._ZZ11DigitalPorthhhE3__c_4
                0x00000640        0xa DigitalPorts.o
 .progmem.data._ZZ11DigitalPorthhhE3__c_3
                0x0000064a        0xa DigitalPorts.o
 .progmem.data._ZZ11DigitalPorthhhE3__c_2
                0x00000654        0xa DigitalPorts.o
 .progmem.data._ZZ11DigitalPorthhhE3__c_1
                0x0000065e        0xa DigitalPorts.o
 .progmem.data._ZZ11DigitalPorthhhE3__c_0
                0x00000668        0xa DigitalPorts.o
 .progmem.data._ZZ11DigitalPorthhhE3__c
                0x00000672        0xa DigitalPorts.o
 .progmem.data._ZZ25ViewNameInputDigitalPortshE3__c_8
                0x0000067c        0xb DigitalPorts.o
 .progmem.data._ZZ25ViewNameInputDigitalPortshE3__c_7
                0x00000687       0x14 DigitalPorts.o
 .progmem.data._ZZ25ViewNameInputDigitalPortshE3__c_6
                0x0000069b       0x14 DigitalPorts.o
 .progmem.data._ZZ25ViewNameInputDigitalPortshE3__c_5
                0x000006af       0x14 DigitalPorts.o
 .progmem.data._ZZ25ViewNameInputDigitalPortshE3__c_4
                0x000006c3       0x14 DigitalPorts.o
 .progmem.data._ZZ25ViewNameInputDigitalPortshE3__c_3
                0x000006d7       0x14 DigitalPorts.o
 .progmem.data._ZZ25ViewNameInputDigitalPortshE3__c_2
                0x000006eb       0x14 DigitalPorts.o
 .progmem.data._ZZ25ViewNameInputDigitalPortshE3__c_1
                0x000006ff       0x14 DigitalPorts.o
 .progmem.data._ZZ25ViewNameInputDigitalPortshE3__c_0
                0x00000713       0x14 DigitalPorts.o
 .progmem.data._ZZ25ViewNameInputDigitalPortshE3__c
                0x00000727       0x14 DigitalPorts.o
 .progmem.data._ZZ18ViewStateAllSwitchvE3__c
                0x0000073b        0x2 DigitalPorts.o
 .progmem.data._ZZ11cleanEEPROMhE3__c_4
                0x0000073d       0x10 EEPROM_ADR.o
 .progmem.data._ZZ11cleanEEPROMhE3__c_3
                0x0000074d       0x27 EEPROM_ADR.o
 .progmem.data._ZZ11cleanEEPROMhE3__c_2
                0x00000774       0x29 EEPROM_ADR.o
 .progmem.data._ZZ11cleanEEPROMhE3__c_1
                0x0000079d       0x24 EEPROM_ADR.o
 .progmem.data._ZZ11cleanEEPROMhE3__c_0
                0x000007c1       0x26 EEPROM_ADR.o
 .progmem.data._ZZ11cleanEEPROMhE3__c
                0x000007e7       0x1b EEPROM_ADR.o
 .progmem.data._ZZ15RunStepperMotorhihE3__c_14
                0x00000802       0x27 ExecModules.o
 .progmem.data._ZZ15RunStepperMotorhihE3__c_13
                0x00000829       0x35 ExecModules.o
 .progmem.data._ZZ15RunStepperMotorhihE3__c_12
                0x0000085e       0x28 ExecModules.o
 .progmem.data._ZZ15RunStepperMotorhihE3__c_11
                0x00000886       0x2c ExecModules.o
 .progmem.data._ZZ15RunStepperMotorhihE3__c_10
                0x000008b2       0x28 ExecModules.o
 .progmem.data._ZZ15RunStepperMotorhihE3__c_9
                0x000008da       0x2d ExecModules.o
 .progmem.data._ZZ15RunStepperMotorhihE3__c_8
                0x00000907        0x3 ExecModules.o
 .progmem.data._ZZ15RunStepperMotorhihE3__c_7
                0x0000090a       0x12 ExecModules.o
 .progmem.data._ZZ15RunStepperMotorhihE3__c_6
                0x0000091c        0xf ExecModules.o
 .progmem.data._ZZ15RunStepperMotorhihE3__c_5
                0x0000092b        0xf ExecModules.o
 .progmem.data._ZZ15RunStepperMotorhihE3__c_4
                0x0000093a       0x28 ExecModules.o
 .progmem.data._ZZ15RunStepperMotorhihE3__c_3
                0x00000962        0x4 ExecModules.o
 .progmem.data._ZZ15RunStepperMotorhihE3__c_2
                0x00000966       0x15 ExecModules.o
 .progmem.data._ZZ15RunStepperMotorhihE3__c_1
                0x0000097b        0x4 ExecModules.o
 .progmem.data._ZZ15RunStepperMotorhihE3__c_0
                0x0000097f       0x18 ExecModules.o
 .progmem.data._ZZ15RunStepperMotorhihE3__c
                0x00000997        0x2 ExecModules.o
 .progmem.data._ZZ15ViewStateSwitchhE3__c_1
                0x00000999        0x1 ExecModules.o
 .progmem.data._ZZ15ViewStateSwitchhE3__c_0
                0x0000099a        0x3 ExecModules.o
 .progmem.data._ZZ15ViewStateSwitchhE3__c
                0x0000099d        0x4 ExecModules.o
 .progmem.data._ZZ13RunServoMotorhhE3__c_8
                0x000009a1       0x22 ExecModules.o
 .progmem.data._ZZ13RunServoMotorhhE3__c_7
                0x000009c3       0x20 ExecModules.o
 .progmem.data._ZZ13RunServoMotorhhE3__c_6
                0x000009e3       0x1f ExecModules.o
 .progmem.data._ZZ13RunServoMotorhhE3__c_5
                0x00000a02       0x1f ExecModules.o
 .progmem.data._ZZ13RunServoMotorhhE3__c_4
                0x00000a21       0x20 ExecModules.o
 .progmem.data._ZZ13RunServoMotorhhE3__c_3
                0x00000a41        0x2 ExecModules.o
 .progmem.data._ZZ13RunServoMotorhhE3__c_2
                0x00000a43       0x13 ExecModules.o
 .progmem.data._ZZ13RunServoMotorhhE3__c_1
                0x00000a56        0x2 ExecModules.o
 .progmem.data._ZZ13RunServoMotorhhE3__c_0
                0x00000a58        0x3 ExecModules.o
 .progmem.data._ZZ13RunServoMotorhhE3__c
                0x00000a5b       0x1e ExecModules.o
 .progmem.data._ZZ12RunPWMonPorthiE3__c_1
                0x00000a79        0x2 ExecModules.o
 .progmem.data._ZZ12RunPWMonPorthiE3__c_0
                0x00000a7b       0x11 ExecModules.o
 .progmem.data._ZZ12RunPWMonPorthiE3__c
                0x00000a8c       0x18 ExecModules.o
 .progmem.data._ZZ10serial3ISRvE3__c_2
                0x00000aa4        0xa GSM.o
 .progmem.data._ZZ10serial3ISRvE3__c_1
                0x00000aae        0x5 GSM.o
 .progmem.data._ZZ10serial3ISRvE3__c_0
                0x00000ab3        0x5 GSM.o
 .progmem.data._ZZ10serial3ISRvE3__c
                0x00000ab8        0xc GSM.o
 .progmem.data._ZZ9MasterSMSvE3__c_15
                0x00000ac4        0xa GSM.o
 .progmem.data._ZZ9MasterSMSvE3__c_16
                0x00000ace        0x3 GSM.o
 .progmem.data._ZZ9MasterSMSvE3__c_17
                0x00000ad1        0xc GSM.o
 .progmem.data._ZZ9MasterSMSvE3__c_14
                0x00000add        0x5 GSM.o
 .progmem.data._ZZ9MasterSMSvE3__c_6
                0x00000ae2        0xb GSM.o
 .progmem.data._ZZ9MasterSMSvE3__c_7
                0x00000aed        0x3 GSM.o
 .progmem.data._ZZ9MasterSMSvE3__c_8
                0x00000af0        0xa GSM.o
 .progmem.data._ZZ9MasterSMSvE3__c_9
                0x00000afa        0x3 GSM.o
 .progmem.data._ZZ9MasterSMSvE3__c_10
                0x00000afd        0xc GSM.o
 .progmem.data._ZZ9MasterSMSvE3__c_11
                0x00000b09        0xc GSM.o
 .progmem.data._ZZ9MasterSMSvE3__c_12
                0x00000b15        0xd GSM.o
 .progmem.data._ZZ9MasterSMSvE3__c_13
                0x00000b22        0x6 GSM.o
 .progmem.data._ZZ9MasterSMSvE3__c_5
                0x00000b28        0x7 GSM.o
 .progmem.data._ZZ9MasterSMSvE3__c_4
                0x00000b2f        0x8 GSM.o
 .progmem.data._ZZ9MasterSMSvE3__c_3
                0x00000b37       0x1e GSM.o
 .progmem.data._ZZ9MasterSMSvE3__c_2
                0x00000b55       0x13 GSM.o
 .progmem.data._ZZ9MasterSMSvE3__c_1
                0x00000b68       0x13 GSM.o
 .progmem.data._ZZ9MasterSMSvE3__c_0
                0x00000b7b        0xd GSM.o
 .progmem.data._ZZ9MasterSMSvE3__c
                0x00000b88        0xd GSM.o
 .progmem.data._ZZ8clearsmsvE3__c
                0x00000b95        0xa GSM.o
 .progmem.data._ZZ11SendGETGPRS6StringE3__c_6
                0x00000b9f       0x29 GSM.o
 .progmem.data._ZZ11SendGETGPRS6StringE3__c_5
                0x00000bc8       0x29 GSM.o
 .progmem.data._ZZ11SendGETGPRS6StringE3__c_4
                0x00000bf1       0x33 GSM.o
 .progmem.data._ZZ11SendGETGPRS6StringE3__c_3
                0x00000c24        0xc GSM.o
 .progmem.data._ZZ11SendGETGPRS6StringE3__c_2
                0x00000c30       0x10 GSM.o
 .progmem.data._ZZ11SendGETGPRS6StringE3__c_1
                0x00000c40       0x10 GSM.o
 .progmem.data._ZZ11SendGETGPRS6StringE3__c_0
                0x00000c50       0x14 GSM.o
 .progmem.data._ZZ11SendGETGPRS6StringE3__c
                0x00000c64        0xc GSM.o
 .progmem.data._ZZ20CheckRegistrationGSMbE3__c_6
                0x00000c70       0x15 GSM.o
 .progmem.data._ZZ20CheckRegistrationGSMbE3__c_5
                0x00000c85       0x2a GSM.o
 .progmem.data._ZZ20CheckRegistrationGSMbE3__c_4
                0x00000caf       0x14 GSM.o
 .progmem.data._ZZ20CheckRegistrationGSMbE3__c_3
                0x00000cc3       0x1d GSM.o
 .progmem.data._ZZ20CheckRegistrationGSMbE3__c_2
                0x00000ce0       0x43 GSM.o
 .progmem.data._ZZ20CheckRegistrationGSMbE3__c_1
                0x00000d23       0x3c GSM.o
 .progmem.data._ZZ20CheckRegistrationGSMbE3__c_0
                0x00000d5f        0x9 GSM.o
 .progmem.data._ZZ20CheckRegistrationGSMbE3__c
                0x00000d68       0x2a GSM.o
 .progmem.data._ZZ15InitializingGSMvE3__c_10
                0x00000d92       0x3a GSM.o
 .progmem.data._ZZ15InitializingGSMvE3__c_9
                0x00000dcc        0xb GSM.o
 .progmem.data._ZZ15InitializingGSMvE3__c_8
                0x00000dd7       0x1b GSM.o
 .progmem.data._ZZ15InitializingGSMvE3__c_7
                0x00000df2       0x29 GSM.o
 .progmem.data._ZZ15InitializingGSMvE3__c_6
                0x00000e1b       0x1e GSM.o
 .progmem.data._ZZ15InitializingGSMvE3__c_5
                0x00000e39       0x13 GSM.o
 .progmem.data._ZZ15InitializingGSMvE3__c_4
                0x00000e4c       0x43 GSM.o
 .progmem.data._ZZ15InitializingGSMvE3__c_3
                0x00000e8f        0xe GSM.o
 .progmem.data._ZZ15InitializingGSMvE3__c_2
                0x00000e9d        0xa GSM.o
 .progmem.data._ZZ15InitializingGSMvE3__c_1
                0x00000ea7        0xa GSM.o
 .progmem.data._ZZ15InitializingGSMvE3__c_0
                0x00000eb1       0x11 GSM.o
 .progmem.data._ZZ15InitializingGSMvE3__c
                0x00000ec2        0x5 GSM.o
 .progmem.data._ZZ28VerificationRegistrationGPRSvE3__c
                0x00000ec7        0xd GSM.o
 .progmem.data._ZZ16InitializingGPRSvE3__c_7
                0x00000ed4       0x3a GSM.o
 .progmem.data._ZZ16InitializingGPRSvE3__c_6
                0x00000f0e       0x3c GSM.o
 .progmem.data._ZZ16InitializingGPRSvE3__c_5
                0x00000f4a       0x14 GSM.o
 .progmem.data._ZZ16InitializingGPRSvE3__c_4
                0x00000f5e        0xc GSM.o
 .progmem.data._ZZ16InitializingGPRSvE3__c_3
                0x00000f6a        0xd GSM.o
 .progmem.data._ZZ16InitializingGPRSvE3__c_2
                0x00000f77       0x1d GSM.o
 .progmem.data._ZZ16InitializingGPRSvE3__c_1
                0x00000f94       0x1e GSM.o
 .progmem.data._ZZ16InitializingGPRSvE3__c_0
                0x00000fb2       0x29 GSM.o
 .progmem.data._ZZ16InitializingGPRSvE3__c
                0x00000fdb       0x1e GSM.o
 .progmem.data._ZZ20ViewErrorConnectGPRShE3__c_3
                0x00000ff9       0x2a GSM.o
 .progmem.data._ZZ20ViewErrorConnectGPRShE3__c_2
                0x00001023       0x1c GSM.o
 .progmem.data._ZZ20ViewErrorConnectGPRShE3__c_1
                0x0000103f       0x2c GSM.o
 .progmem.data._ZZ20ViewErrorConnectGPRShE3__c_0
                0x0000106b       0x18 GSM.o
 .progmem.data._ZZ20ViewErrorConnectGPRShE3__c
                0x00001083       0x34 GSM.o
 .progmem.data._ZL12AllowPhone_3
                0x000010b7        0xc GSM.o
 .progmem.data._ZL12AllowPhone_2
                0x000010c3        0xc GSM.o
 .progmem.data._ZL12AllowPhone_1
                0x000010cf        0xc GSM.o
 .progmem.data._ZL12AllowPhone_0
                0x000010db        0xc GSM.o
 .progmem.data._ZZ10WindowMenuhhE3__c_22
                0x000010e7        0x3 LCDdisplay.o
 .progmem.data._ZZ10WindowMenuhhE3__c_21
                0x000010ea        0x3 LCDdisplay.o
 .progmem.data._ZZ10WindowMenuhhE3__c_20
                0x000010ed        0x3 LCDdisplay.o
 .progmem.data._ZZ10WindowMenuhhE3__c_19
                0x000010f0        0x1 LCDdisplay.o
 .progmem.data._ZZ10WindowMenuhhE3__c_18
                0x000010f1       0x11 LCDdisplay.o
 .progmem.data._ZZ10WindowMenuhhE3__c_17
                0x00001102        0x5 LCDdisplay.o
 .progmem.data._ZZ10WindowMenuhhE3__c_16
                0x00001107        0x3 LCDdisplay.o
 .progmem.data._ZZ10WindowMenuhhE3__c_15
                0x0000110a        0x3 LCDdisplay.o
 .progmem.data._ZZ10WindowMenuhhE3__c_14
                0x0000110d        0x5 LCDdisplay.o
 .progmem.data._ZZ10WindowMenuhhE3__c_13
                0x00001112       0x11 LCDdisplay.o
 .progmem.data._ZZ10WindowMenuhhE3__c_12
                0x00001123        0x6 LCDdisplay.o
 .progmem.data._ZZ10WindowMenuhhE3__c_11
                0x00001129        0x2 LCDdisplay.o
 .progmem.data._ZZ10WindowMenuhhE3__c_10
                0x0000112b        0x6 LCDdisplay.o
 .progmem.data._ZZ10WindowMenuhhE3__c_9
                0x00001131       0x11 LCDdisplay.o
 .progmem.data._ZZ10WindowMenuhhE3__c_8
                0x00001142        0x2 LCDdisplay.o
 .progmem.data._ZZ10WindowMenuhhE3__c_7
                0x00001144        0x4 LCDdisplay.o
 .progmem.data._ZZ10WindowMenuhhE3__c_6
                0x00001148       0x11 LCDdisplay.o
 .progmem.data._ZZ10WindowMenuhhE3__c_5
                0x00001159        0x2 LCDdisplay.o
 .progmem.data._ZZ10WindowMenuhhE3__c_4
                0x0000115b        0x2 LCDdisplay.o
 .progmem.data._ZZ10WindowMenuhhE3__c_3
                0x0000115d       0x11 LCDdisplay.o
 .progmem.data._ZZ10WindowMenuhhE3__c_2
                0x0000116e        0x7 LCDdisplay.o
 .progmem.data._ZZ10WindowMenuhhE3__c_1
                0x00001175       0x11 LCDdisplay.o
 .progmem.data._ZZ10WindowMenuhhE3__c_0
                0x00001186        0xa LCDdisplay.o
 .progmem.data._ZZ10WindowMenuhhE3__c
                0x00001190       0x11 LCDdisplay.o
 .progmem.data._ZZN6BH175014readLightLevelEbE3__c
                0x000011a1       0x23 lib/BH1750.o
 .progmem.data._ZZN6BH17508setMTregEhE3__c_4
                0x000011c4       0x20 lib/BH1750.o
 .progmem.data._ZZN6BH17508setMTregEhE3__c_3
                0x000011e4       0x1c lib/BH1750.o
 .progmem.data._ZZN6BH17508setMTregEhE3__c_2
                0x00001200       0x32 lib/BH1750.o
 .progmem.data._ZZN6BH17508setMTregEhE3__c_1
                0x00001232       0x35 lib/BH1750.o
 .progmem.data._ZZN6BH17508setMTregEhE3__c_0
                0x00001267       0x2d lib/BH1750.o
 .progmem.data._ZZN6BH17508setMTregEhE3__c
                0x00001294       0x23 lib/BH1750.o
 .progmem.data._ZZN6BH17509configureENS_4ModeEE3__c_4
                0x000012b7       0x20 lib/BH1750.o
 .progmem.data._ZZN6BH17509configureENS_4ModeEE3__c_3
                0x000012d7       0x1c lib/BH1750.o
 .progmem.data._ZZN6BH17509configureENS_4ModeEE3__c_2
                0x000012f3       0x32 lib/BH1750.o
 .progmem.data._ZZN6BH17509configureENS_4ModeEE3__c_1
                0x00001325       0x35 lib/BH1750.o
 .progmem.data._ZZN6BH17509configureENS_4ModeEE3__c_0
                0x0000135a       0x2d lib/BH1750.o
 .progmem.data._ZZN6BH17509configureENS_4ModeEE3__c
                0x00001387       0x1d lib/BH1750.o
 .progmem.data._ZL11dscrc_table
                0x000013a4      0x100 lib/OneWire.o
 .progmem.data._ZZN6SdFile10make83NameEPKcPhE3__c
                0x000014a4       0x10 lib/SdFile.o
 .progmem.data._ZZ13TermostatFunchE3__c_2
                0x000014b4       0x14 main.o
 .progmem.data._ZZ13TermostatFunchE3__c_1
                0x000014c8       0x19 main.o
 .progmem.data._ZZ13TermostatFunchE3__c_0
                0x000014e1        0x2 main.o
 .progmem.data._ZZ13TermostatFunchE3__c
                0x000014e3       0x36 main.o
 .progmem.data._ZZ16ValidDataSensorshE3__c_0
                0x00001519       0x36 main.o
 .progmem.data._ZZ16ValidDataSensorshE3__c
                0x0000154f       0x43 main.o
 .progmem.data._ZZ18WorkThermostatModehE3__c_39
                0x00001592       0x47 main.o
 .progmem.data._ZZ18WorkThermostatModehE3__c_37
                0x000015d9       0x14 main.o
 .progmem.data._ZZ18WorkThermostatModehE3__c_38
                0x000015ed       0x18 main.o
 .progmem.data._ZZ18WorkThermostatModehE3__c_35
                0x00001605       0x14 main.o
 .progmem.data._ZZ18WorkThermostatModehE3__c_36
                0x00001619       0x17 main.o
 .progmem.data._ZZ18WorkThermostatModehE3__c_34
                0x00001630       0x3d main.o
 .progmem.data._ZZ18WorkThermostatModehE3__c_33
                0x0000166d        0x2 main.o
 .progmem.data._ZZ18WorkThermostatModehE3__c_32
                0x0000166f       0x10 main.o
 .progmem.data._ZZ18WorkThermostatModehE3__c_31
                0x0000167f        0x5 main.o
 .progmem.data._ZZ18WorkThermostatModehE3__c_30
                0x00001684       0x13 main.o
 .progmem.data._ZZ18WorkThermostatModehE3__c_29
                0x00001697        0x2 main.o
 .progmem.data._ZZ18WorkThermostatModehE3__c_28
                0x00001699       0x10 main.o
 .progmem.data._ZZ18WorkThermostatModehE3__c_27
                0x000016a9        0x5 main.o
 .progmem.data._ZZ18WorkThermostatModehE3__c_26
                0x000016ae       0x14 main.o
 .progmem.data._ZZ18WorkThermostatModehE3__c_25
                0x000016c2        0x2 main.o
 .progmem.data._ZZ18WorkThermostatModehE3__c_24
                0x000016c4       0x10 main.o
 .progmem.data._ZZ18WorkThermostatModehE3__c_23
                0x000016d4        0x5 main.o
 .progmem.data._ZZ18WorkThermostatModehE3__c_22
                0x000016d9       0x14 main.o
 .progmem.data._ZZ18WorkThermostatModehE3__c_21
                0x000016ed        0x2 main.o
 .progmem.data._ZZ18WorkThermostatModehE3__c_20
                0x000016ef       0x10 main.o
 .progmem.data._ZZ18WorkThermostatModehE3__c_19
                0x000016ff        0x5 main.o
 .progmem.data._ZZ18WorkThermostatModehE3__c_18
                0x00001704       0x14 main.o
 .progmem.data._ZZ18WorkThermostatModehE3__c_17
                0x00001718        0x2 main.o
 .progmem.data._ZZ18WorkThermostatModehE3__c_16
                0x0000171a       0x14 main.o
 .progmem.data._ZZ18WorkThermostatModehE3__c_15
                0x0000172e       0x10 main.o
 .progmem.data._ZZ18WorkThermostatModehE3__c_14
                0x0000173e        0x2 main.o
 .progmem.data._ZZ18WorkThermostatModehE3__c_13
                0x00001740       0x14 main.o
 .progmem.data._ZZ18WorkThermostatModehE3__c_12
                0x00001754       0x10 main.o
 .progmem.data._ZZ18WorkThermostatModehE3__c_11
                0x00001764       0x20 main.o
 .progmem.data._ZZ18WorkThermostatModehE3__c_10
                0x00001784       0x1b main.o
 .progmem.data._ZZ18WorkThermostatModehE3__c_9
                0x0000179f       0x1d main.o
 .progmem.data._ZZ18WorkThermostatModehE3__c_8
                0x000017bc        0x2 main.o
 .progmem.data._ZZ18WorkThermostatModehE3__c_7
                0x000017be       0x14 main.o
 .progmem.data._ZZ18WorkThermostatModehE3__c_6
                0x000017d2        0x8 main.o
 .progmem.data._ZZ18WorkThermostatModehE3__c_5
                0x000017da        0x5 main.o
 .progmem.data._ZZ18WorkThermostatModehE3__c_4
                0x000017df       0x18 main.o
 .progmem.data._ZZ18WorkThermostatModehE3__c_3
                0x000017f7       0x19 main.o
 .progmem.data._ZZ18WorkThermostatModehE3__c_2
                0x00001810       0x13 main.o
 .progmem.data._ZZ18WorkThermostatModehE3__c_1
                0x00001823       0x18 main.o
 .progmem.data._ZZ18WorkThermostatModehE3__c_0
                0x0000183b       0x18 main.o
 .progmem.data._ZZ18WorkThermostatModehE3__c
                0x00001853       0x1f main.o
 .progmem.data._ZZ11ExecModuleshhE3__c_12
                0x00001872       0x2f main.o
 .progmem.data._ZZ11ExecModuleshhE3__c_11
                0x000018a1       0x5b main.o
 .progmem.data._ZZ11ExecModuleshhE3__c_10
                0x000018fc        0x6 main.o
 .progmem.data._ZZ11ExecModuleshhE3__c_9
                0x00001902        0x7 main.o
 .progmem.data._ZZ11ExecModuleshhE3__c_8
                0x00001909       0x10 main.o
 .progmem.data._ZZ11ExecModuleshhE3__c_7
                0x00001919       0x1e main.o
 .progmem.data._ZZ11ExecModuleshhE3__c_6
                0x00001937       0x1c main.o
 .progmem.data._ZZ11ExecModuleshhE3__c_5
                0x00001953       0x17 main.o
 .progmem.data._ZZ11ExecModuleshhE3__c_4
                0x0000196a       0x1c main.o
 .progmem.data._ZZ11ExecModuleshhE3__c_3
                0x00001986       0x35 main.o
 .progmem.data._ZZ11ExecModuleshhE3__c_2
                0x000019bb       0x15 main.o
 .progmem.data._ZZ11ExecModuleshhE3__c_1
                0x000019d0       0x1c main.o
 .progmem.data._ZZ11ExecModuleshhE3__c_0
                0x000019ec       0x20 main.o
 .progmem.data._ZZ11ExecModuleshhE3__c
                0x00001a0c       0x1c main.o
 .progmem.data._ZZ13TimeIntervalsvE3__c_22
                0x00001a28       0x30 main.o
 .progmem.data._ZZ13TimeIntervalsvE3__c_21
                0x00001a58       0x4f main.o
 .progmem.data._ZZ13TimeIntervalsvE3__c_20
                0x00001aa7       0x30 main.o
 .progmem.data._ZZ13TimeIntervalsvE3__c_19
                0x00001ad7       0x20 main.o
 .progmem.data._ZZ13TimeIntervalsvE3__c_18
                0x00001af7        0x1 main.o
 .progmem.data._ZZ13TimeIntervalsvE3__c_0
                0x00001af8        0x6 main.o
 .progmem.data._ZZ13TimeIntervalsvE3__c_1
                0x00001afe        0x6 main.o
 .progmem.data._ZZ13TimeIntervalsvE3__c_2
                0x00001b04        0x6 main.o
 .progmem.data._ZZ13TimeIntervalsvE3__c_3
                0x00001b0a        0x6 main.o
 .progmem.data._ZZ13TimeIntervalsvE3__c_4
                0x00001b10        0x6 main.o
 .progmem.data._ZZ13TimeIntervalsvE3__c_5
                0x00001b16        0x6 main.o
 .progmem.data._ZZ13TimeIntervalsvE3__c_6
                0x00001b1c        0x6 main.o
 .progmem.data._ZZ13TimeIntervalsvE3__c_7
                0x00001b22        0x6 main.o
 .progmem.data._ZZ13TimeIntervalsvE3__c_8
                0x00001b28        0x6 main.o
 .progmem.data._ZZ13TimeIntervalsvE3__c_9
                0x00001b2e        0x7 main.o
 .progmem.data._ZZ13TimeIntervalsvE3__c_10
                0x00001b35        0x7 main.o
 .progmem.data._ZZ13TimeIntervalsvE3__c_11
                0x00001b3c        0x7 main.o
 .progmem.data._ZZ13TimeIntervalsvE3__c_12
                0x00001b43        0x7 main.o
 .progmem.data._ZZ13TimeIntervalsvE3__c_13
                0x00001b4a        0x7 main.o
 .progmem.data._ZZ13TimeIntervalsvE3__c_14
                0x00001b51        0x7 main.o
 .progmem.data._ZZ13TimeIntervalsvE3__c_15
                0x00001b58        0x7 main.o
 .progmem.data._ZZ13TimeIntervalsvE3__c_16
                0x00001b5f        0x6 main.o
 .progmem.data._ZZ13TimeIntervalsvE3__c_17
                0x00001b65        0x2 main.o
 .progmem.data._ZZ13TimeIntervalsvE3__c
                0x00001b67       0x26 main.o
 .progmem.data._ZZ26ArchiveRestoreSaveWordDatahE3__c_1
                0x00001b8d        0x3 main.o
 .progmem.data._ZZ26ArchiveRestoreSaveWordDatahE3__c_0
                0x00001b90       0x56 main.o
 .progmem.data._ZZ26ArchiveRestoreSaveWordDatahE3__c
                0x00001be6       0x6d main.o
 .progmem.data._ZZ24ProcessingDataFromSerialvE3__c_5
                0x00001c53       0x3d ParsingDataOnSerial.o
 .progmem.data._ZZ24ProcessingDataFromSerialvE3__c_4
                0x00001c90       0x46 ParsingDataOnSerial.o
 .progmem.data._ZZ24ProcessingDataFromSerialvE3__c_3
                0x00001cd6        0x3 ParsingDataOnSerial.o
 .progmem.data._ZZ24ProcessingDataFromSerialvE3__c_2
                0x00001cd9        0x3 ParsingDataOnSerial.o
 .progmem.data._ZZ24ProcessingDataFromSerialvE3__c_1
                0x00001cdc       0x3d ParsingDataOnSerial.o
 .progmem.data._ZZ24ProcessingDataFromSerialvE3__c_0
                0x00001d19       0x3b ParsingDataOnSerial.o
 .progmem.data._ZZ24ProcessingDataFromSerialvE3__c
                0x00001d54        0x4 ParsingDataOnSerial.o
 .progmem.data._ZZ24RecievedConfigControllervE3__c_70
                0x00001d58        0x2 RecievedUART/RecievedConfigController.o
 .progmem.data._ZZ24RecievedConfigControllervE3__c_69
                0x00001d5a        0x2 RecievedUART/RecievedConfigController.o
 .progmem.data._ZZ24RecievedConfigControllervE3__c_68
                0x00001d5c        0x2 RecievedUART/RecievedConfigController.o
 .progmem.data._ZZ24RecievedConfigControllervE3__c_67
                0x00001d5e        0x2 RecievedUART/RecievedConfigController.o
 .progmem.data._ZZ24RecievedConfigControllervE3__c_66
                0x00001d60        0x2 RecievedUART/RecievedConfigController.o
 .progmem.data._ZZ24RecievedConfigControllervE3__c_65
                0x00001d62        0x2 RecievedUART/RecievedConfigController.o
 .progmem.data._ZZ24RecievedConfigControllervE3__c_64
                0x00001d64        0x2 RecievedUART/RecievedConfigController.o
 .progmem.data._ZZ24RecievedConfigControllervE3__c_63
                0x00001d66        0x2 RecievedUART/RecievedConfigController.o
 .progmem.data._ZZ24RecievedConfigControllervE3__c_62
                0x00001d68        0x2 RecievedUART/RecievedConfigController.o
 .progmem.data._ZZ24RecievedConfigControllervE3__c_61
                0x00001d6a        0x2 RecievedUART/RecievedConfigController.o
 .progmem.data._ZZ24RecievedConfigControllervE3__c_60
                0x00001d6c        0x2 RecievedUART/RecievedConfigController.o
 .progmem.data._ZZ24RecievedConfigControllervE3__c_59
                0x00001d6e        0x2 RecievedUART/RecievedConfigController.o
 .progmem.data._ZZ24RecievedConfigControllervE3__c_58
                0x00001d70        0x2 RecievedUART/RecievedConfigController.o
 .progmem.data._ZZ24RecievedConfigControllervE3__c_57
                0x00001d72        0x2 RecievedUART/RecievedConfigController.o
 .progmem.data._ZZ24RecievedConfigControllervE3__c_56
                0x00001d74        0x2 RecievedUART/RecievedConfigController.o
 .progmem.data._ZZ24RecievedConfigControllervE3__c_55
                0x00001d76        0x2 RecievedUART/RecievedConfigController.o
 .progmem.data._ZZ24RecievedConfigControllervE3__c_54
                0x00001d78        0x2 RecievedUART/RecievedConfigController.o
 .progmem.data._ZZ24RecievedConfigControllervE3__c_53
                0x00001d7a        0x2 RecievedUART/RecievedConfigController.o
 .progmem.data._ZZ24RecievedConfigControllervE3__c_52
                0x00001d7c        0x2 RecievedUART/RecievedConfigController.o
 .progmem.data._ZZ24RecievedConfigControllervE3__c_51
                0x00001d7e        0x2 RecievedUART/RecievedConfigController.o
 .progmem.data._ZZ24RecievedConfigControllervE3__c_50
                0x00001d80        0x2 RecievedUART/RecievedConfigController.o
 .progmem.data._ZZ24RecievedConfigControllervE3__c_49
                0x00001d82        0x2 RecievedUART/RecievedConfigController.o
 .progmem.data._ZZ24RecievedConfigControllervE3__c_48
                0x00001d84        0x2 RecievedUART/RecievedConfigController.o
 .progmem.data._ZZ24RecievedConfigControllervE3__c_47
                0x00001d86        0x5 RecievedUART/RecievedConfigController.o
 .progmem.data._ZZ24RecievedConfigControllervE3__c_46
                0x00001d8b       0x29 RecievedUART/RecievedConfigController.o
 .progmem.data._ZZ24RecievedConfigControllervE3__c_45
                0x00001db4        0x8 RecievedUART/RecievedConfigController.o
 .progmem.data._ZZ24RecievedConfigControllervE3__c_44
                0x00001dbc       0x53 RecievedUART/RecievedConfigController.o
 .progmem.data._ZZ24RecievedConfigControllervE3__c_43
                0x00001e0f        0x8 RecievedUART/RecievedConfigController.o
 .progmem.data._ZZ24RecievedConfigControllervE3__c_42
                0x00001e17       0x1f RecievedUART/RecievedConfigController.o
 .progmem.data._ZZ24RecievedConfigControllervE3__c_41
                0x00001e36        0x8 RecievedUART/RecievedConfigController.o
 .progmem.data._ZZ24RecievedConfigControllervE3__c_40
                0x00001e3e       0x38 RecievedUART/RecievedConfigController.o
 .progmem.data._ZZ24RecievedConfigControllervE3__c_39
                0x00001e76       0x2d RecievedUART/RecievedConfigController.o
 .progmem.data._ZZ24RecievedConfigControllervE3__c_38
                0x00001ea3       0x11 RecievedUART/RecievedConfigController.o
 .progmem.data._ZZ24RecievedConfigControllervE3__c_37
                0x00001eb4        0xf RecievedUART/RecievedConfigController.o
 .progmem.data._ZZ24RecievedConfigControllervE3__c_36
                0x00001ec3        0x8 RecievedUART/RecievedConfigController.o
 .progmem.data._ZZ24RecievedConfigControllervE3__c_35
                0x00001ecb        0x7 RecievedUART/RecievedConfigController.o
 .progmem.data._ZZ24RecievedConfigControllervE3__c_34
                0x00001ed2       0x34 RecievedUART/RecievedConfigController.o
 .progmem.data._ZZ24RecievedConfigControllervE3__c_33
                0x00001f06        0x7 RecievedUART/RecievedConfigController.o
 .progmem.data._ZZ24RecievedConfigControllervE3__c_32
                0x00001f0d       0x45 RecievedUART/RecievedConfigController.o
 .progmem.data._ZZ24RecievedConfigControllervE3__c_31
                0x00001f52        0x7 RecievedUART/RecievedConfigController.o
 .progmem.data._ZZ24RecievedConfigControllervE3__c_30
                0x00001f59       0x3c RecievedUART/RecievedConfigController.o
 .progmem.data._ZZ24RecievedConfigControllervE3__c_29
                0x00001f95        0xf RecievedUART/RecievedConfigController.o
 .progmem.data._ZZ24RecievedConfigControllervE3__c_28
                0x00001fa4       0x11 RecievedUART/RecievedConfigController.o
 .progmem.data._ZZ24RecievedConfigControllervE3__c_27
                0x00001fb5       0x13 RecievedUART/RecievedConfigController.o
 .progmem.data._ZZ24RecievedConfigControllervE3__c_26
                0x00001fc8        0x6 RecievedUART/RecievedConfigController.o
 .progmem.data._ZZ24RecievedConfigControllervE3__c_25
                0x00001fce       0x27 RecievedUART/RecievedConfigController.o
 .progmem.data._ZZ24RecievedConfigControllervE3__c_24
                0x00001ff5       0x2b RecievedUART/RecievedConfigController.o
 .progmem.data._ZZ24RecievedConfigControllervE3__c_23
                0x00002020       0x1c RecievedUART/RecievedConfigController.o
 .progmem.data._ZZ24RecievedConfigControllervE3__c_22
                0x0000203c       0x19 RecievedUART/RecievedConfigController.o
 .progmem.data._ZZ24RecievedConfigControllervE3__c_21
                0x00002055       0x13 RecievedUART/RecievedConfigController.o
 .progmem.data._ZZ24RecievedConfigControllervE3__c_20
                0x00002068       0x13 RecievedUART/RecievedConfigController.o
 .progmem.data._ZZ24RecievedConfigControllervE3__c_19
                0x0000207b       0x22 RecievedUART/RecievedConfigController.o
 .progmem.data._ZZ24RecievedConfigControllervE3__c_18
                0x0000209d       0x2d RecievedUART/RecievedConfigController.o
 .progmem.data._ZZ24RecievedConfigControllervE3__c_17
                0x000020ca       0x15 RecievedUART/RecievedConfigController.o
 .progmem.data._ZZ24RecievedConfigControllervE3__c_16
                0x000020df        0x5 RecievedUART/RecievedConfigController.o
 .progmem.data._ZZ24RecievedConfigControllervE3__c_15
                0x000020e4        0x7 RecievedUART/RecievedConfigController.o
 .progmem.data._ZZ24RecievedConfigControllervE3__c_14
                0x000020eb       0x41 RecievedUART/RecievedConfigController.o
 .progmem.data._ZZ24RecievedConfigControllervE3__c_13
                0x0000212c       0x4b RecievedUART/RecievedConfigController.o
 .progmem.data._ZZ24RecievedConfigControllervE3__c_12
                0x00002177       0x27 RecievedUART/RecievedConfigController.o
 .progmem.data._ZZ24RecievedConfigControllervE3__c_11
                0x0000219e       0x36 RecievedUART/RecievedConfigController.o
 .progmem.data._ZZ24RecievedConfigControllervE3__c_10
                0x000021d4       0x20 RecievedUART/RecievedConfigController.o
 .progmem.data._ZZ24RecievedConfigControllervE3__c_9
                0x000021f4       0x25 RecievedUART/RecievedConfigController.o
 .progmem.data._ZZ24RecievedConfigControllervE3__c_8
                0x00002219       0x1c RecievedUART/RecievedConfigController.o
 .progmem.data._ZZ24RecievedConfigControllervE3__c_7
                0x00002235       0x1c RecievedUART/RecievedConfigController.o
 .progmem.data._ZZ24RecievedConfigControllervE3__c_6
                0x00002251       0x2c RecievedUART/RecievedConfigController.o
 .progmem.data._ZZ24RecievedConfigControllervE3__c_5
                0x0000227d       0x1e RecievedUART/RecievedConfigController.o
 .progmem.data._ZZ24RecievedConfigControllervE3__c_4
                0x0000229b        0x5 RecievedUART/RecievedConfigController.o
 .progmem.data._ZZ24RecievedConfigControllervE3__c_3
                0x000022a0        0x7 RecievedUART/RecievedConfigController.o
 .progmem.data._ZZ24RecievedConfigControllervE3__c_2
                0x000022a7       0x3d RecievedUART/RecievedConfigController.o
 .progmem.data._ZZ24RecievedConfigControllervE3__c_1
                0x000022e4       0x2a RecievedUART/RecievedConfigController.o
 .progmem.data._ZZ24RecievedConfigControllervE3__c_0
                0x0000230e       0x40 RecievedUART/RecievedConfigController.o
 .progmem.data._ZZ24RecievedConfigControllervE3__c
                0x0000234e       0x2c RecievedUART/RecievedConfigController.o
 .progmem.data._ZZ24RecievedConfigExecModulevE3__c_0
                0x0000237a        0x3 RecievedUART/RecievedConfigModule.o
 .progmem.data._ZZ24RecievedConfigExecModulevE3__c
                0x0000237d        0x3 RecievedUART/RecievedConfigModule.o
 .progmem.data._ZZ25WriteDataConfigExecModulevE3__c_0
                0x00002380        0xd RecievedUART/RecievedConfigModule.o
 .progmem.data._ZZ25WriteDataConfigExecModulevE3__c
                0x0000238d       0x19 RecievedUART/RecievedConfigModule.o
 .progmem.data._ZZ22SentConfigModuleExtAppvE3__c_16
                0x000023a6        0x2 RecievedUART/RecievedConfigModule.o
 .progmem.data._ZZ22SentConfigModuleExtAppvE3__c_15
                0x000023a8        0x2 RecievedUART/RecievedConfigModule.o
 .progmem.data._ZZ22SentConfigModuleExtAppvE3__c_14
                0x000023aa        0x2 RecievedUART/RecievedConfigModule.o
 .progmem.data._ZZ22SentConfigModuleExtAppvE3__c_13
                0x000023ac        0x2 RecievedUART/RecievedConfigModule.o
 .progmem.data._ZZ22SentConfigModuleExtAppvE3__c_12
                0x000023ae        0x2 RecievedUART/RecievedConfigModule.o
 .progmem.data._ZZ22SentConfigModuleExtAppvE3__c_11
                0x000023b0        0x2 RecievedUART/RecievedConfigModule.o
 .progmem.data._ZZ22SentConfigModuleExtAppvE3__c_10
                0x000023b2        0x2 RecievedUART/RecievedConfigModule.o
 .progmem.data._ZZ22SentConfigModuleExtAppvE3__c_9
                0x000023b4        0x2 RecievedUART/RecievedConfigModule.o
 .progmem.data._ZZ22SentConfigModuleExtAppvE3__c_8
                0x000023b6        0x2 RecievedUART/RecievedConfigModule.o
 .progmem.data._ZZ22SentConfigModuleExtAppvE3__c_7
                0x000023b8        0x2 RecievedUART/RecievedConfigModule.o
 .progmem.data._ZZ22SentConfigModuleExtAppvE3__c_6
                0x000023ba        0x2 RecievedUART/RecievedConfigModule.o
 .progmem.data._ZZ22SentConfigModuleExtAppvE3__c_5
                0x000023bc        0x2 RecievedUART/RecievedConfigModule.o
 .progmem.data._ZZ22SentConfigModuleExtAppvE3__c_4
                0x000023be        0x2 RecievedUART/RecievedConfigModule.o
 .progmem.data._ZZ22SentConfigModuleExtAppvE3__c_3
                0x000023c0        0x2 RecievedUART/RecievedConfigModule.o
 .progmem.data._ZZ22SentConfigModuleExtAppvE3__c_2
                0x000023c2        0x2 RecievedUART/RecievedConfigModule.o
 .progmem.data._ZZ22SentConfigModuleExtAppvE3__c_1
                0x000023c4        0x2 RecievedUART/RecievedConfigModule.o
 .progmem.data._ZZ22SentConfigModuleExtAppvE3__c_0
                0x000023c6        0x2 RecievedUART/RecievedConfigModule.o
 .progmem.data._ZZ22SentConfigModuleExtAppvE3__c
                0x000023c8        0x2 RecievedUART/RecievedConfigModule.o
 .progmem.data._ZZ20SentConfigModuleUARTvE3__c_51
                0x000023ca       0x24 RecievedUART/RecievedConfigModule.o
 .progmem.data._ZZ20SentConfigModuleUARTvE3__c_50
                0x000023ee        0xf RecievedUART/RecievedConfigModule.o
 .progmem.data._ZZ20SentConfigModuleUARTvE3__c_49
                0x000023fd        0xa RecievedUART/RecievedConfigModule.o
 .progmem.data._ZZ20SentConfigModuleUARTvE3__c_48
                0x00002407       0x11 RecievedUART/RecievedConfigModule.o
 .progmem.data._ZZ20SentConfigModuleUARTvE3__c_47
                0x00002418        0x1 RecievedUART/RecievedConfigModule.o
 .progmem.data._ZZ20SentConfigModuleUARTvE3__c_46
                0x00002419       0x11 RecievedUART/RecievedConfigModule.o
 .progmem.data._ZZ20SentConfigModuleUARTvE3__c_45
                0x0000242a        0x1 RecievedUART/RecievedConfigModule.o
 .progmem.data._ZZ20SentConfigModuleUARTvE3__c_44
                0x0000242b       0x13 RecievedUART/RecievedConfigModule.o
 .progmem.data._ZZ20SentConfigModuleUARTvE3__c_43
                0x0000243e        0xd RecievedUART/RecievedConfigModule.o
 .progmem.data._ZZ20SentConfigModuleUARTvE3__c_42
                0x0000244b       0x28 RecievedUART/RecievedConfigModule.o
 .progmem.data._ZZ20SentConfigModuleUARTvE3__c_41
                0x00002473        0x1 RecievedUART/RecievedConfigModule.o
 .progmem.data._ZZ20SentConfigModuleUARTvE3__c_40
                0x00002474        0xf RecievedUART/RecievedConfigModule.o
 .progmem.data._ZZ20SentConfigModuleUARTvE3__c_39
                0x00002483        0xd RecievedUART/RecievedConfigModule.o
 .progmem.data._ZZ20SentConfigModuleUARTvE3__c_38
                0x00002490        0x9 RecievedUART/RecievedConfigModule.o
 .progmem.data._ZZ20SentConfigModuleUARTvE3__c_37
                0x00002499        0x9 RecievedUART/RecievedConfigModule.o
 .progmem.data._ZZ20SentConfigModuleUARTvE3__c_36
                0x000024a2        0x7 RecievedUART/RecievedConfigModule.o
 .progmem.data._ZZ20SentConfigModuleUARTvE3__c_35
                0x000024a9        0xa RecievedUART/RecievedConfigModule.o
 .progmem.data._ZZ20SentConfigModuleUARTvE3__c_34
                0x000024b3       0x11 RecievedUART/RecievedConfigModule.o
 .progmem.data._ZZ20SentConfigModuleUARTvE3__c_33
                0x000024c4       0x14 RecievedUART/RecievedConfigModule.o
 .progmem.data._ZZ20SentConfigModuleUARTvE3__c_32
                0x000024d8       0x1a RecievedUART/RecievedConfigModule.o
 .progmem.data._ZZ20SentConfigModuleUARTvE3__c_31
                0x000024f2        0x1 RecievedUART/RecievedConfigModule.o
 .progmem.data._ZZ20SentConfigModuleUARTvE3__c_30
                0x000024f3        0xf RecievedUART/RecievedConfigModule.o
 .progmem.data._ZZ20SentConfigModuleUARTvE3__c_29
                0x00002502        0xc RecievedUART/RecievedConfigModule.o
 .progmem.data._ZZ20SentConfigModuleUARTvE3__c_28
                0x0000250e        0x4 RecievedUART/RecievedConfigModule.o
 .progmem.data._ZZ20SentConfigModuleUARTvE3__c_27
                0x00002512       0x14 RecievedUART/RecievedConfigModule.o
 .progmem.data._ZZ20SentConfigModuleUARTvE3__c_26
                0x00002526       0x1a RecievedUART/RecievedConfigModule.o
 .progmem.data._ZZ20SentConfigModuleUARTvE3__c_25
                0x00002540        0x1 RecievedUART/RecievedConfigModule.o
 .progmem.data._ZZ20SentConfigModuleUARTvE3__c_24
                0x00002541       0x20 RecievedUART/RecievedConfigModule.o
 .progmem.data._ZZ20SentConfigModuleUARTvE3__c_23
                0x00002561        0x7 RecievedUART/RecievedConfigModule.o
 .progmem.data._ZZ20SentConfigModuleUARTvE3__c_22
                0x00002568        0x9 RecievedUART/RecievedConfigModule.o
 .progmem.data._ZZ20SentConfigModuleUARTvE3__c_21
                0x00002571        0x3 RecievedUART/RecievedConfigModule.o
 .progmem.data._ZZ20SentConfigModuleUARTvE3__c_20
                0x00002574       0x2d RecievedUART/RecievedConfigModule.o
 .progmem.data._ZZ20SentConfigModuleUARTvE3__c_19
                0x000025a1       0x10 RecievedUART/RecievedConfigModule.o
 .progmem.data._ZZ20SentConfigModuleUARTvE3__c_18
                0x000025b1       0x39 RecievedUART/RecievedConfigModule.o
 .progmem.data._ZZ20SentConfigModuleUARTvE3__c_17
                0x000025ea       0x1c RecievedUART/RecievedConfigModule.o
 .progmem.data._ZZ20SentConfigModuleUARTvE3__c_16
                0x00002606       0x2e RecievedUART/RecievedConfigModule.o
 .progmem.data._ZZ20SentConfigModuleUARTvE3__c_15
                0x00002634       0x1a RecievedUART/RecievedConfigModule.o
 .progmem.data._ZZ20SentConfigModuleUARTvE3__c_14
                0x0000264e       0x2c RecievedUART/RecievedConfigModule.o
 .progmem.data._ZZ20SentConfigModuleUARTvE3__c_13
                0x0000267a        0x5 RecievedUART/RecievedConfigModule.o
 .progmem.data._ZZ20SentConfigModuleUARTvE3__c_12
                0x0000267f       0x39 RecievedUART/RecievedConfigModule.o
 .progmem.data._ZZ20SentConfigModuleUARTvE3__c_11
                0x000026b8        0xd RecievedUART/RecievedConfigModule.o
 .progmem.data._ZZ20SentConfigModuleUARTvE3__c_10
                0x000026c5       0x1d RecievedUART/RecievedConfigModule.o
 .progmem.data._ZZ20SentConfigModuleUARTvE3__c_9
                0x000026e2       0x1a RecievedUART/RecievedConfigModule.o
 .progmem.data._ZZ20SentConfigModuleUARTvE3__c_8
                0x000026fc        0x1 RecievedUART/RecievedConfigModule.o
 .progmem.data._ZZ20SentConfigModuleUARTvE3__c_7
                0x000026fd       0x20 RecievedUART/RecievedConfigModule.o
 .progmem.data._ZZ20SentConfigModuleUARTvE3__c_6
                0x0000271d       0x1a RecievedUART/RecievedConfigModule.o
 .progmem.data._ZZ20SentConfigModuleUARTvE3__c_5
                0x00002737       0x16 RecievedUART/RecievedConfigModule.o
 .progmem.data._ZZ20SentConfigModuleUARTvE3__c_4
                0x0000274d        0xd RecievedUART/RecievedConfigModule.o
 .progmem.data._ZZ20SentConfigModuleUARTvE3__c_3
                0x0000275a        0xf RecievedUART/RecievedConfigModule.o
 .progmem.data._ZZ20SentConfigModuleUARTvE3__c_2
                0x00002769       0x11 RecievedUART/RecievedConfigModule.o
 .progmem.data._ZZ20SentConfigModuleUARTvE3__c_1
                0x0000277a       0x22 RecievedUART/RecievedConfigModule.o
 .progmem.data._ZZ20SentConfigModuleUARTvE3__c_0
                0x0000279c        0xa RecievedUART/RecievedConfigModule.o
 .progmem.data._ZZ20SentConfigModuleUARTvE3__c
                0x000027a6       0x1f RecievedUART/RecievedConfigModule.o
 .progmem.data._ZZ12RecievedDatevE3__c_20
                0x000027c5        0x2 RecievedUART/RecievedDate.o
 .progmem.data._ZZ12RecievedDatevE3__c_19
                0x000027c7        0x2 RecievedUART/RecievedDate.o
 .progmem.data._ZZ12RecievedDatevE3__c_18
                0x000027c9        0x2 RecievedUART/RecievedDate.o
 .progmem.data._ZZ12RecievedDatevE3__c_17
                0x000027cb        0x2 RecievedUART/RecievedDate.o
 .progmem.data._ZZ12RecievedDatevE3__c_16
                0x000027cd        0x2 RecievedUART/RecievedDate.o
 .progmem.data._ZZ12RecievedDatevE3__c_15
                0x000027cf        0x2 RecievedUART/RecievedDate.o
 .progmem.data._ZZ12RecievedDatevE3__c_14
                0x000027d1        0x2 RecievedUART/RecievedDate.o
 .progmem.data._ZZ12RecievedDatevE3__c_13
                0x000027d3        0x2 RecievedUART/RecievedDate.o
 .progmem.data._ZZ12RecievedDatevE3__c_12
                0x000027d5        0x2 RecievedUART/RecievedDate.o
 .progmem.data._ZZ12RecievedDatevE3__c_11
                0x000027d7        0x2 RecievedUART/RecievedDate.o
 .progmem.data._ZZ12RecievedDatevE3__c_10
                0x000027d9        0x2 RecievedUART/RecievedDate.o
 .progmem.data._ZZ12RecievedDatevE3__c_9
                0x000027db        0x2 RecievedUART/RecievedDate.o
 .progmem.data._ZZ12RecievedDatevE3__c_8
                0x000027dd        0x7 RecievedUART/RecievedDate.o
 .progmem.data._ZZ12RecievedDatevE3__c_7
                0x000027e4        0x9 RecievedUART/RecievedDate.o
 .progmem.data._ZZ12RecievedDatevE3__c_6
                0x000027ed        0x7 RecievedUART/RecievedDate.o
 .progmem.data._ZZ12RecievedDatevE3__c_5
                0x000027f4        0x9 RecievedUART/RecievedDate.o
 .progmem.data._ZZ12RecievedDatevE3__c_4
                0x000027fd        0xa RecievedUART/RecievedDate.o
 .progmem.data._ZZ12RecievedDatevE3__c_3
                0x00002807        0x8 RecievedUART/RecievedDate.o
 .progmem.data._ZZ12RecievedDatevE3__c_2
                0x0000280f        0x7 RecievedUART/RecievedDate.o
 .progmem.data._ZZ12RecievedDatevE3__c_1
                0x00002816        0x2 RecievedUART/RecievedDate.o
 .progmem.data._ZZ12RecievedDatevE3__c_0
                0x00002818        0x2 RecievedUART/RecievedDate.o
 .progmem.data._ZZ12RecievedDatevE3__c
                0x0000281a       0x20 RecievedUART/RecievedDate.o
 .progmem.data._ZZ13RecievedDebugvE3__c_26
                0x0000283a        0x2 RecievedUART/RecievedDebug.o
 .progmem.data._ZZ13RecievedDebugvE3__c_25
                0x0000283c        0x3 RecievedUART/RecievedDebug.o
 .progmem.data._ZZ13RecievedDebugvE3__c_24
                0x0000283f        0x4 RecievedUART/RecievedDebug.o
 .progmem.data._ZZ13RecievedDebugvE3__c_23
                0x00002843        0x3 RecievedUART/RecievedDebug.o
 .progmem.data._ZZ13RecievedDebugvE3__c_22
                0x00002846       0x61 RecievedUART/RecievedDebug.o
 .progmem.data._ZZ13RecievedDebugvE3__c_21
                0x000028a7        0x9 RecievedUART/RecievedDebug.o
 .progmem.data._ZZ13RecievedDebugvE3__c_20
                0x000028b0        0x8 RecievedUART/RecievedDebug.o
 .progmem.data._ZZ13RecievedDebugvE3__c_19
                0x000028b8        0x7 RecievedUART/RecievedDebug.o
 .progmem.data._ZZ13RecievedDebugvE3__c_18
                0x000028bf        0x7 RecievedUART/RecievedDebug.o
 .progmem.data._ZZ13RecievedDebugvE3__c_17
                0x000028c6        0x7 RecievedUART/RecievedDebug.o
 .progmem.data._ZZ13RecievedDebugvE3__c_16
                0x000028cd        0xa RecievedUART/RecievedDebug.o
 .progmem.data._ZZ13RecievedDebugvE3__c_15
                0x000028d7        0x7 RecievedUART/RecievedDebug.o
 .progmem.data._ZZ13RecievedDebugvE3__c_14
                0x000028de        0x8 RecievedUART/RecievedDebug.o
 .progmem.data._ZZ13RecievedDebugvE3__c_13
                0x000028e6        0x9 RecievedUART/RecievedDebug.o
 .progmem.data._ZZ13RecievedDebugvE3__c_12
                0x000028ef        0x9 RecievedUART/RecievedDebug.o
 .progmem.data._ZZ13RecievedDebugvE3__c_11
                0x000028f8        0x7 RecievedUART/RecievedDebug.o
 .progmem.data._ZZ13RecievedDebugvE3__c_10
                0x000028ff        0x4 RecievedUART/RecievedDebug.o
 .progmem.data._ZZ13RecievedDebugvE3__c_9
                0x00002903        0x3 RecievedUART/RecievedDebug.o
 .progmem.data._ZZ13RecievedDebugvE3__c_8
                0x00002906        0x2 RecievedUART/RecievedDebug.o
 .progmem.data._ZZ13RecievedDebugvE3__c_7
                0x00002908        0x2 RecievedUART/RecievedDebug.o
 .progmem.data._ZZ13RecievedDebugvE3__c_6
                0x0000290a        0xe RecievedUART/RecievedDebug.o
 .progmem.data._ZZ13RecievedDebugvE3__c_5
                0x00002918        0x9 RecievedUART/RecievedDebug.o
 .progmem.data._ZZ13RecievedDebugvE3__c_4
                0x00002921        0x2 RecievedUART/RecievedDebug.o
 .progmem.data._ZZ13RecievedDebugvE3__c_3
                0x00002923        0x2 RecievedUART/RecievedDebug.o
 .progmem.data._ZZ13RecievedDebugvE3__c_2
                0x00002925        0x2 RecievedUART/RecievedDebug.o
 .progmem.data._ZZ13RecievedDebugvE3__c_1
                0x00002927       0x25 RecievedUART/RecievedDebug.o
 .progmem.data._ZZ13RecievedDebugvE3__c_0
                0x0000294c        0xe RecievedUART/RecievedDebug.o
 .progmem.data._ZZ13RecievedDebugvE3__c
                0x0000295a       0x30 RecievedUART/RecievedDebug.o
 .progmem.data._ZZ22ViewStateLoginToSerialhE3__c_4
                0x0000298a        0x7 RecievedUART/RecievedDebug.o
 .progmem.data._ZZ22ViewStateLoginToSerialhE3__c_3
                0x00002991       0x11 RecievedUART/RecievedDebug.o
 .progmem.data._ZZ22ViewStateLoginToSerialhE3__c_2
                0x000029a2       0x2a RecievedUART/RecievedDebug.o
 .progmem.data._ZZ22ViewStateLoginToSerialhE3__c_1
                0x000029cc       0x22 RecievedUART/RecievedDebug.o
 .progmem.data._ZZ22ViewStateLoginToSerialhE3__c_0
                0x000029ee        0xf RecievedUART/RecievedDebug.o
 .progmem.data._ZZ22ViewStateLoginToSerialhE3__c
                0x000029fd       0x13 RecievedUART/RecievedDebug.o
 .progmem.data._ZZ16WriteConfigGroupvE3__c
                0x00002a10       0x20 RecievedUART/RecievedGroup.o
 .progmem.data._ZZ25SentDebugConfigModuleUARTvE3__c_31
                0x00002a30       0x28 RecievedUART/RecievedGroup.o
 .progmem.data._ZZ25SentDebugConfigModuleUARTvE3__c_30
                0x00002a58        0x1 RecievedUART/RecievedGroup.o
 .progmem.data._ZZ25SentDebugConfigModuleUARTvE3__c_29
                0x00002a59        0x2 RecievedUART/RecievedGroup.o
 .progmem.data._ZZ25SentDebugConfigModuleUARTvE3__c_28
                0x00002a5b        0xe RecievedUART/RecievedGroup.o
 .progmem.data._ZZ25SentDebugConfigModuleUARTvE3__c_27
                0x00002a69       0x23 RecievedUART/RecievedGroup.o
 .progmem.data._ZZ25SentDebugConfigModuleUARTvE3__c_26
                0x00002a8c        0xc RecievedUART/RecievedGroup.o
 .progmem.data._ZZ25SentDebugConfigModuleUARTvE3__c_25
                0x00002a98        0x2 RecievedUART/RecievedGroup.o
 .progmem.data._ZZ25SentDebugConfigModuleUARTvE3__c_24
                0x00002a9a        0xd RecievedUART/RecievedGroup.o
 .progmem.data._ZZ25SentDebugConfigModuleUARTvE3__c_23
                0x00002aa7        0x2 RecievedUART/RecievedGroup.o
 .progmem.data._ZZ25SentDebugConfigModuleUARTvE3__c_22
                0x00002aa9        0xc RecievedUART/RecievedGroup.o
 .progmem.data._ZZ25SentDebugConfigModuleUARTvE3__c_21
                0x00002ab5        0x2 RecievedUART/RecievedGroup.o
 .progmem.data._ZZ25SentDebugConfigModuleUARTvE3__c_20
                0x00002ab7        0xd RecievedUART/RecievedGroup.o
 .progmem.data._ZZ25SentDebugConfigModuleUARTvE3__c_19
                0x00002ac4        0x1 RecievedUART/RecievedGroup.o
 .progmem.data._ZZ25SentDebugConfigModuleUARTvE3__c_18
                0x00002ac5       0x12 RecievedUART/RecievedGroup.o
 .progmem.data._ZZ25SentDebugConfigModuleUARTvE3__c_17
                0x00002ad7       0x10 RecievedUART/RecievedGroup.o
 .progmem.data._ZZ25SentDebugConfigModuleUARTvE3__c_16
                0x00002ae7       0x10 RecievedUART/RecievedGroup.o
 .progmem.data._ZZ25SentDebugConfigModuleUARTvE3__c_15
                0x00002af7       0x10 RecievedUART/RecievedGroup.o
 .progmem.data._ZZ25SentDebugConfigModuleUARTvE3__c_14
                0x00002b07        0x1 RecievedUART/RecievedGroup.o
 .progmem.data._ZZ25SentDebugConfigModuleUARTvE3__c_13
                0x00002b08        0x1 RecievedUART/RecievedGroup.o
 .progmem.data._ZZ25SentDebugConfigModuleUARTvE3__c_12
                0x00002b09        0xa RecievedUART/RecievedGroup.o
 .progmem.data._ZZ25SentDebugConfigModuleUARTvE3__c_11
                0x00002b13        0x9 RecievedUART/RecievedGroup.o
 .progmem.data._ZZ25SentDebugConfigModuleUARTvE3__c_10
                0x00002b1c       0x14 RecievedUART/RecievedGroup.o
 .progmem.data._ZZ25SentDebugConfigModuleUARTvE3__c_9
                0x00002b30       0x1c RecievedUART/RecievedGroup.o
 .progmem.data._ZZ25SentDebugConfigModuleUARTvE3__c_8
                0x00002b4c       0x1c RecievedUART/RecievedGroup.o
 .progmem.data._ZZ25SentDebugConfigModuleUARTvE3__c_7
                0x00002b68       0x54 RecievedUART/RecievedGroup.o
 .progmem.data._ZZ25SentDebugConfigModuleUARTvE3__c_6
                0x00002bbc       0x43 RecievedUART/RecievedGroup.o
 .progmem.data._ZZ25SentDebugConfigModuleUARTvE3__c_5
                0x00002bff       0x2d RecievedUART/RecievedGroup.o
 .progmem.data._ZZ25SentDebugConfigModuleUARTvE3__c_4
                0x00002c2c       0x11 RecievedUART/RecievedGroup.o
 .progmem.data._ZZ25SentDebugConfigModuleUARTvE3__c_3
                0x00002c3d        0x4 RecievedUART/RecievedGroup.o
 .progmem.data._ZZ25SentDebugConfigModuleUARTvE3__c_2
                0x00002c41        0x3 RecievedUART/RecievedGroup.o
 .progmem.data._ZZ25SentDebugConfigModuleUARTvE3__c_1
                0x00002c44        0x9 RecievedUART/RecievedGroup.o
 .progmem.data._ZZ25SentDebugConfigModuleUARTvE3__c_0
                0x00002c4d        0xe RecievedUART/RecievedGroup.o
 .progmem.data._ZZ25SentDebugConfigModuleUARTvE3__c
                0x00002c5b       0x1b RecievedUART/RecievedGroup.o
 .progmem.data._ZZ21SentConfigGroupExtAppvE3__c_11
                0x00002c76        0x2 RecievedUART/RecievedGroup.o
 .progmem.data._ZZ21SentConfigGroupExtAppvE3__c_10
                0x00002c78        0x2 RecievedUART/RecievedGroup.o
 .progmem.data._ZZ21SentConfigGroupExtAppvE3__c_9
                0x00002c7a        0x2 RecievedUART/RecievedGroup.o
 .progmem.data._ZZ21SentConfigGroupExtAppvE3__c_8
                0x00002c7c        0x2 RecievedUART/RecievedGroup.o
 .progmem.data._ZZ21SentConfigGroupExtAppvE3__c_7
                0x00002c7e        0x2 RecievedUART/RecievedGroup.o
 .progmem.data._ZZ21SentConfigGroupExtAppvE3__c_6
                0x00002c80        0x2 RecievedUART/RecievedGroup.o
 .progmem.data._ZZ21SentConfigGroupExtAppvE3__c_5
                0x00002c82        0x2 RecievedUART/RecievedGroup.o
 .progmem.data._ZZ21SentConfigGroupExtAppvE3__c_4
                0x00002c84        0x2 RecievedUART/RecievedGroup.o
 .progmem.data._ZZ21SentConfigGroupExtAppvE3__c_3
                0x00002c86        0x2 RecievedUART/RecievedGroup.o
 .progmem.data._ZZ21SentConfigGroupExtAppvE3__c_2
                0x00002c88        0x2 RecievedUART/RecievedGroup.o
 .progmem.data._ZZ21SentConfigGroupExtAppvE3__c_1
                0x00002c8a        0x2 RecievedUART/RecievedGroup.o
 .progmem.data._ZZ21SentConfigGroupExtAppvE3__c_0
                0x00002c8c        0x2 RecievedUART/RecievedGroup.o
 .progmem.data._ZZ21SentConfigGroupExtAppvE3__c
                0x00002c8e        0x3 RecievedUART/RecievedGroup.o
 .progmem.data._ZZ15RecievedSensorsvE3__c_1
                0x00002c91        0x3 RecievedUART/RecievedSensors.o
 .progmem.data._ZZ15RecievedSensorsvE3__c_0
                0x00002c94        0x3 RecievedUART/RecievedSensors.o
 .progmem.data._ZZ15RecievedSensorsvE3__c
                0x00002c97       0x16 RecievedUART/RecievedSensors.o
 .progmem.data._ZZ18WriteConfigSensorsvE3__c_0
                0x00002cad       0x24 RecievedUART/RecievedSensors.o
 .progmem.data._ZZ18WriteConfigSensorsvE3__c
                0x00002cd1        0x8 RecievedUART/RecievedSensors.o
 .progmem.data._ZZ23SentConfigSensorsExtAppvE3__c_25
                0x00002cd9        0x2 RecievedUART/RecievedSensors.o
 .progmem.data._ZZ23SentConfigSensorsExtAppvE3__c_24
                0x00002cdb        0x2 RecievedUART/RecievedSensors.o
 .progmem.data._ZZ23SentConfigSensorsExtAppvE3__c_23
                0x00002cdd        0x2 RecievedUART/RecievedSensors.o
 .progmem.data._ZZ23SentConfigSensorsExtAppvE3__c_22
                0x00002cdf        0x2 RecievedUART/RecievedSensors.o
 .progmem.data._ZZ23SentConfigSensorsExtAppvE3__c_21
                0x00002ce1        0x2 RecievedUART/RecievedSensors.o
 .progmem.data._ZZ23SentConfigSensorsExtAppvE3__c_20
                0x00002ce3        0x2 RecievedUART/RecievedSensors.o
 .progmem.data._ZZ23SentConfigSensorsExtAppvE3__c_19
                0x00002ce5        0x2 RecievedUART/RecievedSensors.o
 .progmem.data._ZZ23SentConfigSensorsExtAppvE3__c_18
                0x00002ce7        0x2 RecievedUART/RecievedSensors.o
 .progmem.data._ZZ23SentConfigSensorsExtAppvE3__c_17
                0x00002ce9        0x2 RecievedUART/RecievedSensors.o
 .progmem.data._ZZ23SentConfigSensorsExtAppvE3__c_16
                0x00002ceb        0x2 RecievedUART/RecievedSensors.o
 .progmem.data._ZZ23SentConfigSensorsExtAppvE3__c_15
                0x00002ced        0x2 RecievedUART/RecievedSensors.o
 .progmem.data._ZZ23SentConfigSensorsExtAppvE3__c_14
                0x00002cef        0x2 RecievedUART/RecievedSensors.o
 .progmem.data._ZZ23SentConfigSensorsExtAppvE3__c_13
                0x00002cf1        0x2 RecievedUART/RecievedSensors.o
 .progmem.data._ZZ23SentConfigSensorsExtAppvE3__c_12
                0x00002cf3        0x2 RecievedUART/RecievedSensors.o
 .progmem.data._ZZ23SentConfigSensorsExtAppvE3__c_11
                0x00002cf5        0x2 RecievedUART/RecievedSensors.o
 .progmem.data._ZZ23SentConfigSensorsExtAppvE3__c_10
                0x00002cf7        0x2 RecievedUART/RecievedSensors.o
 .progmem.data._ZZ23SentConfigSensorsExtAppvE3__c_9
                0x00002cf9        0x2 RecievedUART/RecievedSensors.o
 .progmem.data._ZZ23SentConfigSensorsExtAppvE3__c_8
                0x00002cfb        0x2 RecievedUART/RecievedSensors.o
 .progmem.data._ZZ23SentConfigSensorsExtAppvE3__c_7
                0x00002cfd        0x2 RecievedUART/RecievedSensors.o
 .progmem.data._ZZ23SentConfigSensorsExtAppvE3__c_6
                0x00002cff        0x2 RecievedUART/RecievedSensors.o
 .progmem.data._ZZ23SentConfigSensorsExtAppvE3__c_5
                0x00002d01        0x2 RecievedUART/RecievedSensors.o
 .progmem.data._ZZ23SentConfigSensorsExtAppvE3__c_4
                0x00002d03        0x2 RecievedUART/RecievedSensors.o
 .progmem.data._ZZ23SentConfigSensorsExtAppvE3__c_3
                0x00002d05        0x2 RecievedUART/RecievedSensors.o
 .progmem.data._ZZ23SentConfigSensorsExtAppvE3__c_2
                0x00002d07        0x2 RecievedUART/RecievedSensors.o
 .progmem.data._ZZ23SentConfigSensorsExtAppvE3__c_1
                0x00002d09        0x2 RecievedUART/RecievedSensors.o
 .progmem.data._ZZ23SentConfigSensorsExtAppvE3__c_0
                0x00002d0b        0x2 RecievedUART/RecievedSensors.o
 .progmem.data._ZZ23SentConfigSensorsExtAppvE3__c
                0x00002d0d        0x2 RecievedUART/RecievedSensors.o
 .progmem.data._ZZ21SentConfigSensorsUARTvE3__c_64
                0x00002d0f       0x28 RecievedUART/RecievedSensors.o
 .progmem.data._ZZ21SentConfigSensorsUARTvE3__c_63
                0x00002d37        0xd RecievedUART/RecievedSensors.o
 .progmem.data._ZZ21SentConfigSensorsUARTvE3__c_62
                0x00002d44        0xf RecievedUART/RecievedSensors.o
 .progmem.data._ZZ21SentConfigSensorsUARTvE3__c_61
                0x00002d53        0xf RecievedUART/RecievedSensors.o
 .progmem.data._ZZ21SentConfigSensorsUARTvE3__c_60
                0x00002d62        0xf RecievedUART/RecievedSensors.o
 .progmem.data._ZZ21SentConfigSensorsUARTvE3__c_59
                0x00002d71        0xf RecievedUART/RecievedSensors.o
 .progmem.data._ZZ21SentConfigSensorsUARTvE3__c_58
                0x00002d80        0xf RecievedUART/RecievedSensors.o
 .progmem.data._ZZ21SentConfigSensorsUARTvE3__c_57
                0x00002d8f       0x15 RecievedUART/RecievedSensors.o
 .progmem.data._ZZ21SentConfigSensorsUARTvE3__c_56
                0x00002da4       0x29 RecievedUART/RecievedSensors.o
 .progmem.data._ZZ21SentConfigSensorsUARTvE3__c_55
                0x00002dcd       0x11 RecievedUART/RecievedSensors.o
 .progmem.data._ZZ21SentConfigSensorsUARTvE3__c_54
                0x00002dde       0x13 RecievedUART/RecievedSensors.o
 .progmem.data._ZZ21SentConfigSensorsUARTvE3__c_53
                0x00002df1       0x24 RecievedUART/RecievedSensors.o
 .progmem.data._ZZ21SentConfigSensorsUARTvE3__c_52
                0x00002e15        0xd RecievedUART/RecievedSensors.o
 .progmem.data._ZZ21SentConfigSensorsUARTvE3__c_51
                0x00002e22       0x1d RecievedUART/RecievedSensors.o
 .progmem.data._ZZ21SentConfigSensorsUARTvE3__c_50
                0x00002e3f       0x1a RecievedUART/RecievedSensors.o
 .progmem.data._ZZ21SentConfigSensorsUARTvE3__c_49
                0x00002e59       0x13 RecievedUART/RecievedSensors.o
 .progmem.data._ZZ21SentConfigSensorsUARTvE3__c_48
                0x00002e6c       0x23 RecievedUART/RecievedSensors.o
 .progmem.data._ZZ21SentConfigSensorsUARTvE3__c_47
                0x00002e8f       0x51 RecievedUART/RecievedSensors.o
 .progmem.data._ZZ21SentConfigSensorsUARTvE3__c_46
                0x00002ee0       0x4a RecievedUART/RecievedSensors.o
 .progmem.data._ZZ21SentConfigSensorsUARTvE3__c_45
                0x00002f2a       0x53 RecievedUART/RecievedSensors.o
 .progmem.data._ZZ21SentConfigSensorsUARTvE3__c_44
                0x00002f7d       0x28 RecievedUART/RecievedSensors.o
 .progmem.data._ZZ21SentConfigSensorsUARTvE3__c_43
                0x00002fa5        0x6 RecievedUART/RecievedSensors.o
 .progmem.data._ZZ21SentConfigSensorsUARTvE3__c_42
                0x00002fab        0x6 RecievedUART/RecievedSensors.o
 .progmem.data._ZZ21SentConfigSensorsUARTvE3__c_41
                0x00002fb1        0x5 RecievedUART/RecievedSensors.o
 .progmem.data._ZZ21SentConfigSensorsUARTvE3__c_40
                0x00002fb6       0x24 RecievedUART/RecievedSensors.o
 .progmem.data._ZZ21SentConfigSensorsUARTvE3__c_39
                0x00002fda       0x3d RecievedUART/RecievedSensors.o
 .progmem.data._ZZ21SentConfigSensorsUARTvE3__c_38
                0x00003017        0x3 RecievedUART/RecievedSensors.o
 .progmem.data._ZZ21SentConfigSensorsUARTvE3__c_37
                0x0000301a        0x4 RecievedUART/RecievedSensors.o
 .progmem.data._ZZ21SentConfigSensorsUARTvE3__c_36
                0x0000301e       0x24 RecievedUART/RecievedSensors.o
 .progmem.data._ZZ21SentConfigSensorsUARTvE3__c_35
                0x00003042       0x30 RecievedUART/RecievedSensors.o
 .progmem.data._ZZ21SentConfigSensorsUARTvE3__c_34
                0x00003072        0xb RecievedUART/RecievedSensors.o
 .progmem.data._ZZ21SentConfigSensorsUARTvE3__c_33
                0x0000307d        0xd RecievedUART/RecievedSensors.o
 .progmem.data._ZZ21SentConfigSensorsUARTvE3__c_32
                0x0000308a       0x24 RecievedUART/RecievedSensors.o
 .progmem.data._ZZ21SentConfigSensorsUARTvE3__c_31
                0x000030ae       0x10 RecievedUART/RecievedSensors.o
 .progmem.data._ZZ21SentConfigSensorsUARTvE3__c_30
                0x000030be       0x1a RecievedUART/RecievedSensors.o
 .progmem.data._ZZ21SentConfigSensorsUARTvE3__c_29
                0x000030d8       0x1c RecievedUART/RecievedSensors.o
 .progmem.data._ZZ21SentConfigSensorsUARTvE3__c_28
                0x000030f4       0x22 RecievedUART/RecievedSensors.o
 .progmem.data._ZZ21SentConfigSensorsUARTvE3__c_27
                0x00003116       0x26 RecievedUART/RecievedSensors.o
 .progmem.data._ZZ21SentConfigSensorsUARTvE3__c_26
                0x0000313c       0x24 RecievedUART/RecievedSensors.o
 .progmem.data._ZZ21SentConfigSensorsUARTvE3__c_25
                0x00003160       0x18 RecievedUART/RecievedSensors.o
 .progmem.data._ZZ21SentConfigSensorsUARTvE3__c_24
                0x00003178       0x11 RecievedUART/RecievedSensors.o
 .progmem.data._ZZ21SentConfigSensorsUARTvE3__c_23
                0x00003189       0x24 RecievedUART/RecievedSensors.o
 .progmem.data._ZZ21SentConfigSensorsUARTvE3__c_22
                0x000031ad        0x7 RecievedUART/RecievedSensors.o
 .progmem.data._ZZ21SentConfigSensorsUARTvE3__c_21
                0x000031b4       0x26 RecievedUART/RecievedSensors.o
 .progmem.data._ZZ21SentConfigSensorsUARTvE3__c_20
                0x000031da       0x13 RecievedUART/RecievedSensors.o
 .progmem.data._ZZ21SentConfigSensorsUARTvE3__c_19
                0x000031ed        0x3 RecievedUART/RecievedSensors.o
 .progmem.data._ZZ21SentConfigSensorsUARTvE3__c_18
                0x000031f0       0x3d RecievedUART/RecievedSensors.o
 .progmem.data._ZZ21SentConfigSensorsUARTvE3__c_17
                0x0000322d       0x30 RecievedUART/RecievedSensors.o
 .progmem.data._ZZ21SentConfigSensorsUARTvE3__c_16
                0x0000325d       0x21 RecievedUART/RecievedSensors.o
 .progmem.data._ZZ21SentConfigSensorsUARTvE3__c_15
                0x0000327e       0x11 RecievedUART/RecievedSensors.o
 .progmem.data._ZZ21SentConfigSensorsUARTvE3__c_14
                0x0000328f       0x3d RecievedUART/RecievedSensors.o
 .progmem.data._ZZ21SentConfigSensorsUARTvE3__c_13
                0x000032cc       0x1d RecievedUART/RecievedSensors.o
 .progmem.data._ZZ21SentConfigSensorsUARTvE3__c_12
                0x000032e9        0x7 RecievedUART/RecievedSensors.o
 .progmem.data._ZZ21SentConfigSensorsUARTvE3__c_11
                0x000032f0       0x27 RecievedUART/RecievedSensors.o
 .progmem.data._ZZ21SentConfigSensorsUARTvE3__c_10
                0x00003317        0xd RecievedUART/RecievedSensors.o
 .progmem.data._ZZ21SentConfigSensorsUARTvE3__c_9
                0x00003324       0x39 RecievedUART/RecievedSensors.o
 .progmem.data._ZZ21SentConfigSensorsUARTvE3__c_8
                0x0000335d        0x2 RecievedUART/RecievedSensors.o
 .progmem.data._ZZ21SentConfigSensorsUARTvE3__c_7
                0x0000335f       0x22 RecievedUART/RecievedSensors.o
 .progmem.data._ZZ21SentConfigSensorsUARTvE3__c_6
                0x00003381        0x2 RecievedUART/RecievedSensors.o
 .progmem.data._ZZ21SentConfigSensorsUARTvE3__c_5
                0x00003383        0x3 RecievedUART/RecievedSensors.o
 .progmem.data._ZZ21SentConfigSensorsUARTvE3__c_4
                0x00003386       0x13 RecievedUART/RecievedSensors.o
 .progmem.data._ZZ21SentConfigSensorsUARTvE3__c_3
                0x00003399       0x23 RecievedUART/RecievedSensors.o
 .progmem.data._ZZ21SentConfigSensorsUARTvE3__c_2
                0x000033bc       0x11 RecievedUART/RecievedSensors.o
 .progmem.data._ZZ21SentConfigSensorsUARTvE3__c_1
                0x000033cd        0xf RecievedUART/RecievedSensors.o
 .progmem.data._ZZ21SentConfigSensorsUARTvE3__c_0
                0x000033dc        0xd RecievedUART/RecievedSensors.o
 .progmem.data._ZZ21SentConfigSensorsUARTvE3__c
                0x000033e9       0x35 RecievedUART/RecievedSensors.o
 .progmem.data._ZZ29Read_E_Type_B_Sensor_registerhhE3__c_20
                0x0000341e       0x1f RecievedUART/RegisterSensors.o
 .progmem.data._ZZ29Read_E_Type_B_Sensor_registerhhE3__c_19
                0x0000343d       0x56 RecievedUART/RegisterSensors.o
 .progmem.data._ZZ29Read_E_Type_B_Sensor_registerhhE3__c_18
                0x00003493       0x3e RecievedUART/RegisterSensors.o
 .progmem.data._ZZ29Read_E_Type_B_Sensor_registerhhE3__c_17
                0x000034d1       0x33 RecievedUART/RegisterSensors.o
 .progmem.data._ZZ29Read_E_Type_B_Sensor_registerhhE3__c_16
                0x00003504       0x3c RecievedUART/RegisterSensors.o
 .progmem.data._ZZ29Read_E_Type_B_Sensor_registerhhE3__c_15
                0x00003540       0x26 RecievedUART/RegisterSensors.o
 .progmem.data._ZZ29Read_E_Type_B_Sensor_registerhhE3__c_14
                0x00003566       0x28 RecievedUART/RegisterSensors.o
 .progmem.data._ZZ29Read_E_Type_B_Sensor_registerhhE3__c_13
                0x0000358e        0x9 RecievedUART/RegisterSensors.o
 .progmem.data._ZZ29Read_E_Type_B_Sensor_registerhhE3__c_12
                0x00003597        0x7 RecievedUART/RegisterSensors.o
 .progmem.data._ZZ29Read_E_Type_B_Sensor_registerhhE3__c_11
                0x0000359e       0x15 RecievedUART/RegisterSensors.o
 .progmem.data._ZZ29Read_E_Type_B_Sensor_registerhhE3__c_10
                0x000035b3       0x15 RecievedUART/RegisterSensors.o
 .progmem.data._ZZ29Read_E_Type_B_Sensor_registerhhE3__c_9
                0x000035c8       0x2a RecievedUART/RegisterSensors.o
 .progmem.data._ZZ29Read_E_Type_B_Sensor_registerhhE3__c_8
                0x000035f2       0x28 RecievedUART/RegisterSensors.o
 .progmem.data._ZZ29Read_E_Type_B_Sensor_registerhhE3__c_7
                0x0000361a       0x13 RecievedUART/RegisterSensors.o
 .progmem.data._ZZ29Read_E_Type_B_Sensor_registerhhE3__c_6
                0x0000362d       0x13 RecievedUART/RegisterSensors.o
 .progmem.data._ZZ29Read_E_Type_B_Sensor_registerhhE3__c_5
                0x00003640       0x1e RecievedUART/RegisterSensors.o
 .progmem.data._ZZ29Read_E_Type_B_Sensor_registerhhE3__c_4
                0x0000365e       0x1e RecievedUART/RegisterSensors.o
 .progmem.data._ZZ29Read_E_Type_B_Sensor_registerhhE3__c_3
                0x0000367c       0x22 RecievedUART/RegisterSensors.o
 .progmem.data._ZZ29Read_E_Type_B_Sensor_registerhhE3__c_2
                0x0000369e       0x22 RecievedUART/RegisterSensors.o
 .progmem.data._ZZ29Read_E_Type_B_Sensor_registerhhE3__c_1
                0x000036c0       0x17 RecievedUART/RegisterSensors.o
 .progmem.data._ZZ29Read_E_Type_B_Sensor_registerhhE3__c_0
                0x000036d7       0x17 RecievedUART/RegisterSensors.o
 .progmem.data._ZZ29Read_E_Type_B_Sensor_registerhhE3__c
                0x000036ee       0x1c RecievedUART/RegisterSensors.o
 .progmem.data._ZZ18Read_ETAS_registerhE3__c_19
                0x0000370a        0x2 RecievedUART/RegisterSensors.o
 .progmem.data._ZZ18Read_ETAS_registerhE3__c_18
                0x0000370c        0x8 RecievedUART/RegisterSensors.o
 .progmem.data._ZZ18Read_ETAS_registerhE3__c_17
                0x00003714        0x3 RecievedUART/RegisterSensors.o
 .progmem.data._ZZ18Read_ETAS_registerhE3__c_16
                0x00003717        0xd RecievedUART/RegisterSensors.o
 .progmem.data._ZZ18Read_ETAS_registerhE3__c_15
                0x00003724        0x8 RecievedUART/RegisterSensors.o
 .progmem.data._ZZ18Read_ETAS_registerhE3__c_14
                0x0000372c        0x5 RecievedUART/RegisterSensors.o
 .progmem.data._ZZ18Read_ETAS_registerhE3__c_13
                0x00003731        0x9 RecievedUART/RegisterSensors.o
 .progmem.data._ZZ18Read_ETAS_registerhE3__c_12
                0x0000373a        0x7 RecievedUART/RegisterSensors.o
 .progmem.data._ZZ18Read_ETAS_registerhE3__c_11
                0x00003741        0x8 RecievedUART/RegisterSensors.o
 .progmem.data._ZZ18Read_ETAS_registerhE3__c_10
                0x00003749        0x1 RecievedUART/RegisterSensors.o
 .progmem.data._ZZ18Read_ETAS_registerhE3__c_9
                0x0000374a        0xb RecievedUART/RegisterSensors.o
 .progmem.data._ZZ18Read_ETAS_registerhE3__c_8
                0x00003755        0xe RecievedUART/RegisterSensors.o
 .progmem.data._ZZ18Read_ETAS_registerhE3__c_7
                0x00003763        0x7 RecievedUART/RegisterSensors.o
 .progmem.data._ZZ18Read_ETAS_registerhE3__c_6
                0x0000376a        0x7 RecievedUART/RegisterSensors.o
 .progmem.data._ZZ18Read_ETAS_registerhE3__c_5
                0x00003771        0x7 RecievedUART/RegisterSensors.o
 .progmem.data._ZZ18Read_ETAS_registerhE3__c_4
                0x00003778        0xf RecievedUART/RegisterSensors.o
 .progmem.data._ZZ18Read_ETAS_registerhE3__c_3
                0x00003787        0x7 RecievedUART/RegisterSensors.o
 .progmem.data._ZZ18Read_ETAS_registerhE3__c_2
                0x0000378e        0x2 RecievedUART/RegisterSensors.o
 .progmem.data._ZZ18Read_ETAS_registerhE3__c_1
                0x00003790        0xd RecievedUART/RegisterSensors.o
 .progmem.data._ZZ18Read_ETAS_registerhE3__c_0
                0x0000379d        0x8 RecievedUART/RegisterSensors.o
 .progmem.data._ZZ18Read_ETAS_registerhE3__c
                0x000037a5       0x1b RecievedUART/RegisterSensors.o
 .progmem.data._ZZ15SD_write_syslog6StringbbE3__c
                0x000037c0        0x3 SDcard.o
 .progmem.data._ZZ10i2c_scanervE3__c_34
                0x000037c3        0x6 Sensors.o
 .progmem.data._ZZ10i2c_scanervE3__c_33
                0x000037c9       0x16 Sensors.o
 .progmem.data._ZZ10i2c_scanervE3__c_32
                0x000037df        0x2 Sensors.o
 .progmem.data._ZZ10i2c_scanervE3__c_31
                0x000037e1       0x1c Sensors.o
 .progmem.data._ZZ10i2c_scanervE3__c_30
                0x000037fd       0x12 Sensors.o
 .progmem.data._ZZ10i2c_scanervE3__c_29
                0x0000380f       0x34 Sensors.o
 .progmem.data._ZZ10i2c_scanervE3__c_28
                0x00003843       0x34 Sensors.o
 .progmem.data._ZZ10i2c_scanervE3__c_27
                0x00003877       0x12 Sensors.o
 .progmem.data._ZZ10i2c_scanervE3__c_26
                0x00003889       0x3f Sensors.o
 .progmem.data._ZZ10i2c_scanervE3__c_25
                0x000038c8       0x2d Sensors.o
 .progmem.data._ZZ10i2c_scanervE3__c_24
                0x000038f5       0x11 Sensors.o
 .progmem.data._ZZ10i2c_scanervE3__c_23
                0x00003906       0x18 Sensors.o
 .progmem.data._ZZ10i2c_scanervE3__c_22
                0x0000391e       0x18 Sensors.o
 .progmem.data._ZZ10i2c_scanervE3__c_21
                0x00003936       0x29 Sensors.o
 .progmem.data._ZZ10i2c_scanervE3__c_20
                0x0000395f       0x18 Sensors.o
 .progmem.data._ZZ10i2c_scanervE3__c_19
                0x00003977       0x30 Sensors.o
 .progmem.data._ZZ10i2c_scanervE3__c_18
                0x000039a7       0x1f Sensors.o
 .progmem.data._ZZ10i2c_scanervE3__c_17
                0x000039c6       0x37 Sensors.o
 .progmem.data._ZZ10i2c_scanervE3__c_16
                0x000039fd       0x1d Sensors.o
 .progmem.data._ZZ10i2c_scanervE3__c_15
                0x00003a1a       0x1d Sensors.o
 .progmem.data._ZZ10i2c_scanervE3__c_14
                0x00003a37       0x1d Sensors.o
 .progmem.data._ZZ10i2c_scanervE3__c_13
                0x00003a54       0x41 Sensors.o
 .progmem.data._ZZ10i2c_scanervE3__c_12
                0x00003a95       0x1d Sensors.o
 .progmem.data._ZZ10i2c_scanervE3__c_11
                0x00003ab2       0x1d Sensors.o
 .progmem.data._ZZ10i2c_scanervE3__c_10
                0x00003acf       0x37 Sensors.o
 .progmem.data._ZZ10i2c_scanervE3__c_9
                0x00003b06        0xf Sensors.o
 .progmem.data._ZZ10i2c_scanervE3__c_8
                0x00003b15       0x32 Sensors.o
 .progmem.data._ZZ10i2c_scanervE3__c_7
                0x00003b47        0xf Sensors.o
 .progmem.data._ZZ10i2c_scanervE3__c_6
                0x00003b56        0xf Sensors.o
 .progmem.data._ZZ10i2c_scanervE3__c_5
                0x00003b65       0x21 Sensors.o
 .progmem.data._ZZ10i2c_scanervE3__c_4
                0x00003b86       0x2d Sensors.o
 .progmem.data._ZZ10i2c_scanervE3__c_3
                0x00003bb3        0xf Sensors.o
 .progmem.data._ZZ10i2c_scanervE3__c_2
                0x00003bc2        0xf Sensors.o
 .progmem.data._ZZ10i2c_scanervE3__c_1
                0x00003bd1        0x4 Sensors.o
 .progmem.data._ZZ10i2c_scanervE3__c_0
                0x00003bd5        0x3 Sensors.o
 .progmem.data._ZZ10i2c_scanervE3__c
                0x00003bd8       0x10 Sensors.o
 .progmem.data._ZZ18UpDownControllPorthbE3__c_2
                0x00003be8        0xb Sensors.o
 .progmem.data._ZZ18UpDownControllPorthbE3__c_1
                0x00003bf3        0xc Sensors.o
 .progmem.data._ZZ18UpDownControllPorthbE3__c_0
                0x00003bff       0x11 Sensors.o
 .progmem.data._ZZ18UpDownControllPorthbE3__c
                0x00003c10       0x15 Sensors.o
 .progmem.data._ZZ16CalculateSensorsvE3__c_5
                0x00003c25        0x4 Sensors.o
 .progmem.data._ZZ16CalculateSensorsvE3__c_4
                0x00003c29       0x18 Sensors.o
 .progmem.data._ZZ16CalculateSensorsvE3__c_3
                0x00003c41       0x10 Sensors.o
 .progmem.data._ZZ16CalculateSensorsvE3__c_2
                0x00003c51       0x1e Sensors.o
 .progmem.data._ZZ16CalculateSensorsvE3__c_1
                0x00003c6f        0x8 Sensors.o
 .progmem.data._ZZ16CalculateSensorsvE3__c_0
                0x00003c77       0x3c Sensors.o
 .progmem.data._ZZ16CalculateSensorsvE3__c
                0x00003cb3       0x48 Sensors.o
 .progmem.data._ZZ14SentTextToUARThE3__c_2
                0x00003cfb       0x2f Sensors.o
 .progmem.data._ZZ14SentTextToUARThE3__c_1
                0x00003d2a        0x7 Sensors.o
 .progmem.data._ZZ14SentTextToUARThE3__c_0
                0x00003d31       0x17 Sensors.o
 .progmem.data._ZZ14SentTextToUARThE3__c
                0x00003d48       0x12 Sensors.o
 .progmem.data._ZZ16DefinitionSensorhhE3__c_10
                0x00003d5a        0x8 Sensors.o
 .progmem.data._ZZ16DefinitionSensorhhE3__c_9
                0x00003d62        0x5 Sensors.o
 .progmem.data._ZZ16DefinitionSensorhhE3__c_8
                0x00003d67        0x9 Sensors.o
 .progmem.data._ZZ16DefinitionSensorhhE3__c_7
                0x00003d70        0x7 Sensors.o
 .progmem.data._ZZ16DefinitionSensorhhE3__c_6
                0x00003d77        0x8 Sensors.o
 .progmem.data._ZZ16DefinitionSensorhhE3__c_5
                0x00003d7f        0xc Sensors.o
 .progmem.data._ZZ16DefinitionSensorhhE3__c_4
                0x00003d8b        0x7 Sensors.o
 .progmem.data._ZZ16DefinitionSensorhhE3__c_3
                0x00003d92        0x7 Sensors.o
 .progmem.data._ZZ16DefinitionSensorhhE3__c_2
                0x00003d99        0x7 Sensors.o
 .progmem.data._ZZ16DefinitionSensorhhE3__c_1
                0x00003da0        0x7 Sensors.o
 .progmem.data._ZZ16DefinitionSensorhhE3__c_0
                0x00003da7        0x7 Sensors.o
 .progmem.data._ZZ16DefinitionSensorhhE3__c
                0x00003dae        0x8 Sensors.o
 .progmem.data._ZZ14ReadAnalogPorthhE3__c_9
                0x00003db6       0x34 Sensors.o
 .progmem.data._ZZ14ReadAnalogPorthhE3__c_8
                0x00003dea        0x8 Sensors.o
 .progmem.data._ZZ14ReadAnalogPorthhE3__c_7
                0x00003df2       0x1c Sensors.o
 .progmem.data._ZZ14ReadAnalogPorthhE3__c_6
                0x00003e0e        0x8 Sensors.o
 .progmem.data._ZZ14ReadAnalogPorthhE3__c_5
                0x00003e16       0x1c Sensors.o
 .progmem.data._ZZ14ReadAnalogPorthhE3__c_4
                0x00003e32        0x8 Sensors.o
 .progmem.data._ZZ14ReadAnalogPorthhE3__c_3
                0x00003e3a       0x1c Sensors.o
 .progmem.data._ZZ14ReadAnalogPorthhE3__c_2
                0x00003e56        0x8 Sensors.o
 .progmem.data._ZZ14ReadAnalogPorthhE3__c_1
                0x00003e5e       0x1c Sensors.o
 .progmem.data._ZZ14ReadAnalogPorthhE3__c_0
                0x00003e7a        0x8 Sensors.o
 .progmem.data._ZZ14ReadAnalogPorthhE3__c
                0x00003e82       0x1c Sensors.o
 .progmem.data._ZZ19ViewValueAllSensorsvE3__c_7
                0x00003e9e       0x30 Sensors.o
 .progmem.data._ZZ19ViewValueAllSensorsvE3__c_6
                0x00003ece        0x2 Sensors.o
 .progmem.data._ZZ19ViewValueAllSensorsvE3__c_5
                0x00003ed0        0x2 Sensors.o
 .progmem.data._ZZ19ViewValueAllSensorsvE3__c_4
                0x00003ed2        0x3 Sensors.o
 .progmem.data._ZZ19ViewValueAllSensorsvE3__c_3
                0x00003ed5        0x3 Sensors.o
 .progmem.data._ZZ19ViewValueAllSensorsvE3__c_2
                0x00003ed8        0x2 Sensors.o
 .progmem.data._ZZ19ViewValueAllSensorsvE3__c_1
                0x00003eda        0x3 Sensors.o
 .progmem.data._ZZ19ViewValueAllSensorsvE3__c_0
                0x00003edd       0x2d Sensors.o
 .progmem.data._ZZ19ViewValueAllSensorsvE3__c
                0x00003f0a       0x4e Sensors.o
 .progmem.data._ZZ15CalculateAM2302hhE3__c_6
                0x00003f58        0x8 SensorsFuncs/Work_AM2302.o
 .progmem.data._ZZ15CalculateAM2302hhE3__c_5
                0x00003f60       0x17 SensorsFuncs/Work_AM2302.o
 .progmem.data._ZZ15CalculateAM2302hhE3__c_4
                0x00003f77        0x8 SensorsFuncs/Work_AM2302.o
 .progmem.data._ZZ15CalculateAM2302hhE3__c_3
                0x00003f7f       0x17 SensorsFuncs/Work_AM2302.o
 .progmem.data._ZZ15CalculateAM2302hhE3__c_2
                0x00003f96        0x8 SensorsFuncs/Work_AM2302.o
 .progmem.data._ZZ15CalculateAM2302hhE3__c_1
                0x00003f9e       0x17 SensorsFuncs/Work_AM2302.o
 .progmem.data._ZZ15CalculateAM2302hhE3__c_0
                0x00003fb5        0x8 SensorsFuncs/Work_AM2302.o
 .progmem.data._ZZ15CalculateAM2302hhE3__c
                0x00003fbd       0x17 SensorsFuncs/Work_AM2302.o
 .progmem.data._ZZ15CalculateBH1750hhE3__c_9
                0x00003fd4       0x3c SensorsFuncs/Work_BH1750.o
 .progmem.data._ZZ15CalculateBH1750hhE3__c_8
                0x00004010       0x36 SensorsFuncs/Work_BH1750.o
 .progmem.data._ZZ15CalculateBH1750hhE3__c_7
                0x00004046       0x42 SensorsFuncs/Work_BH1750.o
 .progmem.data._ZZ15CalculateBH1750hhE3__c_6
                0x00004088       0x3c SensorsFuncs/Work_BH1750.o
 .progmem.data._ZZ15CalculateBH1750hhE3__c_5
                0x000040c4       0x3c SensorsFuncs/Work_BH1750.o
 .progmem.data._ZZ15CalculateBH1750hhE3__c_4
                0x00004100       0x36 SensorsFuncs/Work_BH1750.o
 .progmem.data._ZZ15CalculateBH1750hhE3__c_3
                0x00004136        0x8 SensorsFuncs/Work_BH1750.o
 .progmem.data._ZZ15CalculateBH1750hhE3__c_2
                0x0000413e       0x24 SensorsFuncs/Work_BH1750.o
 .progmem.data._ZZ15CalculateBH1750hhE3__c_1
                0x00004162       0x18 SensorsFuncs/Work_BH1750.o
 .progmem.data._ZZ15CalculateBH1750hhE3__c_0
                0x0000417a        0x6 SensorsFuncs/Work_BH1750.o
 .progmem.data._ZZ15CalculateBH1750hhE3__c
                0x00004180        0x6 SensorsFuncs/Work_BH1750.o
 .progmem.data._ZZ15CalculateBME280hhE3__c_18
                0x00004186        0x8 SensorsFuncs/Work_BME280.o
 .progmem.data._ZZ15CalculateBME280hhE3__c_17
                0x0000418e       0x18 SensorsFuncs/Work_BME280.o
 .progmem.data._ZZ15CalculateBME280hhE3__c_16
                0x000041a6        0x8 SensorsFuncs/Work_BME280.o
 .progmem.data._ZZ15CalculateBME280hhE3__c_15
                0x000041ae       0x17 SensorsFuncs/Work_BME280.o
 .progmem.data._ZZ15CalculateBME280hhE3__c_14
                0x000041c5        0x8 SensorsFuncs/Work_BME280.o
 .progmem.data._ZZ15CalculateBME280hhE3__c_13
                0x000041cd       0x17 SensorsFuncs/Work_BME280.o
 .progmem.data._ZZ15CalculateBME280hhE3__c_12
                0x000041e4        0x8 SensorsFuncs/Work_BME280.o
 .progmem.data._ZZ15CalculateBME280hhE3__c_11
                0x000041ec       0x18 SensorsFuncs/Work_BME280.o
 .progmem.data._ZZ15CalculateBME280hhE3__c_10
                0x00004204        0x8 SensorsFuncs/Work_BME280.o
 .progmem.data._ZZ15CalculateBME280hhE3__c_9
                0x0000420c       0x17 SensorsFuncs/Work_BME280.o
 .progmem.data._ZZ15CalculateBME280hhE3__c_8
                0x00004223        0x8 SensorsFuncs/Work_BME280.o
 .progmem.data._ZZ15CalculateBME280hhE3__c_7
                0x0000422b       0x17 SensorsFuncs/Work_BME280.o
 .progmem.data._ZZ15CalculateBME280hhE3__c_6
                0x00004242        0x8 SensorsFuncs/Work_BME280.o
 .progmem.data._ZZ15CalculateBME280hhE3__c_5
                0x0000424a       0x17 SensorsFuncs/Work_BME280.o
 .progmem.data._ZZ15CalculateBME280hhE3__c_4