Archive member included to satisfy reference by file (symbol)

D:\Google Drive\Project\Green Box\SmartGarden\Firmware\Code\Smart Garden\ArduinoCore\Debug\libArduinoCore.a(HardwareSerial.o)
                              GSM.o (_ZN14HardwareSerial9availableEv)
D:\Google Drive\Project\Green Box\SmartGarden\Firmware\Code\Smart Garden\ArduinoCore\Debug\libArduinoCore.a(HardwareSerial0.o)
                              ConfigSensors.o (Serial)
D:\Google Drive\Project\Green Box\SmartGarden\Firmware\Code\Smart Garden\ArduinoCore\Debug\libArduinoCore.a(HardwareSerial2.o)
                              RecievedUART/RecievedDate.o (Serial2)
D:\Google Drive\Project\Green Box\SmartGarden\Firmware\Code\Smart Garden\ArduinoCore\Debug\libArduinoCore.a(HardwareSerial3.o)
                              GSM.o (Serial3)
D:\Google Drive\Project\Green Box\SmartGarden\Firmware\Code\Smart Garden\ArduinoCore\Debug\libArduinoCore.a(main.o)
                              C:/Program Files (x86)/Atmel/Studio/7.0/Packs/atmel/ATmega_DFP/1.2.209/gcc/dev/atmega2560/avr6/crtatmega2560.o (main)
D:\Google Drive\Project\Green Box\SmartGarden\Firmware\Code\Smart Garden\ArduinoCore\Debug\libArduinoCore.a(new.o)
                              main.o (_Znwj)
D:\Google Drive\Project\Green Box\SmartGarden\Firmware\Code\Smart Garden\ArduinoCore\Debug\libArduinoCore.a(Print.o)
                              lib/LiquidCrystal_I2C.o (_ZN5Print5writeEPKhj)
D:\Google Drive\Project\Green Box\SmartGarden\Firmware\Code\Smart Garden\ArduinoCore\Debug\libArduinoCore.a(Stream.o)
                              GSM.o (_ZN6Stream10readStringEv)
D:\Google Drive\Project\Green Box\SmartGarden\Firmware\Code\Smart Garden\ArduinoCore\Debug\libArduinoCore.a(Wire.o)
                              lib/HTU21D.o (_ZN7TwoWire9availableEv)
D:\Google Drive\Project\Green Box\SmartGarden\Firmware\Code\Smart Garden\ArduinoCore\Debug\libArduinoCore.a(wiring.o)
                              GSM.o (millis)
D:\Google Drive\Project\Green Box\SmartGarden\Firmware\Code\Smart Garden\ArduinoCore\Debug\libArduinoCore.a(wiring_analog.o)
                              Sketch.o (analogReference)
D:\Google Drive\Project\Green Box\SmartGarden\Firmware\Code\Smart Garden\ArduinoCore\Debug\libArduinoCore.a(wiring_digital.o)
                              ConfigSensors.o (pinMode)
D:\Google Drive\Project\Green Box\SmartGarden\Firmware\Code\Smart Garden\ArduinoCore\Debug\libArduinoCore.a(WMath.o)
                              lib/Servo.o (_Z3maplllll)
D:\Google Drive\Project\Green Box\SmartGarden\Firmware\Code\Smart Garden\ArduinoCore\Debug\libArduinoCore.a(WString.o)
                              GSM.o (_ZN6StringD2Ev)
D:\Google Drive\Project\Green Box\SmartGarden\Firmware\Code\Smart Garden\ArduinoCore\Debug\libArduinoCore.a(abi.o)
                              D:\Google Drive\Project\Green Box\SmartGarden\Firmware\Code\Smart Garden\ArduinoCore\Debug\libArduinoCore.a(Print.o) (__cxa_pure_virtual)
D:\Google Drive\Project\Green Box\SmartGarden\Firmware\Code\Smart Garden\ArduinoCore\Debug\libArduinoCore.a(hooks.o)
                              D:\Google Drive\Project\Green Box\SmartGarden\Firmware\Code\Smart Garden\ArduinoCore\Debug\libArduinoCore.a(wiring.o) (yield)
D:\Google Drive\Project\Green Box\SmartGarden\Firmware\Code\Smart Garden\ArduinoCore\Debug\libArduinoCore.a(twi.o)
                              D:\Google Drive\Project\Green Box\SmartGarden\Firmware\Code\Smart Garden\ArduinoCore\Debug\libArduinoCore.a(Wire.o) (twi_init)
c:/program files (x86)/atmel/studio/7.0/toolchain/avr8/avr8-gnu-toolchain/bin/../lib/gcc/avr/5.4.0/avr6\libgcc.a(_mulsi3.o)
                              lib/BME280.o (__mulsi3)
c:/program files (x86)/atmel/studio/7.0/toolchain/avr8/avr8-gnu-toolchain/bin/../lib/gcc/avr/5.4.0/avr6\libgcc.a(_udivmodqi4.o)
                              lib/iarduino_RTC.o (__udivmodqi4)
c:/program files (x86)/atmel/studio/7.0/toolchain/avr8/avr8-gnu-toolchain/bin/../lib/gcc/avr/5.4.0/avr6\libgcc.a(_divmodhi4.o)
                              lib/BH1750.o (__divmodhi4)
c:/program files (x86)/atmel/studio/7.0/toolchain/avr8/avr8-gnu-toolchain/bin/../lib/gcc/avr/5.4.0/avr6\libgcc.a(_udivmodsi4.o)
                              lib/iarduino_Pressure_BMP.o (__udivmodsi4)
c:/program files (x86)/atmel/studio/7.0/toolchain/avr8/avr8-gnu-toolchain/bin/../lib/gcc/avr/5.4.0/avr6\libgcc.a(_divmodsi4.o)
                              ExecModules.o (__divmodsi4)
c:/program files (x86)/atmel/studio/7.0/toolchain/avr8/avr8-gnu-toolchain/bin/../lib/gcc/avr/5.4.0/avr6\libgcc.a(_negsi2.o)
                              c:/program files (x86)/atmel/studio/7.0/toolchain/avr8/avr8-gnu-toolchain/bin/../lib/gcc/avr/5.4.0/avr6\libgcc.a(_divmodsi4.o) (__negsi2)
c:/program files (x86)/atmel/studio/7.0/toolchain/avr8/avr8-gnu-toolchain/bin/../lib/gcc/avr/5.4.0/avr6\libgcc.a(_exit.o)
                              C:/Program Files (x86)/Atmel/Studio/7.0/Packs/atmel/ATmega_DFP/1.2.209/gcc/dev/atmega2560/avr6/crtatmega2560.o (exit)
[...]
Memory Configuration

Name             Origin             Length             Attributes
text             0x00000000         0x00100000         xr
data             0x00800200         0x0000fe00         rw !x
eeprom           0x00810000         0x00010000         rw !x
fuse             0x00820000         0x00000003         rw !x
lock             0x00830000         0x00000400         rw !x
signature        0x00840000         0x00000400         rw !x
user_signatures  0x00850000         0x00000400         rw !x
*default*        0x00000000         0xffffffff

Linker script and memory map

Address of section .data set to 0x800200
LOAD C:/Program Files (x86)/Atmel/Studio/7.0/Packs/atmel/ATmega_DFP/1.2.209/gcc/dev/atmega2560/avr6/crtatmega2560.o
LOAD AirTransmission/AirTransmission.o
LOAD ConfigSensors.o
LOAD Configuration.o
LOAD DataToSerial.o
LOAD DigitalPorts.o
LOAD EEPROM_ADR.o
LOAD ExecModules.o
LOAD GPRS.o
LOAD GSM.o
LOAD LCDdisplay.o
LOAD lib/AccelStepper.o
LOAD lib/Adafruit_INA219.o
LOAD lib/AM2320.o
LOAD lib/BH1750.o
LOAD lib/BME280.o
LOAD lib/BMP280.o
LOAD lib/DallasTemperature.o
LOAD lib/File.o
LOAD lib/HTU21D.o
LOAD lib/iarduino_Pressure_BMP.o
LOAD lib/iarduino_RTC.o
LOAD lib/LiquidCrystal_I2C.o
LOAD lib/LM75.o
LOAD lib/MAX44009.o
LOAD lib/MultiStepper.o
LOAD lib/OneWire.o
LOAD lib/SD.o
LOAD lib/Sd2Card.o
LOAD lib/SdFile.o
LOAD lib/SdVolume.o
LOAD lib/Servo.o
LOAD lib/SPI.o
LOAD lib/TSL2561.o
LOAD main.o
LOAD ParsingDataOnSerial.o
LOAD RecievedUART/RecievedConfigController.o
LOAD RecievedUART/RecievedConfigModule.o
LOAD RecievedUART/RecievedControllCommand.o
LOAD RecievedUART/RecievedDate.o
LOAD RecievedUART/RecievedDebug.o
LOAD RecievedUART/RecievedChannel.o
LOAD RecievedUART/RecievedSensors.o
LOAD RecievedUART/RegisterSensors.o
LOAD Sensors.o
LOAD SensorsFuncs/Work_AM2302.o
LOAD SensorsFuncs/Work_BH1750.o
LOAD SensorsFuncs/Work_BME280.o
LOAD SensorsFuncs/Work_BMP280.o
LOAD SensorsFuncs/Work_DS18B20.o
LOAD SensorsFuncs/Work_HTU21D.o
LOAD SensorsFuncs/Work_INA219.o
LOAD SensorsFuncs/Work_INA3221.o
LOAD SensorsFuncs/Work_LM75.o
LOAD SensorsFuncs/Work_MAX44009.o
LOAD SensorsFuncs/Work_TSL2561.o
LOAD Sketch.o
LOAD Warning.o
START GROUP
LOAD D:\Google Drive\Project\Green Box\SmartGarden\Firmware\Code\Smart Garden\ArduinoCore\Debug\libArduinoCore.a
END GROUP
LOAD c:/program files (x86)/atmel/studio/7.0/toolchain/avr8/avr8-gnu-toolchain/bin/../lib/gcc/avr/5.4.0/avr6\libgcc.a
LOAD c:/program files (x86)/atmel/studio/7.0/toolchain/avr8/avr8-gnu-toolchain/bin/../lib/gcc/avr/5.4.0/../../../../avr/lib/avr6\libm.a
START GROUP
LOAD c:/program files (x86)/atmel/studio/7.0/toolchain/avr8/avr8-gnu-toolchain/bin/../lib/gcc/avr/5.4.0/avr6\libgcc.a
LOAD c:/program files (x86)/atmel/studio/7.0/toolchain/avr8/avr8-gnu-toolchain/bin/../lib/gcc/avr/5.4.0/../../../../avr/lib/avr6\libm.a
LOAD c:/program files (x86)/atmel/studio/7.0/toolchain/avr8/avr8-gnu-toolchain/bin/../lib/gcc/avr/5.4.0/../../../../avr/lib/avr6\libc.a
LOAD C:/Program Files (x86)/Atmel/Studio/7.0/Packs/atmel/ATmega_DFP/1.2.209/gcc/dev/atmega2560/avr6\libatmega2560.a
END GROUP
                0x00100000                __TEXT_REGION_LENGTH__ = DEFINED (__TEXT_REGION_LENGTH__)?__TEXT_REGION_LENGTH__:0x100000
                0x0000fe00                __DATA_REGION_LENGTH__ = DEFINED (__DATA_REGION_LENGTH__)?__DATA_REGION_LENGTH__:0xfe00
                0x00010000                __EEPROM_REGION_LENGTH__ = DEFINED (__EEPROM_REGION_LENGTH__)?__EEPROM_REGION_LENGTH__:0x10000
                [0x00000003]                __FUSE_REGION_LENGTH__ = DEFINED (__FUSE_REGION_LENGTH__)?__FUSE_REGION_LENGTH__:0x400
                0x00000400                __LOCK_REGION_LENGTH__ = DEFINED (__LOCK_REGION_LENGTH__)?__LOCK_REGION_LENGTH__:0x400
                0x00000400                __SIGNATURE_REGION_LENGTH__ = DEFINED (__SIGNATURE_REGION_LENGTH__)?__SIGNATURE_REGION_LENGTH__:0x400
                0x00000400                __USER_SIGNATURE_REGION_LENGTH__ = DEFINED (__USER_SIGNATURE_REGION_LENGTH__)?__USER_SIGNATURE_REGION_LENGTH__:0x400

.hash
 *(.hash)

.dynsym
 *(.dynsym)

.dynstr
 *(.dynstr)

.gnu.version
 *(.gnu.version)

.gnu.version_d
 *(.gnu.version_d)

.gnu.version_r
 *(.gnu.version_r)

.rel.init
 *(.rel.init)

.rela.init
 *(.rela.init)

.rel.text
 *(.rel.text)
 *(.rel.text.*)
 *(.rel.gnu.linkonce.t*)

.rela.text
 *(.rela.text)
 *(.rela.text.*)
 *(.rela.gnu.linkonce.t*)

.rel.fini
 *(.rel.fini)

.rela.fini
 *(.rela.fini)

.rel.rodata
 *(.rel.rodata)
 *(.rel.rodata.*)
 *(.rel.gnu.linkonce.r*)

.rela.rodata
 *(.rela.rodata)
 *(.rela.rodata.*)
 *(.rela.gnu.linkonce.r*)

.rel.data
 *(.rel.data)
 *(.rel.data.*)
 *(.rel.gnu.linkonce.d*)

.rela.data
 *(.rela.data)
 *(.rela.data.*)
 *(.rela.gnu.linkonce.d*)

.rel.ctors
 *(.rel.ctors)

.rela.ctors
 *(.rela.ctors)

.rel.dtors
 *(.rel.dtors)

.rela.dtors
 *(.rela.dtors)

.rel.got
 *(.rel.got)

.rela.got
 *(.rela.got)

.rel.bss
 *(.rel.bss)

.rela.bss
 *(.rela.bss)

.rel.plt
 *(.rel.plt)

.rela.plt
 *(.rela.plt)

.text           0x00000000    0x1a528
 *(.vectors)
 .vectors       0x00000000       0xe4 C:/Program Files (x86)/Atmel/Studio/7.0/Packs/atmel/ATmega_DFP/1.2.209/gcc/dev/atmega2560/avr6/crtatmega2560.o
                0x00000000                __vector_default
                0x00000000                __vectors
 *(.vectors)
 *(.progmem.gcc*)
 .progmem.gcc_sw_table._Z12ConfigSensorh
                0x000000e4       0x10 ConfigSensors.o
 .progmem.gcc_sw_table._Z25ViewNameInputDigitalPortsh
                0x000000f4       0x12 DigitalPorts.o
 .progmem.gcc_sw_table._Z21ReadInputDigitalPortsh
                0x00000106       0x12 DigitalPorts.o
 .progmem.gcc_sw_table._Z11DigitalPorthhh
                0x00000118       0x50 DigitalPorts.o
 .progmem.gcc_sw_table._ZN12AccelStepper4stepEl
                0x00000168       0x12 lib/AccelStepper.o
 .progmem.gcc_sw_table._ZN12AccelStepper5step8El
                0x0000017a        0xe lib/AccelStepper.o
 .progmem.gcc_sw_table._Z7TestCMDv
                0x00000188       0x2a ParsingDataOnSerial.o
 .progmem.gcc_sw_table._Z8SetFlagsv
                0x000001b2       0x16 ParsingDataOnSerial.o
 .progmem.gcc_sw_table._Z12RecievedDatev
                0x000001c8        0xe RecievedUART/RecievedDate.o
 .progmem.gcc_sw_table._Z13RecievedDebugv
                0x000001d6       0x3e RecievedUART/RecievedDebug.o
 .progmem.gcc_sw_table._Z18Read_ETAS_registerh
                0x00000214       0x18 RecievedUART/RegisterSensors.o
 .progmem.gcc_sw_table._Z16DefinitionSensorhh
                0x0000022c       0x18 Sensors.o
 .progmem.gcc_sw_table._Z13CalculateLM75h
                0x00000244        0xe SensorsFuncs/Work_LM75.o
 .progmem.gcc_sw_table.turnOffPWM
                0x00000252       0x24 D:\Google Drive\Project\Green Box\SmartGarden\Firmware\Code\Smart Garden\ArduinoCore\Debug\libArduinoCore.a(wiring_digital.o)
                0x00000276                . = ALIGN (0x2)
                0x00000276                __trampolines_start = .
 *(.trampolines)
 .trampolines   0x00000276        0x0 linker stubs
 *(.trampolines*)
                0x00000276                __trampolines_end = .
 *libprintf_flt.a:*(.progmem.data)
 *libc.a:*(.progmem.data)
 .progmem.data  0x00000276       0xfa c:/program files (x86)/atmel/studio/7.0/toolchain/avr8/avr8-gnu-toolchain/bin/../lib/gcc/avr/5.4.0/../../../../avr/lib/avr6\libc.a(ftoa_engine.o)
 *(.progmem*)
 .progmem.data._ZZ20InitializingMAX44009hhE3__c_1
                0x00000370        0x8 ConfigSensors.o
 .progmem.data._ZZ20InitializingMAX44009hhE3__c_0
                0x00000378        0x8 ConfigSensors.o
 .progmem.data._ZZ20InitializingMAX44009hhE3__c
                0x00000380       0x18 ConfigSensors.o
 .progmem.data._ZZ18InitializingBH1750hhE3__c_4
                0x00000398        0x6 ConfigSensors.o
 .progmem.data._ZZ18InitializingBH1750hhE3__c_3
                0x0000039e        0x5 ConfigSensors.o
 .progmem.data._ZZ18InitializingBH1750hhE3__c_2
                0x000003a3       0x1d ConfigSensors.o
 .progmem.data._ZZ18InitializingBH1750hhE3__c_1
                0x000003c0        0x6 ConfigSensors.o
 .progmem.data._ZZ18InitializingBH1750hhE3__c_0
                0x000003c6        0x5 ConfigSensors.o
 .progmem.data._ZZ18InitializingBH1750hhE3__c
                0x000003cb       0x1d ConfigSensors.o
 .progmem.data._ZZ19InitializingTSL2561hhE3__c_4
                0x000003e8        0x6 ConfigSensors.o
 .progmem.data._ZZ19InitializingTSL2561hhE3__c_3
                0x000003ee        0x5 ConfigSensors.o
 .progmem.data._ZZ19InitializingTSL2561hhE3__c_2
                0x000003f3        0xf ConfigSensors.o
 .progmem.data._ZZ19InitializingTSL2561hhE3__c_1
                0x00000402       0x1e ConfigSensors.o
 .progmem.data._ZZ19InitializingTSL2561hhE3__c_0
                0x00000420       0x1e ConfigSensors.o
 .progmem.data._ZZ19InitializingTSL2561hhE3__c
                0x0000043e       0x1e ConfigSensors.o
 .progmem.data._ZZ18InitializingINA219hhE3__c_0
                0x0000045c        0x5 ConfigSensors.o
 .progmem.data._ZZ18InitializingINA219hhE3__c
                0x00000461       0x18 ConfigSensors.o
 .progmem.data._ZZ18InitializingBMP280hhE3__c_2
                0x00000479        0x6 ConfigSensors.o
 .progmem.data._ZZ18InitializingBMP280hhE3__c_1
                0x0000047f        0x5 ConfigSensors.o
 .progmem.data._ZZ18InitializingBMP280hhE3__c_0
                0x00000484       0x1d ConfigSensors.o
 .progmem.data._ZZ18InitializingBMP280hhE3__c
                0x000004a1       0x1d ConfigSensors.o
 .progmem.data._ZZ18InitializingHTU21DhhE3__c_1
                0x000004be        0x5 ConfigSensors.o
 .progmem.data._ZZ18InitializingHTU21DhhE3__c_0
                0x000004c3       0x22 ConfigSensors.o
 .progmem.data._ZZ18InitializingHTU21DhhE3__c
                0x000004e5       0x18 ConfigSensors.o
 .progmem.data._ZZ18InitializingBME280hhE3__c_2
                0x000004fd        0x6 ConfigSensors.o
 .progmem.data._ZZ18InitializingBME280hhE3__c_1
                0x00000503        0x5 ConfigSensors.o
 .progmem.data._ZZ18InitializingBME280hhE3__c_0
                0x00000508       0x1d ConfigSensors.o
 .progmem.data._ZZ18InitializingBME280hhE3__c
                0x00000525       0x1d ConfigSensors.o
 .progmem.data._ZZ11DigitalPorthhhE3__c_23
                0x00000542       0x14 DigitalPorts.o
 .progmem.data._ZZ11DigitalPorthhhE3__c_22
                0x00000556        0xa DigitalPorts.o
 .progmem.data._ZZ11DigitalPorthhhE3__c_21
                0x00000560        0xa DigitalPorts.o
 .progmem.data._ZZ11DigitalPorthhhE3__c_20
                0x0000056a        0xa DigitalPorts.o
 .progmem.data._ZZ11DigitalPorthhhE3__c_19
                0x00000574        0xa DigitalPorts.o
 .progmem.data._ZZ11DigitalPorthhhE3__c_18
                0x0000057e        0xa DigitalPorts.o
 .progmem.data._ZZ11DigitalPorthhhE3__c_17
                0x00000588        0x7 DigitalPorts.o
 .progmem.data._ZZ11DigitalPorthhhE3__c_16
                0x0000058f        0x7 DigitalPorts.o
 .progmem.data._ZZ11DigitalPorthhhE3__c_15
                0x00000596        0x7 DigitalPorts.o
 .progmem.data._ZZ11DigitalPorthhhE3__c_14
                0x0000059d        0x7 DigitalPorts.o
 .progmem.data._ZZ11DigitalPorthhhE3__c_13
                0x000005a4        0x7 DigitalPorts.o
 .progmem.data._ZZ11DigitalPorthhhE3__c_12
                0x000005ab        0x7 DigitalPorts.o
 .progmem.data._ZZ11DigitalPorthhhE3__c_11
                0x000005b2        0x7 DigitalPorts.o
 .progmem.data._ZZ11DigitalPorthhhE3__c_10
                0x000005b9        0x7 DigitalPorts.o
 .progmem.data._ZZ11DigitalPorthhhE3__c_9
                0x000005c0       0x10 DigitalPorts.o
 .progmem.data._ZZ11DigitalPorthhhE3__c_8
                0x000005d0       0x15 DigitalPorts.o
 .progmem.data._ZZ11DigitalPorthhhE3__c_7
                0x000005e5        0xa DigitalPorts.o
 .progmem.data._ZZ11DigitalPorthhhE3__c_6
                0x000005ef        0xa DigitalPorts.o
 .progmem.data._ZZ11DigitalPorthhhE3__c_5
                0x000005f9        0xa DigitalPorts.o
 .progmem.data._ZZ11DigitalPorthhhE3__c_4
                0x00000603        0xa DigitalPorts.o
 .progmem.data._ZZ11DigitalPorthhhE3__c_3
                0x0000060d        0xa DigitalPorts.o
 .progmem.data._ZZ11DigitalPorthhhE3__c_2
                0x00000617        0xa DigitalPorts.o
 .progmem.data._ZZ11DigitalPorthhhE3__c_1
                0x00000621        0xa DigitalPorts.o
 .progmem.data._ZZ11DigitalPorthhhE3__c_0
                0x0000062b        0xa DigitalPorts.o
 .progmem.data._ZZ11DigitalPorthhhE3__c
                0x00000635        0xa DigitalPorts.o
 .progmem.data._ZZ25ViewNameInputDigitalPortshE3__c_8
                0x0000063f        0xb DigitalPorts.o
 .progmem.data._ZZ25ViewNameInputDigitalPortshE3__c_7
                0x0000064a       0x14 DigitalPorts.o
 .progmem.data._ZZ25ViewNameInputDigitalPortshE3__c_6
                0x0000065e       0x14 DigitalPorts.o
 .progmem.data._ZZ25ViewNameInputDigitalPortshE3__c_5
                0x00000672       0x14 DigitalPorts.o
 .progmem.data._ZZ25ViewNameInputDigitalPortshE3__c_4
                0x00000686       0x14 DigitalPorts.o
 .progmem.data._ZZ25ViewNameInputDigitalPortshE3__c_3
                0x0000069a       0x14 DigitalPorts.o
 .progmem.data._ZZ25ViewNameInputDigitalPortshE3__c_2
                0x000006ae       0x14 DigitalPorts.o
 .progmem.data._ZZ25ViewNameInputDigitalPortshE3__c_1
                0x000006c2       0x14 DigitalPorts.o
 .progmem.data._ZZ25ViewNameInputDigitalPortshE3__c_0
                0x000006d6       0x14 DigitalPorts.o
 .progmem.data._ZZ25ViewNameInputDigitalPortshE3__c
                0x000006ea       0x14 DigitalPorts.o
 .progmem.data._ZZ18ViewStateAllSwitchvE3__c
                0x000006fe        0x2 DigitalPorts.o
 .progmem.data._ZZ11cleanEEPROMhE3__c_4
                0x00000700       0x10 EEPROM_ADR.o
 .progmem.data._ZZ11cleanEEPROMhE3__c_3
                0x00000710       0x27 EEPROM_ADR.o
 .progmem.data._ZZ11cleanEEPROMhE3__c_2
                0x00000737       0x29 EEPROM_ADR.o
 .progmem.data._ZZ11cleanEEPROMhE3__c_1
                0x00000760       0x26 EEPROM_ADR.o
 .progmem.data._ZZ11cleanEEPROMhE3__c_0
                0x00000786       0x26 EEPROM_ADR.o
 .progmem.data._ZZ11cleanEEPROMhE3__c
                0x000007ac       0x1b EEPROM_ADR.o
 .progmem.data._ZZ15RunStepperMotorhihE3__c_14
                0x000007c7       0x27 ExecModules.o
 .progmem.data._ZZ15RunStepperMotorhihE3__c_13
                0x000007ee       0x35 ExecModules.o
 .progmem.data._ZZ15RunStepperMotorhihE3__c_12
                0x00000823       0x28 ExecModules.o
 .progmem.data._ZZ15RunStepperMotorhihE3__c_11
                0x0000084b       0x2c ExecModules.o
 .progmem.data._ZZ15RunStepperMotorhihE3__c_10
                0x00000877       0x28 ExecModules.o
 .progmem.data._ZZ15RunStepperMotorhihE3__c_9
                0x0000089f       0x2d ExecModules.o
 .progmem.data._ZZ15RunStepperMotorhihE3__c_8
                0x000008cc        0x3 ExecModules.o
 .progmem.data._ZZ15RunStepperMotorhihE3__c_7
                0x000008cf       0x12 ExecModules.o
 .progmem.data._ZZ15RunStepperMotorhihE3__c_6
                0x000008e1        0xf ExecModules.o
 .progmem.data._ZZ15RunStepperMotorhihE3__c_5
                0x000008f0        0xf ExecModules.o
 .progmem.data._ZZ15RunStepperMotorhihE3__c_4
                0x000008ff       0x28 ExecModules.o
 .progmem.data._ZZ15RunStepperMotorhihE3__c_3
                0x00000927        0x4 ExecModules.o
 .progmem.data._ZZ15RunStepperMotorhihE3__c_2
                0x0000092b       0x15 ExecModules.o
 .progmem.data._ZZ15RunStepperMotorhihE3__c_1
                0x00000940        0x4 ExecModules.o
 .progmem.data._ZZ15RunStepperMotorhihE3__c_0
                0x00000944       0x18 ExecModules.o
 .progmem.data._ZZ15RunStepperMotorhihE3__c
                0x0000095c        0x2 ExecModules.o
 .progmem.data._ZZ15ViewStateSwitchhE3__c_1
                0x0000095e        0x1 ExecModules.o
 .progmem.data._ZZ15ViewStateSwitchhE3__c_0
                0x0000095f        0x3 ExecModules.o
 .progmem.data._ZZ15ViewStateSwitchhE3__c
                0x00000962        0x4 ExecModules.o
 .progmem.data._ZZ13RunServoMotorhhE3__c_8
                0x00000966       0x22 ExecModules.o
 .progmem.data._ZZ13RunServoMotorhhE3__c_7
                0x00000988       0x20 ExecModules.o
 .progmem.data._ZZ13RunServoMotorhhE3__c_6
                0x000009a8       0x1f ExecModules.o
 .progmem.data._ZZ13RunServoMotorhhE3__c_5
                0x000009c7       0x1f ExecModules.o
 .progmem.data._ZZ13RunServoMotorhhE3__c_4
                0x000009e6       0x20 ExecModules.o
 .progmem.data._ZZ13RunServoMotorhhE3__c_3
                0x00000a06        0x2 ExecModules.o
 .progmem.data._ZZ13RunServoMotorhhE3__c_2
                0x00000a08       0x13 ExecModules.o
 .progmem.data._ZZ13RunServoMotorhhE3__c_1
                0x00000a1b        0x2 ExecModules.o
 .progmem.data._ZZ13RunServoMotorhhE3__c_0
                0x00000a1d        0x3 ExecModules.o
 .progmem.data._ZZ13RunServoMotorhhE3__c
                0x00000a20       0x1e ExecModules.o
 .progmem.data._ZZ12RunPWMonPorthiE3__c_1
                0x00000a3e        0x2 ExecModules.o
 .progmem.data._ZZ12RunPWMonPorthiE3__c_0
                0x00000a40       0x11 ExecModules.o
 .progmem.data._ZZ12RunPWMonPorthiE3__c
                0x00000a51       0x18 ExecModules.o
 .progmem.data._ZZ11SendGETGPRS6StringE3__c_5
                0x00000a69        0xc GPRS.o
 .progmem.data._ZZ11SendGETGPRS6StringE3__c_4
                0x00000a75       0x10 GPRS.o
 .progmem.data._ZZ11SendGETGPRS6StringE3__c_3
                0x00000a85        0x6 GPRS.o
 .progmem.data._ZZ11SendGETGPRS6StringE3__c_2
                0x00000a8b        0x3 GPRS.o
 .progmem.data._ZZ11SendGETGPRS6StringE3__c_1
                0x00000a8e        0x3 GPRS.o
 .progmem.data._ZZ11SendGETGPRS6StringE3__c_0
                0x00000a91       0x14 GPRS.o
 .progmem.data._ZZ11SendGETGPRS6StringE3__c
                0x00000aa5       0x18 GPRS.o
 .progmem.data._ZZ14ConnectionGPRSvE3__c_8
                0x00000abd       0x2f GPRS.o
 .progmem.data._ZZ14ConnectionGPRSvE3__c_7
                0x00000aec        0x2 GPRS.o
 .progmem.data._ZZ14ConnectionGPRSvE3__c_6
                0x00000aee        0xe GPRS.o
 .progmem.data._ZZ14ConnectionGPRSvE3__c_5
                0x00000afc        0x7 GPRS.o
 .progmem.data._ZZ14ConnectionGPRSvE3__c_4
                0x00000b03        0xd GPRS.o
 .progmem.data._ZZ14ConnectionGPRSvE3__c_3
                0x00000b10        0x4 GPRS.o
 .progmem.data._ZZ14ConnectionGPRSvE3__c_2
                0x00000b14        0x4 GPRS.o
 .progmem.data._ZZ14ConnectionGPRSvE3__c_1
                0x00000b18        0x4 GPRS.o
 .progmem.data._ZZ14ConnectionGPRSvE3__c_0
                0x00000b1c        0x4 GPRS.o
 .progmem.data._ZZ14ConnectionGPRSvE3__c
                0x00000b20       0x18 GPRS.o
 .progmem.data._ZZ16InitializingGPRSvE3__c_5
                0x00000b38       0x27 GPRS.o
 .progmem.data._ZZ16InitializingGPRSvE3__c_4
                0x00000b5f        0xc GPRS.o
 .progmem.data._ZZ16InitializingGPRSvE3__c_3
                0x00000b6b        0xd GPRS.o
 .progmem.data._ZZ16InitializingGPRSvE3__c_2
                0x00000b78       0x1d GPRS.o
 .progmem.data._ZZ16InitializingGPRSvE3__c_1
                0x00000b95       0x1e GPRS.o
 .progmem.data._ZZ16InitializingGPRSvE3__c_0
                0x00000bb3       0x29 GPRS.o
 .progmem.data._ZZ16InitializingGPRSvE3__c
                0x00000bdc       0x1e GPRS.o
 .progmem.data._ZZ16Answer_check_GET6StringbE3__c_5
                0x00000bfa       0x15 GPRS.o
 .progmem.data._ZZ16Answer_check_GET6StringbE3__c_4
                0x00000c0f        0x3 GPRS.o
 .progmem.data._ZZ16Answer_check_GET6StringbE3__c_3
                0x00000c12        0xf GPRS.o
 .progmem.data._ZZ16Answer_check_GET6StringbE3__c_2
                0x00000c21        0x4 GPRS.o
 .progmem.data._ZZ16Answer_check_GET6StringbE3__c_1
                0x00000c25        0x4 GPRS.o
 .progmem.data._ZZ16Answer_check_GET6StringbE3__c_0
                0x00000c29        0x4 GPRS.o
 .progmem.data._ZZ16Answer_check_GET6StringbE3__c
                0x00000c2d       0x1b GPRS.o
 .progmem.data._ZZ10serial3ISRvE3__c_7
                0x00000c48        0xa GSM.o
 .progmem.data._ZZ10serial3ISRvE3__c_6
                0x00000c52        0x2 GSM.o
 .progmem.data._ZZ10serial3ISRvE3__c_5
                0x00000c54        0x7 GSM.o
 .progmem.data._ZZ10serial3ISRvE3__c_4
                0x00000c5b        0x5 GSM.o
 .progmem.data._ZZ10serial3ISRvE3__c_3
                0x00000c60        0x5 GSM.o
 .progmem.data._ZZ10serial3ISRvE3__c_2
                0x00000c65        0x6 GSM.o
 .progmem.data._ZZ10serial3ISRvE3__c_1
                0x00000c6b        0x9 GSM.o
 .progmem.data._ZZ10serial3ISRvE3__c_0
                0x00000c74        0x6 GSM.o
 .progmem.data._ZZ10serial3ISRvE3__c
                0x00000c7a        0xc GSM.o
 .progmem.data._ZZ9MasterSMS6StringE3__c_17
                0x00000c86        0xa GSM.o
 .progmem.data._ZZ9MasterSMS6StringE3__c_18
                0x00000c90        0x3 GSM.o
 .progmem.data._ZZ9MasterSMS6StringE3__c_19
                0x00000c93        0xc GSM.o
 .progmem.data._ZZ9MasterSMS6StringE3__c_16
                0x00000c9f        0x5 GSM.o
 .progmem.data._ZZ9MasterSMS6StringE3__c_15
                0x00000ca4        0x5 GSM.o
 .progmem.data._ZZ9MasterSMS6StringE3__c_7
                0x00000ca9        0xb GSM.o
 .progmem.data._ZZ9MasterSMS6StringE3__c_8
                0x00000cb4        0x3 GSM.o
 .progmem.data._ZZ9MasterSMS6StringE3__c_9
                0x00000cb7        0xa GSM.o
 .progmem.data._ZZ9MasterSMS6StringE3__c_10
                0x00000cc1        0x3 GSM.o
 .progmem.data._ZZ9MasterSMS6StringE3__c_11
                0x00000cc4        0xc GSM.o
 .progmem.data._ZZ9MasterSMS6StringE3__c_12
                0x00000cd0        0xc GSM.o
 .progmem.data._ZZ9MasterSMS6StringE3__c_13
                0x00000cdc        0xd GSM.o
 .progmem.data._ZZ9MasterSMS6StringE3__c_14
                0x00000ce9        0x6 GSM.o
 .progmem.data._ZZ9MasterSMS6StringE3__c_6
                0x00000cef        0x7 GSM.o
 .progmem.data._ZZ9MasterSMS6StringE3__c_5
                0x00000cf6        0x7 GSM.o
 .progmem.data._ZZ9MasterSMS6StringE3__c_4
                0x00000cfd        0xd GSM.o
 .progmem.data._ZZ9MasterSMS6StringE3__c_3
                0x00000d0a        0x9 GSM.o
 .progmem.data._ZZ9MasterSMS6StringE3__c_2
                0x00000d13        0x8 GSM.o
 .progmem.data._ZZ9MasterSMS6StringE3__c_1
                0x00000d1b        0xd GSM.o
 .progmem.data._ZZ9MasterSMS6StringE3__c_0
                0x00000d28        0x9 GSM.o
 .progmem.data._ZZ9MasterSMS6StringE3__c
                0x00000d31        0x6 GSM.o
 .progmem.data._ZZ8clearsmsvE3__c
                0x00000d37        0xa GSM.o
 .progmem.data._ZZ7SendSMS6StringhE3__c_1
                0x00000d41        0xb GSM.o
 .progmem.data._ZZ7SendSMS6StringhE3__c_0
                0x00000d4c        0xd GSM.o
 .progmem.data._ZZ7SendSMS6StringhE3__c
                0x00000d59        0xd GSM.o
 .progmem.data._ZZ15InitializingGSMvE3__c_7
                0x00000d66       0x3a GSM.o
 .progmem.data._ZZ15InitializingGSMvE3__c_6
                0x00000da0        0xb GSM.o
 .progmem.data._ZZ15InitializingGSMvE3__c_5
                0x00000dab       0x1b GSM.o
 .progmem.data._ZZ15InitializingGSMvE3__c_4
                0x00000dc6       0x43 GSM.o
 .progmem.data._ZZ15InitializingGSMvE3__c_3
                0x00000e09        0xe GSM.o
 .progmem.data._ZZ15InitializingGSMvE3__c_2
                0x00000e17        0xa GSM.o
 .progmem.data._ZZ15InitializingGSMvE3__c_1
                0x00000e21        0xa GSM.o
 .progmem.data._ZZ15InitializingGSMvE3__c_0
                0x00000e2b       0x11 GSM.o
 .progmem.data._ZZ15InitializingGSMvE3__c
                0x00000e3c        0x5 GSM.o
 .progmem.data._ZZ12waitResponsebE3__c
                0x00000e41        0xb GSM.o
 .progmem.data._ZZ20CheckRegistrationGSMbE3__c_11
                0x00000e4c       0x15 GSM.o
 .progmem.data._ZZ20CheckRegistrationGSMbE3__c_10
                0x00000e61       0x2a GSM.o
 .progmem.data._ZZ20CheckRegistrationGSMbE3__c_9
                0x00000e8b       0x14 GSM.o
 .progmem.data._ZZ20CheckRegistrationGSMbE3__c_8
                0x00000e9f       0x2b GSM.o
 .progmem.data._ZZ20CheckRegistrationGSMbE3__c_7
                0x00000eca       0x1d GSM.o
 .progmem.data._ZZ20CheckRegistrationGSMbE3__c_6
                0x00000ee7       0x32 GSM.o
 .progmem.data._ZZ20CheckRegistrationGSMbE3__c_5
                0x00000f19        0x9 GSM.o
 .progmem.data._ZZ20CheckRegistrationGSMbE3__c_4
                0x00000f22        0xb GSM.o
 .progmem.data._ZZ20CheckRegistrationGSMbE3__c_3
                0x00000f2d        0xb GSM.o
 .progmem.data._ZZ20CheckRegistrationGSMbE3__c_2
                0x00000f38        0xb GSM.o
 .progmem.data._ZZ20CheckRegistrationGSMbE3__c_1
                0x00000f43        0xb GSM.o
 .progmem.data._ZZ20CheckRegistrationGSMbE3__c_0
                0x00000f4e        0xb GSM.o
 .progmem.data._ZZ20CheckRegistrationGSMbE3__c
                0x00000f59       0x19 GSM.o
 .progmem.data._ZZ22Check_Readiness_ModulebE3__c_4
                0x00000f72        0xb GSM.o
 .progmem.data._ZZ22Check_Readiness_ModulebE3__c_3
                0x00000f7d       0x16 GSM.o
 .progmem.data._ZZ22Check_Readiness_ModulebE3__c_2
                0x00000f93        0x3 GSM.o
 .progmem.data._ZZ22Check_Readiness_ModulebE3__c_1
                0x00000f96        0x3 GSM.o
 .progmem.data._ZZ22Check_Readiness_ModulebE3__c_0
                0x00000f99        0xd GSM.o
 .progmem.data._ZZ22Check_Readiness_ModulebE3__c
                0x00000fa6       0x26 GSM.o
 .progmem.data._ZZ11SignalLevelbE3__c_4
                0x00000fcc        0xe GSM.o
 .progmem.data._ZZ11SignalLevelbE3__c_3
                0x00000fda        0x9 GSM.o
 .progmem.data._ZZ11SignalLevelbE3__c_2
                0x00000fe3       0x19 GSM.o
 .progmem.data._ZZ11SignalLevelbE3__c_1
                0x00000ffc       0x20 GSM.o
 .progmem.data._ZZ11SignalLevelbE3__c_0
                0x0000101c        0x5 GSM.o
 .progmem.data._ZZ11SignalLevelbE3__c
                0x00001021        0x7 GSM.o
 .progmem.data._ZZ9Power_GSMhE3__c
                0x00001028       0x13 GSM.o
 .progmem.data._ZL12AllowPhone_3
                0x0000103b        0xc GSM.o
 .progmem.data._ZL12AllowPhone_2
                0x00001047        0xc GSM.o
 .progmem.data._ZL12AllowPhone_1
                0x00001053        0xc GSM.o
 .progmem.data._ZL12AllowPhone_0
                0x0000105f        0xc GSM.o
 .progmem.data._ZZ10WindowMenuhhE3__c_22
                0x0000106b        0x3 LCDdisplay.o
 .progmem.data._ZZ10WindowMenuhhE3__c_21
                0x0000106e        0x3 LCDdisplay.o
 .progmem.data._ZZ10WindowMenuhhE3__c_20
                0x00001071        0x3 LCDdisplay.o
 .progmem.data._ZZ10WindowMenuhhE3__c_19
                0x00001074        0x1 LCDdisplay.o
 .progmem.data._ZZ10WindowMenuhhE3__c_18
                0x00001075       0x11 LCDdisplay.o
 .progmem.data._ZZ10WindowMenuhhE3__c_17
                0x00001086        0x5 LCDdisplay.o
 .progmem.data._ZZ10WindowMenuhhE3__c_16
                0x0000108b        0x3 LCDdisplay.o
 .progmem.data._ZZ10WindowMenuhhE3__c_15
                0x0000108e        0x3 LCDdisplay.o
 .progmem.data._ZZ10WindowMenuhhE3__c_14
                0x00001091        0x5 LCDdisplay.o
 .progmem.data._ZZ10WindowMenuhhE3__c_13
                0x00001096       0x11 LCDdisplay.o
 .progmem.data._ZZ10WindowMenuhhE3__c_12
                0x000010a7        0x6 LCDdisplay.o
 .progmem.data._ZZ10WindowMenuhhE3__c_11
                0x000010ad        0x2 LCDdisplay.o
 .progmem.data._ZZ10WindowMenuhhE3__c_10
                0x000010af        0x6 LCDdisplay.o
 .progmem.data._ZZ10WindowMenuhhE3__c_9
                0x000010b5       0x11 LCDdisplay.o
 .progmem.data._ZZ10WindowMenuhhE3__c_8
                0x000010c6        0x2 LCDdisplay.o
 .progmem.data._ZZ10WindowMenuhhE3__c_7
                0x000010c8        0x4 LCDdisplay.o
 .progmem.data._ZZ10WindowMenuhhE3__c_6
                0x000010cc       0x11 LCDdisplay.o
 .progmem.data._ZZ10WindowMenuhhE3__c_5
                0x000010dd        0x2 LCDdisplay.o
 .progmem.data._ZZ10WindowMenuhhE3__c_4
                0x000010df        0x2 LCDdisplay.o
 .progmem.data._ZZ10WindowMenuhhE3__c_3
                0x000010e1       0x11 LCDdisplay.o
 .progmem.data._ZZ10WindowMenuhhE3__c_2
                0x000010f2        0x7 LCDdisplay.o
 .progmem.data._ZZ10WindowMenuhhE3__c_1
                0x000010f9       0x11 LCDdisplay.o
 .progmem.data._ZZ10WindowMenuhhE3__c_0
                0x0000110a        0xa LCDdisplay.o
 .progmem.data._ZZ10WindowMenuhhE3__c
                0x00001114       0x11 LCDdisplay.o
 .progmem.data._ZZN6BH175014readLightLevelEbE3__c
                0x00001125       0x23 lib/BH1750.o
 .progmem.data._ZZN6BH17508setMTregEhE3__c_4
                0x00001148       0x20 lib/BH1750.o
 .progmem.data._ZZN6BH17508setMTregEhE3__c_3
                0x00001168       0x1c lib/BH1750.o
 .progmem.data._ZZN6BH17508setMTregEhE3__c_2
                0x00001184       0x32 lib/BH1750.o
 .progmem.data._ZZN6BH17508setMTregEhE3__c_1
                0x000011b6       0x35 lib/BH1750.o
 .progmem.data._ZZN6BH17508setMTregEhE3__c_0
                0x000011eb       0x2d lib/BH1750.o
 .progmem.data._ZZN6BH17508setMTregEhE3__c
                0x00001218       0x23 lib/BH1750.o
 .progmem.data._ZZN6BH17509configureENS_4ModeEE3__c_4
                0x0000123b       0x20 lib/BH1750.o
 .progmem.data._ZZN6BH17509configureENS_4ModeEE3__c_3
                0x0000125b       0x1c lib/BH1750.o
 .progmem.data._ZZN6BH17509configureENS_4ModeEE3__c_2
                0x00001277       0x32 lib/BH1750.o
 .progmem.data._ZZN6BH17509configureENS_4ModeEE3__c_1
                0x000012a9       0x35 lib/BH1750.o
 .progmem.data._ZZN6BH17509configureENS_4ModeEE3__c_0
                0x000012de       0x2d lib/BH1750.o
 .progmem.data._ZZN6BH17509configureENS_4ModeEE3__c
                0x0000130b       0x1d lib/BH1750.o
 .progmem.data._ZL11dscrc_table
                0x00001328      0x100 lib/OneWire.o
 .progmem.data._ZZ13TermostatFunchE3__c_2
                0x00001428       0x14 main.o
 .progmem.data._ZZ13TermostatFunchE3__c_1
                0x0000143c       0x1b main.o
 .progmem.data._ZZ13TermostatFunchE3__c_0
                0x00001457        0x2 main.o
 .progmem.data._ZZ13TermostatFunchE3__c
                0x00001459       0x38 main.o
 .progmem.data._ZZ16ValidDataSensorshE3__c_0
                0x00001491       0x36 main.o
 .progmem.data._ZZ16ValidDataSensorshE3__c
                0x000014c7       0x43 main.o
 .progmem.data._ZZ18WorkThermostatModehE3__c_39
                0x0000150a       0x49 main.o
 .progmem.data._ZZ18WorkThermostatModehE3__c_37
                0x00001553       0x16 main.o
 .progmem.data._ZZ18WorkThermostatModehE3__c_38
                0x00001569       0x18 main.o
 .progmem.data._ZZ18WorkThermostatModehE3__c_35
                0x00001581       0x16 main.o
 .progmem.data._ZZ18WorkThermostatModehE3__c_36
                0x00001597       0x17 main.o
 .progmem.data._ZZ18WorkThermostatModehE3__c_34
                0x000015ae       0x3f main.o
 .progmem.data._ZZ18WorkThermostatModehE3__c_33
                0x000015ed        0x2 main.o
 .progmem.data._ZZ18WorkThermostatModehE3__c_32
                0x000015ef       0x12 main.o
 .progmem.data._ZZ18WorkThermostatModehE3__c_31
                0x00001601        0x5 main.o
 .progmem.data._ZZ18WorkThermostatModehE3__c_30
                0x00001606       0x13 main.o
 .progmem.data._ZZ18WorkThermostatModehE3__c_29
                0x00001619        0x2 main.o
 .progmem.data._ZZ18WorkThermostatModehE3__c_28
                0x0000161b       0x12 main.o
 .progmem.data._ZZ18WorkThermostatModehE3__c_27
                0x0000162d        0x5 main.o
 .progmem.data._ZZ18WorkThermostatModehE3__c_26
                0x00001632       0x14 main.o
 .progmem.data._ZZ18WorkThermostatModehE3__c_25
                0x00001646        0x2 main.o
 .progmem.data._ZZ18WorkThermostatModehE3__c_24
                0x00001648       0x12 main.o
 .progmem.data._ZZ18WorkThermostatModehE3__c_23
                0x0000165a        0x5 main.o
 .progmem.data._ZZ18WorkThermostatModehE3__c_22
                0x0000165f       0x14 main.o
 .progmem.data._ZZ18WorkThermostatModehE3__c_21
                0x00001673        0x2 main.o
 .progmem.data._ZZ18WorkThermostatModehE3__c_20
                0x00001675       0x12 main.o
 .progmem.data._ZZ18WorkThermostatModehE3__c_19
                0x00001687        0x5 main.o
 .progmem.data._ZZ18WorkThermostatModehE3__c_18
                0x0000168c       0x14 main.o
 .progmem.data._ZZ18WorkThermostatModehE3__c_17
                0x000016a0        0x2 main.o
 .progmem.data._ZZ18WorkThermostatModehE3__c_16
                0x000016a2       0x16 main.o
 .progmem.data._ZZ18WorkThermostatModehE3__c_15
                0x000016b8       0x10 main.o
 .progmem.data._ZZ18WorkThermostatModehE3__c_14
                0x000016c8        0x2 main.o
 .progmem.data._ZZ18WorkThermostatModehE3__c_13
                0x000016ca       0x16 main.o
 .progmem.data._ZZ18WorkThermostatModehE3__c_12
                0x000016e0       0x10 main.o
 .progmem.data._ZZ18WorkThermostatModehE3__c_11
                0x000016f0       0x20 main.o
 .progmem.data._ZZ18WorkThermostatModehE3__c_10
                0x00001710       0x1b main.o
 .progmem.data._ZZ18WorkThermostatModehE3__c_9
                0x0000172b       0x1d main.o
 .progmem.data._ZZ18WorkThermostatModehE3__c_8
                0x00001748        0x2 main.o
 .progmem.data._ZZ18WorkThermostatModehE3__c_7
                0x0000174a       0x16 main.o
 .progmem.data._ZZ18WorkThermostatModehE3__c_6
                0x00001760        0x8 main.o
 .progmem.data._ZZ18WorkThermostatModehE3__c_5
                0x00001768        0x5 main.o
 .progmem.data._ZZ18WorkThermostatModehE3__c_4
                0x0000176d       0x1a main.o
 .progmem.data._ZZ18WorkThermostatModehE3__c_3
                0x00001787       0x1b main.o
 .progmem.data._ZZ18WorkThermostatModehE3__c_2
                0x000017a2       0x13 main.o
 .progmem.data._ZZ18WorkThermostatModehE3__c_1
                0x000017b5       0x1a main.o
 .progmem.data._ZZ18WorkThermostatModehE3__c_0
                0x000017cf       0x1a main.o
 .progmem.data._ZZ18WorkThermostatModehE3__c
                0x000017e9       0x21 main.o
 .progmem.data._ZZ11ExecModuleshhE3__c_12
                0x0000180a       0x2f main.o
 .progmem.data._ZZ11ExecModuleshhE3__c_11
                0x00001839       0x5b main.o
 .progmem.data._ZZ11ExecModuleshhE3__c_10
                0x00001894        0x6 main.o
 .progmem.data._ZZ11ExecModuleshhE3__c_9
                0x0000189a        0x7 main.o
 .progmem.data._ZZ11ExecModuleshhE3__c_8
                0x000018a1       0x10 main.o
 .progmem.data._ZZ11ExecModuleshhE3__c_7
                0x000018b1       0x1e main.o
 .progmem.data._ZZ11ExecModuleshhE3__c_6
                0x000018cf       0x1c main.o
 .progmem.data._ZZ11ExecModuleshhE3__c_5
                0x000018eb       0x17 main.o
 .progmem.data._ZZ11ExecModuleshhE3__c_4
                0x00001902       0x1c main.o
 .progmem.data._ZZ11ExecModuleshhE3__c_3
                0x0000191e       0x35 main.o
 .progmem.data._ZZ11ExecModuleshhE3__c_2
                0x00001953       0x15 main.o
 .progmem.data._ZZ11ExecModuleshhE3__c_1
                0x00001968       0x1c main.o
 .progmem.data._ZZ11ExecModuleshhE3__c_0
                0x00001984       0x20 main.o
 .progmem.data._ZZ11ExecModuleshhE3__c
                0x000019a4       0x1c main.o
 .progmem.data._ZZ13TimeIntervalsvE3__c_9
                0x000019c0        0x5 main.o
 .progmem.data._ZZ13TimeIntervalsvE3__c_10
                0x000019c5        0x6 main.o
 .progmem.data._ZZ13TimeIntervalsvE3__c_11
                0x000019cb        0x6 main.o
 .progmem.data._ZZ13TimeIntervalsvE3__c_12
                0x000019d1        0x6 main.o
 .progmem.data._ZZ13TimeIntervalsvE3__c_13
                0x000019d7        0x6 main.o
 .progmem.data._ZZ13TimeIntervalsvE3__c_14
                0x000019dd        0x6 main.o
 .progmem.data._ZZ13TimeIntervalsvE3__c_15
                0x000019e3        0x6 main.o
 .progmem.data._ZZ13TimeIntervalsvE3__c_16
                0x000019e9        0x6 main.o
 .progmem.data._ZZ13TimeIntervalsvE3__c_17
                0x000019ef        0x6 main.o
 .progmem.data._ZZ13TimeIntervalsvE3__c_18
                0x000019f5        0x6 main.o
 .progmem.data._ZZ13TimeIntervalsvE3__c_19
                0x000019fb        0x7 main.o
 .progmem.data._ZZ13TimeIntervalsvE3__c_20
                0x00001a02        0x7 main.o
 .progmem.data._ZZ13TimeIntervalsvE3__c_21
                0x00001a09        0x7 main.o
 .progmem.data._ZZ13TimeIntervalsvE3__c_22
                0x00001a10        0x7 main.o
 .progmem.data._ZZ13TimeIntervalsvE3__c_23
                0x00001a17        0x7 main.o
 .progmem.data._ZZ13TimeIntervalsvE3__c_24
                0x00001a1e        0x7 main.o
 .progmem.data._ZZ13TimeIntervalsvE3__c_25
                0x00001a25        0x7 main.o
 .progmem.data._ZZ13TimeIntervalsvE3__c_26
                0x00001a2c        0x6 main.o
 .progmem.data._ZZ13TimeIntervalsvE3__c_27
                0x00001a32        0x2 main.o
 .progmem.data._ZZ13TimeIntervalsvE3__c_8
                0x00001a34       0x30 main.o
 .progmem.data._ZZ13TimeIntervalsvE3__c_7
                0x00001a64       0x26 main.o
 .progmem.data._ZZ13TimeIntervalsvE3__c_6
                0x00001a8a       0x30 main.o
 .progmem.data._ZZ13TimeIntervalsvE3__c_5
                0x00001aba       0x4f main.o
 .progmem.data._ZZ13TimeIntervalsvE3__c_4
                0x00001b09       0x30 main.o
 .progmem.data._ZZ13TimeIntervalsvE3__c_3
                0x00001b39       0x30 main.o
 .progmem.data._ZZ13TimeIntervalsvE3__c_2
                0x00001b69       0x2b main.o
 .progmem.data._ZZ13TimeIntervalsvE3__c_1
                0x00001b94        0xb main.o
 .progmem.data._ZZ13TimeIntervalsvE3__c_0
                0x00001b9f       0x30 main.o
 .progmem.data._ZZ13TimeIntervalsvE3__c
                0x00001bcf        0x1 main.o
 .progmem.data._ZZ26ArchiveRestoreSaveWordDatahE3__c_1
                0x00001bd0        0x3 main.o
 .progmem.data._ZZ26ArchiveRestoreSaveWordDatahE3__c_0
                0x00001bd3       0x56 main.o
 .progmem.data._ZZ26ArchiveRestoreSaveWordDatahE3__c
                0x00001c29       0x6d main.o
 .progmem.data._ZZ24ProcessingDataFromSerialvE3__c_6
                0x00001c96       0x3d ParsingDataOnSerial.o
 .progmem.data._ZZ24ProcessingDataFromSerialvE3__c_5
                0x00001cd3       0x46 ParsingDataOnSerial.o
 .progmem.data._ZZ24ProcessingDataFromSerialvE3__c_4
                0x00001d19        0x3 ParsingDataOnSerial.o
 .progmem.data._ZZ24ProcessingDataFromSerialvE3__c_3
                0x00001d1c        0x3 ParsingDataOnSerial.o
 .progmem.data._ZZ24ProcessingDataFromSerialvE3__c_2
                0x00001d1f       0x3d ParsingDataOnSerial.o
 .progmem.data._ZZ24ProcessingDataFromSerialvE3__c_1
                0x00001d5c       0x3b ParsingDataOnSerial.o
 .progmem.data._ZZ24ProcessingDataFromSerialvE3__c_0
                0x00001d97        0x3 ParsingDataOnSerial.o
 .progmem.data._ZZ24ProcessingDataFromSerialvE3__c
                0x00001d9a        0x4 ParsingDataOnSerial.o
 .progmem.data._ZZ24RecievedConfigControllervE3__c_70
                0x00001d9e        0x2 RecievedUART/RecievedConfigController.o
 .progmem.data._ZZ24RecievedConfigControllervE3__c_69
                0x00001da0        0x2 RecievedUART/RecievedConfigController.o
 .progmem.data._ZZ24RecievedConfigControllervE3__c_68
                0x00001da2        0x2 RecievedUART/RecievedConfigController.o
 .progmem.data._ZZ24RecievedConfigControllervE3__c_67
                0x00001da4        0x2 RecievedUART/RecievedConfigController.o
 .progmem.data._ZZ24RecievedConfigControllervE3__c_66
                0x00001da6        0x2 RecievedUART/RecievedConfigController.o
 .progmem.data._ZZ24RecievedConfigControllervE3__c_65
                0x00001da8        0x2 RecievedUART/RecievedConfigController.o
 .progmem.data._ZZ24RecievedConfigControllervE3__c_64
                0x00001daa        0x2 RecievedUART/RecievedConfigController.o
 .progmem.data._ZZ24RecievedConfigControllervE3__c_63
                0x00001dac        0x2 RecievedUART/RecievedConfigController.o
 .progmem.data._ZZ24RecievedConfigControllervE3__c_62
                0x00001dae        0x2 RecievedUART/RecievedConfigController.o
 .progmem.data._ZZ24RecievedConfigControllervE3__c_61
                0x00001db0        0x2 RecievedUART/RecievedConfigController.o
 .progmem.data._ZZ24RecievedConfigControllervE3__c_60
                0x00001db2        0x2 RecievedUART/RecievedConfigController.o
 .progmem.data._ZZ24RecievedConfigControllervE3__c_59
                0x00001db4        0x2 RecievedUART/RecievedConfigController.o
 .progmem.data._ZZ24RecievedConfigControllervE3__c_58
                0x00001db6        0x2 RecievedUART/RecievedConfigController.o
 .progmem.data._ZZ24RecievedConfigControllervE3__c_57
                0x00001db8        0x2 RecievedUART/RecievedConfigController.o
 .progmem.data._ZZ24RecievedConfigControllervE3__c_56
                0x00001dba        0x2 RecievedUART/RecievedConfigController.o
 .progmem.data._ZZ24RecievedConfigControllervE3__c_55
                0x00001dbc        0x2 RecievedUART/RecievedConfigController.o
 .progmem.data._ZZ24RecievedConfigControllervE3__c_54
                0x00001dbe        0x2 RecievedUART/RecievedConfigController.o
 .progmem.data._ZZ24RecievedConfigControllervE3__c_53
                0x00001dc0        0x2 RecievedUART/RecievedConfigController.o
 .progmem.data._ZZ24RecievedConfigControllervE3__c_52
                0x00001dc2        0x2 RecievedUART/RecievedConfigController.o
 .progmem.data._ZZ24RecievedConfigControllervE3__c_51
                0x00001dc4        0x2 RecievedUART/RecievedConfigController.o
 .progmem.data._ZZ24RecievedConfigControllervE3__c_50
                0x00001dc6        0x2 RecievedUART/RecievedConfigController.o
 .progmem.data._ZZ24RecievedConfigControllervE3__c_49
                0x00001dc8        0x2 RecievedUART/RecievedConfigController.o
 .progmem.data._ZZ24RecievedConfigControllervE3__c_48
                0x00001dca        0x2 RecievedUART/RecievedConfigController.o
 .progmem.data._ZZ24RecievedConfigControllervE3__c_47
                0x00001dcc        0x5 RecievedUART/RecievedConfigController.o
 .progmem.data._ZZ24RecievedConfigControllervE3__c_46
                0x00001dd1       0x29 RecievedUART/RecievedConfigController.o
 .progmem.data._ZZ24RecievedConfigControllervE3__c_45
                0x00001dfa        0x8 RecievedUART/RecievedConfigController.o
 .progmem.data._ZZ24RecievedConfigControllervE3__c_44
                0x00001e02       0x53 RecievedUART/RecievedConfigController.o
 .progmem.data._ZZ24RecievedConfigControllervE3__c_43
                0x00001e55        0x8 RecievedUART/RecievedConfigController.o
 .progmem.data._ZZ24RecievedConfigControllervE3__c_42
                0x00001e5d       0x1f RecievedUART/RecievedConfigController.o
 .progmem.data._ZZ24RecievedConfigControllervE3__c_41
                0x00001e7c        0x8 RecievedUART/RecievedConfigController.o
 .progmem.data._ZZ24RecievedConfigControllervE3__c_40
                0x00001e84       0x38 RecievedUART/RecievedConfigController.o
 .progmem.data._ZZ24RecievedConfigControllervE3__c_39
                0x00001ebc       0x2d RecievedUART/RecievedConfigController.o
 .progmem.data._ZZ24RecievedConfigControllervE3__c_38
                0x00001ee9       0x11 RecievedUART/RecievedConfigController.o
 .progmem.data._ZZ24RecievedConfigControllervE3__c_37
                0x00001efa        0xf RecievedUART/RecievedConfigController.o
 .progmem.data._ZZ24RecievedConfigControllervE3__c_36
                0x00001f09        0x8 RecievedUART/RecievedConfigController.o
 .progmem.data._ZZ24RecievedConfigControllervE3__c_35
                0x00001f11        0x7 RecievedUART/RecievedConfigController.o
 .progmem.data._ZZ24RecievedConfigControllervE3__c_34
                0x00001f18       0x34 RecievedUART/RecievedConfigController.o
 .progmem.data._ZZ24RecievedConfigControllervE3__c_33
                0x00001f4c        0x7 RecievedUART/RecievedConfigController.o
 .progmem.data._ZZ24RecievedConfigControllervE3__c_32
                0x00001f53       0x45 RecievedUART/RecievedConfigController.o
 .progmem.data._ZZ24RecievedConfigControllervE3__c_31
                0x00001f98        0x7 RecievedUART/RecievedConfigController.o
 .progmem.data._ZZ24RecievedConfigControllervE3__c_30
                0x00001f9f       0x3c RecievedUART/RecievedConfigController.o
 .progmem.data._ZZ24RecievedConfigControllervE3__c_29
                0x00001fdb        0xf RecievedUART/RecievedConfigController.o
 .progmem.data._ZZ24RecievedConfigControllervE3__c_28
                0x00001fea       0x11 RecievedUART/RecievedConfigController.o
 .progmem.data._ZZ24RecievedConfigControllervE3__c_27
                0x00001ffb       0x13 RecievedUART/RecievedConfigController.o
 .progmem.data._ZZ24RecievedConfigControllervE3__c_26
                0x0000200e        0x6 RecievedUART/RecievedConfigController.o
 .progmem.data._ZZ24RecievedConfigControllervE3__c_25
                0x00002014       0x27 RecievedUART/RecievedConfigController.o
 .progmem.data._ZZ24RecievedConfigControllervE3__c_24
                0x0000203b       0x2b RecievedUART/RecievedConfigController.o
 .progmem.data._ZZ24RecievedConfigControllervE3__c_23
                0x00002066       0x1c RecievedUART/RecievedConfigController.o
 .progmem.data._ZZ24RecievedConfigControllervE3__c_22
                0x00002082       0x19 RecievedUART/RecievedConfigController.o
 .progmem.data._ZZ24RecievedConfigControllervE3__c_21
                0x0000209b       0x13 RecievedUART/RecievedConfigController.o
 .progmem.data._ZZ24RecievedConfigControllervE3__c_20
                0x000020ae       0x13 RecievedUART/RecievedConfigController.o
 .progmem.data._ZZ24RecievedConfigControllervE3__c_19
                0x000020c1       0x22 RecievedUART/RecievedConfigController.o
 .progmem.data._ZZ24RecievedConfigControllervE3__c_18
                0x000020e3       0x2d RecievedUART/RecievedConfigController.o
 .progmem.data._ZZ24RecievedConfigControllervE3__c_17
                0x00002110       0x15 RecievedUART/RecievedConfigController.o
 .progmem.data._ZZ24RecievedConfigControllervE3__c_16
                0x00002125        0x5 RecievedUART/RecievedConfigController.o
 .progmem.data._ZZ24RecievedConfigControllervE3__c_15
                0x0000212a        0x7 RecievedUART/RecievedConfigController.o
 .progmem.data._ZZ24RecievedConfigControllervE3__c_14
                0x00002131       0x41 RecievedUART/RecievedConfigController.o
 .progmem.data._ZZ24RecievedConfigControllervE3__c_13
                0x00002172       0x4b RecievedUART/RecievedConfigController.o
 .progmem.data._ZZ24RecievedConfigControllervE3__c_12
                0x000021bd       0x27 RecievedUART/RecievedConfigController.o
 .progmem.data._ZZ24RecievedConfigControllervE3__c_11
                0x000021e4       0x36 RecievedUART/RecievedConfigController.o
 .progmem.data._ZZ24RecievedConfigControllervE3__c_10
                0x0000221a       0x20 RecievedUART/RecievedConfigController.o
 .progmem.data._ZZ24RecievedConfigControllervE3__c_9
                0x0000223a       0x25 RecievedUART/RecievedConfigController.o
 .progmem.data._ZZ24RecievedConfigControllervE3__c_8
                0x0000225f       0x1c RecievedUART/RecievedConfigController.o
 .progmem.data._ZZ24RecievedConfigControllervE3__c_7
                0x0000227b       0x1c RecievedUART/RecievedConfigController.o
 .progmem.data._ZZ24RecievedConfigControllervE3__c_6
                0x00002297       0x2c RecievedUART/RecievedConfigController.o
 .progmem.data._ZZ24RecievedConfigControllervE3__c_5
                0x000022c3       0x1e RecievedUART/RecievedConfigController.o
 .progmem.data._ZZ24RecievedConfigControllervE3__c_4
                0x000022e1        0x5 RecievedUART/RecievedConfigController.o
 .progmem.data._ZZ24RecievedConfigControllervE3__c_3
                0x000022e6        0x7 RecievedUART/RecievedConfigController.o
 .progmem.data._ZZ24RecievedConfigControllervE3__c_2
                0x000022ed       0x3d RecievedUART/RecievedConfigController.o
 .progmem.data._ZZ24RecievedConfigControllervE3__c_1
                0x0000232a       0x2a RecievedUART/RecievedConfigController.o
 .progmem.data._ZZ24RecievedConfigControllervE3__c_0
                0x00002354       0x40 RecievedUART/RecievedConfigController.o
 .progmem.data._ZZ24RecievedConfigControllervE3__c
                0x00002394       0x2c RecievedUART/RecievedConfigController.o
 .progmem.data._ZZ24RecievedConfigExecModulevE3__c_0
                0x000023c0        0x3 RecievedUART/RecievedConfigModule.o
 .progmem.data._ZZ24RecievedConfigExecModulevE3__c
                0x000023c3        0x3 RecievedUART/RecievedConfigModule.o
 .progmem.data._ZZ25WriteDataConfigExecModulevE3__c_0
                0x000023c6        0xd RecievedUART/RecievedConfigModule.o
 .progmem.data._ZZ25WriteDataConfigExecModulevE3__c
                0x000023d3       0x19 RecievedUART/RecievedConfigModule.o
 .progmem.data._ZZ22SentConfigModuleExtAppvE3__c_16
                0x000023ec        0x2 RecievedUART/RecievedConfigModule.o
 .progmem.data._ZZ22SentConfigModuleExtAppvE3__c_15
                0x000023ee        0x2 RecievedUART/RecievedConfigModule.o
 .progmem.data._ZZ22SentConfigModuleExtAppvE3__c_14
                0x000023f0        0x2 RecievedUART/RecievedConfigModule.o
 .progmem.data._ZZ22SentConfigModuleExtAppvE3__c_13
                0x000023f2        0x2 RecievedUART/RecievedConfigModule.o
 .progmem.data._ZZ22SentConfigModuleExtAppvE3__c_12
                0x000023f4        0x2 RecievedUART/RecievedConfigModule.o
 .progmem.data._ZZ22SentConfigModuleExtAppvE3__c_11
                0x000023f6        0x2 RecievedUART/RecievedConfigModule.o
 .progmem.data._ZZ22SentConfigModuleExtAppvE3__c_10
                0x000023f8        0x2 RecievedUART/RecievedConfigModule.o
 .progmem.data._ZZ22SentConfigModuleExtAppvE3__c_9
                0x000023fa        0x2 RecievedUART/RecievedConfigModule.o
 .progmem.data._ZZ22SentConfigModuleExtAppvE3__c_8
                0x000023fc        0x2 RecievedUART/RecievedConfigModule.o
 .progmem.data._ZZ22SentConfigModuleExtAppvE3__c_7
                0x000023fe        0x2 RecievedUART/RecievedConfigModule.o
 .progmem.data._ZZ22SentConfigModuleExtAppvE3__c_6
                0x00002400        0x2 RecievedUART/RecievedConfigModule.o
 .progmem.data._ZZ22SentConfigModuleExtAppvE3__c_5
                0x00002402        0x2 RecievedUART/RecievedConfigModule.o
 .progmem.data._ZZ22SentConfigModuleExtAppvE3__c_4
                0x00002404        0x2 RecievedUART/RecievedConfigModule.o
 .progmem.data._ZZ22SentConfigModuleExtAppvE3__c_3
                0x00002406        0x2 RecievedUART/RecievedConfigModule.o
 .progmem.data._ZZ22SentConfigModuleExtAppvE3__c_2
                0x00002408        0x2 RecievedUART/RecievedConfigModule.o
 .progmem.data._ZZ22SentConfigModuleExtAppvE3__c_1
                0x0000240a        0x2 RecievedUART/RecievedConfigModule.o
 .progmem.data._ZZ22SentConfigModuleExtAppvE3__c_0
                0x0000240c        0x2 RecievedUART/RecievedConfigModule.o
 .progmem.data._ZZ22SentConfigModuleExtAppvE3__c
                0x0000240e        0x2 RecievedUART/RecievedConfigModule.o
 .progmem.data._ZZ20SentConfigModuleUARTvE3__c_51
                0x00002410       0x24 RecievedUART/RecievedConfigModule.o
 .progmem.data._ZZ20SentConfigModuleUARTvE3__c_50
                0x00002434        0xf RecievedUART/RecievedConfigModule.o
 .progmem.data._ZZ20SentConfigModuleUARTvE3__c_49
                0x00002443        0xa RecievedUART/RecievedConfigModule.o
 .progmem.data._ZZ20SentConfigModuleUARTvE3__c_48
                0x0000244d       0x11 RecievedUART/RecievedConfigModule.o
 .progmem.data._ZZ20SentConfigModuleUARTvE3__c_47
                0x0000245e        0x1 RecievedUART/RecievedConfigModule.o
 .progmem.data._ZZ20SentConfigModuleUARTvE3__c_46
                0x0000245f       0x11 RecievedUART/RecievedConfigModule.o
 .progmem.data._ZZ20SentConfigModuleUARTvE3__c_45
                0x00002470        0x1 RecievedUART/RecievedConfigModule.o
 .progmem.data._ZZ20SentConfigModuleUARTvE3__c_44
                0x00002471       0x13 RecievedUART/RecievedConfigModule.o
 .progmem.data._ZZ20SentConfigModuleUARTvE3__c_43
                0x00002484        0xf RecievedUART/RecievedConfigModule.o
 .progmem.data._ZZ20SentConfigModuleUARTvE3__c_42
                0x00002493       0x28 RecievedUART/RecievedConfigModule.o
 .progmem.data._ZZ20SentConfigModuleUARTvE3__c_41
                0x000024bb        0x1 RecievedUART/RecievedConfigModule.o
 .progmem.data._ZZ20SentConfigModuleUARTvE3__c_40
                0x000024bc        0xf RecievedUART/RecievedConfigModule.o
 .progmem.data._ZZ20SentConfigModuleUARTvE3__c_39
                0x000024cb        0xd RecievedUART/RecievedConfigModule.o
 .progmem.data._ZZ20SentConfigModuleUARTvE3__c_38
                0x000024d8        0x9 RecievedUART/RecievedConfigModule.o
 .progmem.data._ZZ20SentConfigModuleUARTvE3__c_37
                0x000024e1        0x9 RecievedUART/RecievedConfigModule.o
 .progmem.data._ZZ20SentConfigModuleUARTvE3__c_36
                0x000024ea        0x7 RecievedUART/RecievedConfigModule.o
 .progmem.data._ZZ20SentConfigModuleUARTvE3__c_35
                0x000024f1        0xa RecievedUART/RecievedConfigModule.o
 .progmem.data._ZZ20SentConfigModuleUARTvE3__c_34
                0x000024fb       0x11 RecievedUART/RecievedConfigModule.o
 .progmem.data._ZZ20SentConfigModuleUARTvE3__c_33
                0x0000250c       0x14 RecievedUART/RecievedConfigModule.o
 .progmem.data._ZZ20SentConfigModuleUARTvE3__c_32
                0x00002520       0x1a RecievedUART/RecievedConfigModule.o
 .progmem.data._ZZ20SentConfigModuleUARTvE3__c_31
                0x0000253a        0x1 RecievedUART/RecievedConfigModule.o
 .progmem.data._ZZ20SentConfigModuleUARTvE3__c_30
                0x0000253b        0xf RecievedUART/RecievedConfigModule.o
 .progmem.data._ZZ20SentConfigModuleUARTvE3__c_29
                0x0000254a        0xc RecievedUART/RecievedConfigModule.o
 .progmem.data._ZZ20SentConfigModuleUARTvE3__c_28
                0x00002556        0x4 RecievedUART/RecievedConfigModule.o
 .progmem.data._ZZ20SentConfigModuleUARTvE3__c_27
                0x0000255a       0x14 RecievedUART/RecievedConfigModule.o
 .progmem.data._ZZ20SentConfigModuleUARTvE3__c_26
                0x0000256e       0x1a RecievedUART/RecievedConfigModule.o
 .progmem.data._ZZ20SentConfigModuleUARTvE3__c_25
                0x00002588        0x1 RecievedUART/RecievedConfigModule.o
 .progmem.data._ZZ20SentConfigModuleUARTvE3__c_24
                0x00002589       0x20 RecievedUART/RecievedConfigModule.o
 .progmem.data._ZZ20SentConfigModuleUARTvE3__c_23
                0x000025a9        0x7 RecievedUART/RecievedConfigModule.o
 .progmem.data._ZZ20SentConfigModuleUARTvE3__c_22
                0x000025b0        0x9 RecievedUART/RecievedConfigModule.o
 .progmem.data._ZZ20SentConfigModuleUARTvE3__c_21
                0x000025b9        0x3 RecievedUART/RecievedConfigModule.o
 .progmem.data._ZZ20SentConfigModuleUARTvE3__c_20
                0x000025bc       0x2d RecievedUART/RecievedConfigModule.o
 .progmem.data._ZZ20SentConfigModuleUARTvE3__c_19
                0x000025e9       0x10 RecievedUART/RecievedConfigModule.o
 .progmem.data._ZZ20SentConfigModuleUARTvE3__c_18
                0x000025f9       0x39 RecievedUART/RecievedConfigModule.o
 .progmem.data._ZZ20SentConfigModuleUARTvE3__c_17
                0x00002632       0x1c RecievedUART/RecievedConfigModule.o
 .progmem.data._ZZ20SentConfigModuleUARTvE3__c_16
                0x0000264e       0x2e RecievedUART/RecievedConfigModule.o
 .progmem.data._ZZ20SentConfigModuleUARTvE3__c_15
                0x0000267c       0x1a RecievedUART/RecievedConfigModule.o
 .progmem.data._ZZ20SentConfigModuleUARTvE3__c_14
                0x00002696       0x2c RecievedUART/RecievedConfigModule.o
 .progmem.data._ZZ20SentConfigModuleUARTvE3__c_13
                0x000026c2        0x5 RecievedUART/RecievedConfigModule.o
 .progmem.data._ZZ20SentConfigModuleUARTvE3__c_12
                0x000026c7       0x39 RecievedUART/RecievedConfigModule.o
 .progmem.data._ZZ20SentConfigModuleUARTvE3__c_11
                0x00002700        0xd RecievedUART/RecievedConfigModule.o
 .progmem.data._ZZ20SentConfigModuleUARTvE3__c_10
                0x0000270d       0x1d RecievedUART/RecievedConfigModule.o
 .progmem.data._ZZ20SentConfigModuleUARTvE3__c_9
                0x0000272a       0x1a RecievedUART/RecievedConfigModule.o
 .progmem.data._ZZ20SentConfigModuleUARTvE3__c_8
                0x00002744        0x1 RecievedUART/RecievedConfigModule.o
 .progmem.data._ZZ20SentConfigModuleUARTvE3__c_7
                0x00002745       0x20 RecievedUART/RecievedConfigModule.o
 .progmem.data._ZZ20SentConfigModuleUARTvE3__c_6
                0x00002765       0x1a RecievedUART/RecievedConfigModule.o
 .progmem.data._ZZ20SentConfigModuleUARTvE3__c_5
                0x0000277f       0x16 RecievedUART/RecievedConfigModule.o
 .progmem.data._ZZ20SentConfigModuleUARTvE3__c_4
                0x00002795        0xd RecievedUART/RecievedConfigModule.o
 .progmem.data._ZZ20SentConfigModuleUARTvE3__c_3
                0x000027a2        0xf RecievedUART/RecievedConfigModule.o
 .progmem.data._ZZ20SentConfigModuleUARTvE3__c_2
                0x000027b1       0x11 RecievedUART/RecievedConfigModule.o
 .progmem.data._ZZ20SentConfigModuleUARTvE3__c_1
                0x000027c2       0x22 RecievedUART/RecievedConfigModule.o
 .progmem.data._ZZ20SentConfigModuleUARTvE3__c_0
                0x000027e4        0xa RecievedUART/RecievedConfigModule.o
 .progmem.data._ZZ20SentConfigModuleUARTvE3__c
                0x000027ee       0x1f RecievedUART/RecievedConfigModule.o
 .progmem.data._ZZ12RecievedDatevE3__c_24
                0x0000280d        0x2 RecievedUART/RecievedDate.o
 .progmem.data._ZZ12RecievedDatevE3__c_23
                0x0000280f        0x2 RecievedUART/RecievedDate.o
 .progmem.data._ZZ12RecievedDatevE3__c_22
                0x00002811        0x2 RecievedUART/RecievedDate.o
 .progmem.data._ZZ12RecievedDatevE3__c_21
                0x00002813        0x2 RecievedUART/RecievedDate.o
 .progmem.data._ZZ12RecievedDatevE3__c_20
                0x00002815        0x2 RecievedUART/RecievedDate.o
 .progmem.data._ZZ12RecievedDatevE3__c_19
                0x00002817        0x2 RecievedUART/RecievedDate.o
 .progmem.data._ZZ12RecievedDatevE3__c_18
                0x00002819        0x2 RecievedUART/RecievedDate.o
 .progmem.data._ZZ12RecievedDatevE3__c_17
                0x0000281b        0x2 RecievedUART/RecievedDate.o
 .progmem.data._ZZ12RecievedDatevE3__c_16
                0x0000281d        0x2 RecievedUART/RecievedDate.o
 .progmem.data._ZZ12RecievedDatevE3__c_15
                0x0000281f        0x2 RecievedUART/RecievedDate.o
 .progmem.data._ZZ12RecievedDatevE3__c_14
                0x00002821        0x2 RecievedUART/RecievedDate.o
 .progmem.data._ZZ12RecievedDatevE3__c_13
                0x00002823        0x2 RecievedUART/RecievedDate.o
 .progmem.data._ZZ12RecievedDatevE3__c_12
                0x00002825        0x7 RecievedUART/RecievedDate.o
 .progmem.data._ZZ12RecievedDatevE3__c_11
                0x0000282c        0x9 RecievedUART/RecievedDate.o
 .progmem.data._ZZ12RecievedDatevE3__c_10
                0x00002835        0x7 RecievedUART/RecievedDate.o
 .progmem.data._ZZ12RecievedDatevE3__c_9
                0x0000283c        0x9 RecievedUART/RecievedDate.o
 .progmem.data._ZZ12RecievedDatevE3__c_8
                0x00002845        0xa RecievedUART/RecievedDate.o
 .progmem.data._ZZ12RecievedDatevE3__c_7
                0x0000284f        0x8 RecievedUART/RecievedDate.o
 .progmem.data._ZZ12RecievedDatevE3__c_6
                0x00002857        0x7 RecievedUART/RecievedDate.o
 .progmem.data._ZZ12RecievedDatevE3__c_5
                0x0000285e        0x2 RecievedUART/RecievedDate.o
 .progmem.data._ZZ12RecievedDatevE3__c_4
                0x00002860        0x2 RecievedUART/RecievedDate.o
 .progmem.data._ZZ12RecievedDatevE3__c_3
                0x00002862        0x2 RecievedUART/RecievedDate.o
 .progmem.data._ZZ12RecievedDatevE3__c_2
                0x00002864        0x2 RecievedUART/RecievedDate.o
 .progmem.data._ZZ12RecievedDatevE3__c_1
                0x00002866        0x2 RecievedUART/RecievedDate.o
 .progmem.data._ZZ12RecievedDatevE3__c_0
                0x00002868        0x2 RecievedUART/RecievedDate.o
 .progmem.data._ZZ12RecievedDatevE3__c
                0x0000286a       0x20 RecievedUART/RecievedDate.o
 .progmem.data._ZZ13RecievedDebugvE3__c_26
                0x0000288a        0x2 RecievedUART/RecievedDebug.o
 .progmem.data._ZZ13RecievedDebugvE3__c_25
                0x0000288c        0x3 RecievedUART/RecievedDebug.o
 .progmem.data._ZZ13RecievedDebugvE3__c_24
                0x0000288f        0x4 RecievedUART/RecievedDebug.o
 .progmem.data._ZZ13RecievedDebugvE3__c_23
                0x00002893        0x3 RecievedUART/RecievedDebug.o
 .progmem.data._ZZ13RecievedDebugvE3__c_22
                0x00002896       0x61 RecievedUART/RecievedDebug.o
 .progmem.data._ZZ13RecievedDebugvE3__c_21
                0x000028f7        0x9 RecievedUART/RecievedDebug.o
 .progmem.data._ZZ13RecievedDebugvE3__c_20
                0x00002900        0x8 RecievedUART/RecievedDebug.o
 .progmem.data._ZZ13RecievedDebugvE3__c_19
                0x00002908        0x7 RecievedUART/RecievedDebug.o
 .progmem.data._ZZ13RecievedDebugvE3__c_18
                0x0000290f        0x7 RecievedUART/RecievedDebug.o
 .progmem.data._ZZ13RecievedDebugvE3__c_17
                0x00002916        0x7 RecievedUART/RecievedDebug.o
 .progmem.data._ZZ13RecievedDebugvE3__c_16
                0x0000291d        0xa RecievedUART/RecievedDebug.o
 .progmem.data._ZZ13RecievedDebugvE3__c_15
                0x00002927        0x7 RecievedUART/RecievedDebug.o
 .progmem.data._ZZ13RecievedDebugvE3__c_14
                0x0000292e        0x8 RecievedUART/RecievedDebug.o
 .progmem.data._ZZ13RecievedDebugvE3__c_13
                0x00002936        0x9 RecievedUART/RecievedDebug.o
 .progmem.data._ZZ13RecievedDebugvE3__c_12
                0x0000293f        0x9 RecievedUART/RecievedDebug.o
 .progmem.data._ZZ13RecievedDebugvE3__c_11
                0x00002948        0x7 RecievedUART/RecievedDebug.o
 .progmem.data._ZZ13RecievedDebugvE3__c_10
                0x0000294f        0x4 RecievedUART/RecievedDebug.o
 .progmem.data._ZZ13RecievedDebugvE3__c_9
                0x00002953        0x3 RecievedUART/RecievedDebug.o
 .progmem.data._ZZ13RecievedDebugvE3__c_8
                0x00002956        0x2 RecievedUART/RecievedDebug.o
 .progmem.data._ZZ13RecievedDebugvE3__c_7
                0x00002958        0x2 RecievedUART/RecievedDebug.o
 .progmem.data._ZZ13RecievedDebugvE3__c_6
                0x0000295a        0xe RecievedUART/RecievedDebug.o
 .progmem.data._ZZ13RecievedDebugvE3__c_5
                0x00002968        0x9 RecievedUART/RecievedDebug.o
 .progmem.data._ZZ13RecievedDebugvE3__c_4
                0x00002971        0x2 RecievedUART/RecievedDebug.o
 .progmem.data._ZZ13RecievedDebugvE3__c_3
                0x00002973        0x2 RecievedUART/RecievedDebug.o
 .progmem.data._ZZ13RecievedDebugvE3__c_2
                0x00002975        0x2 RecievedUART/RecievedDebug.o
 .progmem.data._ZZ13RecievedDebugvE3__c_1
                0x00002977       0x25 RecievedUART/RecievedDebug.o
 .progmem.data._ZZ13RecievedDebugvE3__c_0
                0x0000299c        0xe RecievedUART/RecievedDebug.o
 .progmem.data._ZZ13RecievedDebugvE3__c
                0x000029aa       0x30 RecievedUART/RecievedDebug.o
 .progmem.data._ZZ22ViewStateLoginToSerialhE3__c_4
                0x000029da        0x7 RecievedUART/RecievedDebug.o
 .progmem.data._ZZ22ViewStateLoginToSerialhE3__c_3
                0x000029e1       0x11 RecievedUART/RecievedDebug.o
 .progmem.data._ZZ22ViewStateLoginToSerialhE3__c_2
                0x000029f2       0x2a RecievedUART/RecievedDebug.o
 .progmem.data._ZZ22ViewStateLoginToSerialhE3__c_1
                0x00002a1c       0x22 RecievedUART/RecievedDebug.o
 .progmem.data._ZZ22ViewStateLoginToSerialhE3__c_0
                0x00002a3e        0xf RecievedUART/RecievedDebug.o
 .progmem.data._ZZ22ViewStateLoginToSerialhE3__c
                0x00002a4d       0x13 RecievedUART/RecievedDebug.o
 .progmem.data._ZZ18WriteConfigChannelvE3__c
                0x00002a60       0x22 RecievedUART/RecievedChannel.o
 .progmem.data._ZZ25SentDebugConfigModuleUARTvE3__c_31
                0x00002a82       0x28 RecievedUART/RecievedChannel.o
 .progmem.data._ZZ25SentDebugConfigModuleUARTvE3__c_30
                0x00002aaa        0x1 RecievedUART/RecievedChannel.o
 .progmem.data._ZZ25SentDebugConfigModuleUARTvE3__c_29
                0x00002aab        0x2 RecievedUART/RecievedChannel.o
 .progmem.data._ZZ25SentDebugConfigModuleUARTvE3__c_28
                0x00002aad        0xe RecievedUART/RecievedChannel.o
 .progmem.data._ZZ25SentDebugConfigModuleUARTvE3__c_27
                0x00002abb       0x23 RecievedUART/RecievedChannel.o
 .progmem.data._ZZ25SentDebugConfigModuleUARTvE3__c_26
                0x00002ade        0xc RecievedUART/RecievedChannel.o
 .progmem.data._ZZ25SentDebugConfigModuleUARTvE3__c_25
                0x00002aea        0x2 RecievedUART/RecievedChannel.o
 .progmem.data._ZZ25SentDebugConfigModuleUARTvE3__c_24
                0x00002aec        0xd RecievedUART/RecievedChannel.o
 .progmem.data._ZZ25SentDebugConfigModuleUARTvE3__c_23
                0x00002af9        0x2 RecievedUART/RecievedChannel.o
 .progmem.data._ZZ25SentDebugConfigModuleUARTvE3__c_22
                0x00002afb        0xc RecievedUART/RecievedChannel.o
 .progmem.data._ZZ25SentDebugConfigModuleUARTvE3__c_21
                0x00002b07        0x2 RecievedUART/RecievedChannel.o
 .progmem.data._ZZ25SentDebugConfigModuleUARTvE3__c_20
                0x00002b09        0xd RecievedUART/RecievedChannel.o
 .progmem.data._ZZ25SentDebugConfigModuleUARTvE3__c_19
                0x00002b16        0x1 RecievedUART/RecievedChannel.o
 .progmem.data._ZZ25SentDebugConfigModuleUARTvE3__c_18
                0x00002b17       0x14 RecievedUART/RecievedChannel.o
 .progmem.data._ZZ25SentDebugConfigModuleUARTvE3__c_17
                0x00002b2b       0x12 RecievedUART/RecievedChannel.o
 .progmem.data._ZZ25SentDebugConfigModuleUARTvE3__c_16
                0x00002b3d       0x12 RecievedUART/RecievedChannel.o
 .progmem.data._ZZ25SentDebugConfigModuleUARTvE3__c_15
                0x00002b4f       0x12 RecievedUART/RecievedChannel.o
 .progmem.data._ZZ25SentDebugConfigModuleUARTvE3__c_14
                0x00002b61        0x1 RecievedUART/RecievedChannel.o
 .progmem.data._ZZ25SentDebugConfigModuleUARTvE3__c_13
                0x00002b62        0x1 RecievedUART/RecievedChannel.o
 .progmem.data._ZZ25SentDebugConfigModuleUARTvE3__c_12
                0x00002b63        0xa RecievedUART/RecievedChannel.o
 .progmem.data._ZZ25SentDebugConfigModuleUARTvE3__c_11
                0x00002b6d        0x9 RecievedUART/RecievedChannel.o
 .progmem.data._ZZ25SentDebugConfigModuleUARTvE3__c_10
                0x00002b76       0x14 RecievedUART/RecievedChannel.o
 .progmem.data._ZZ25SentDebugConfigModuleUARTvE3__c_9
                0x00002b8a       0x1c RecievedUART/RecievedChannel.o
 .progmem.data._ZZ25SentDebugConfigModuleUARTvE3__c_8
                0x00002ba6       0x1c RecievedUART/RecievedChannel.o
 .progmem.data._ZZ25SentDebugConfigModuleUARTvE3__c_7
                0x00002bc2       0x56 RecievedUART/RecievedChannel.o
 .progmem.data._ZZ25SentDebugConfigModuleUARTvE3__c_6
                0x00002c18       0x45 RecievedUART/RecievedChannel.o
 .progmem.data._ZZ25SentDebugConfigModuleUARTvE3__c_5
                0x00002c5d       0x2d RecievedUART/RecievedChannel.o
 .progmem.data._ZZ25SentDebugConfigModuleUARTvE3__c_4
                0x00002c8a       0x13 RecievedUART/RecievedChannel.o
 .progmem.data._ZZ25SentDebugConfigModuleUARTvE3__c_3
                0x00002c9d        0x4 RecievedUART/RecievedChannel.o
 .progmem.data._ZZ25SentDebugConfigModuleUARTvE3__c_2
                0x00002ca1        0x3 RecievedUART/RecievedChannel.o
 .progmem.data._ZZ25SentDebugConfigModuleUARTvE3__c_1
                0x00002ca4        0x9 RecievedUART/RecievedChannel.o
 .progmem.data._ZZ25SentDebugConfigModuleUARTvE3__c_0
                0x00002cad        0xe RecievedUART/RecievedChannel.o
 .progmem.data._ZZ25SentDebugConfigModuleUARTvE3__c
                0x00002cbb       0x1d RecievedUART/RecievedChannel.o
 .progmem.data._ZZ23SentConfigChannelExtAppvE3__c_11
                0x00002cd8        0x2 RecievedUART/RecievedChannel.o
 .progmem.data._ZZ23SentConfigChannelExtAppvE3__c_10
                0x00002cda        0x2 RecievedUART/RecievedChannel.o
 .progmem.data._ZZ23SentConfigChannelExtAppvE3__c_9
                0x00002cdc        0x2 RecievedUART/RecievedChannel.o
 .progmem.data._ZZ23SentConfigChannelExtAppvE3__c_8
                0x00002cde        0x2 RecievedUART/RecievedChannel.o
 .progmem.data._ZZ23SentConfigChannelExtAppvE3__c_7
                0x00002ce0        0x2 RecievedUART/RecievedChannel.o
 .progmem.data._ZZ23SentConfigChannelExtAppvE3__c_6
                0x00002ce2        0x2 RecievedUART/RecievedChannel.o
 .progmem.data._ZZ23SentConfigChannelExtAppvE3__c_5
                0x00002ce4        0x2 RecievedUART/RecievedChannel.o
 .progmem.data._ZZ23SentConfigChannelExtAppvE3__c_4
                0x00002ce6        0x2 RecievedUART/RecievedChannel.o
 .progmem.data._ZZ23SentConfigChannelExtAppvE3__c_3
                0x00002ce8        0x2 RecievedUART/RecievedChannel.o
 .progmem.data._ZZ23SentConfigChannelExtAppvE3__c_2
                0x00002cea        0x2 RecievedUART/RecievedChannel.o
 .progmem.data._ZZ23SentConfigChannelExtAppvE3__c_1
                0x00002cec        0x2 RecievedUART/RecievedChannel.o
 .progmem.data._ZZ23SentConfigChannelExtAppvE3__c_0
                0x00002cee        0x2 RecievedUART/RecievedChannel.o
 .progmem.data._ZZ23SentConfigChannelExtAppvE3__c
                0x00002cf0        0x3 RecievedUART/RecievedChannel.o
 .progmem.data._ZZ15RecievedSensorsvE3__c_1
                0x00002cf3        0x3 RecievedUART/RecievedSensors.o
 .progmem.data._ZZ15RecievedSensorsvE3__c_0
                0x00002cf6        0x3 RecievedUART/RecievedSensors.o
 .progmem.data._ZZ15RecievedSensorsvE3__c
                0x00002cf9       0x16 RecievedUART/RecievedSensors.o
 .progmem.data._ZZ18WriteConfigSensorsvE3__c_0
                0x00002d0f       0x24 RecievedUART/RecievedSensors.o
 .progmem.data._ZZ18WriteConfigSensorsvE3__c
                0x00002d33        0x8 RecievedUART/RecievedSensors.o
 .progmem.data._ZZ23SentConfigSensorsExtAppvE3__c_25
                0x00002d3b        0x2 RecievedUART/RecievedSensors.o
 .progmem.data._ZZ23SentConfigSensorsExtAppvE3__c_24
                0x00002d3d        0x2 RecievedUART/RecievedSensors.o
 .progmem.data._ZZ23SentConfigSensorsExtAppvE3__c_23
                0x00002d3f        0x2 RecievedUART/RecievedSensors.o
 .progmem.data._ZZ23SentConfigSensorsExtAppvE3__c_22
                0x00002d41        0x2 RecievedUART/RecievedSensors.o
 .progmem.data._ZZ23SentConfigSensorsExtAppvE3__c_21
                0x00002d43        0x2 RecievedUART/RecievedSensors.o
 .progmem.data._ZZ23SentConfigSensorsExtAppvE3__c_20
                0x00002d45        0x2 RecievedUART/RecievedSensors.o
 .progmem.data._ZZ23SentConfigSensorsExtAppvE3__c_19
                0x00002d47        0x2 RecievedUART/RecievedSensors.o
 .progmem.data._ZZ23SentConfigSensorsExtAppvE3__c_18
                0x00002d49        0x2 RecievedUART/RecievedSensors.o
 .progmem.data._ZZ23SentConfigSensorsExtAppvE3__c_17
                0x00002d4b        0x2 RecievedUART/RecievedSensors.o
 .progmem.data._ZZ23SentConfigSensorsExtAppvE3__c_16
                0x00002d4d        0x2 RecievedUART/RecievedSensors.o
 .progmem.data._ZZ23SentConfigSensorsExtAppvE3__c_15
                0x00002d4f        0x2 RecievedUART/RecievedSensors.o
 .progmem.data._ZZ23SentConfigSensorsExtAppvE3__c_14
                0x00002d51        0x2 RecievedUART/RecievedSensors.o
 .progmem.data._ZZ23SentConfigSensorsExtAppvE3__c_13
                0x00002d53        0x2 RecievedUART/RecievedSensors.o
 .progmem.data._ZZ23SentConfigSensorsExtAppvE3__c_12
                0x00002d55        0x2 RecievedUART/RecievedSensors.o
 .progmem.data._ZZ23SentConfigSensorsExtAppvE3__c_11
                0x00002d57        0x2 RecievedUART/RecievedSensors.o
 .progmem.data._ZZ23SentConfigSensorsExtAppvE3__c_10
                0x00002d59        0x2 RecievedUART/RecievedSensors.o
 .progmem.data._ZZ23SentConfigSensorsExtAppvE3__c_9
                0x00002d5b        0x2 RecievedUART/RecievedSensors.o
 .progmem.data._ZZ23SentConfigSensorsExtAppvE3__c_8
                0x00002d5d        0x2 RecievedUART/RecievedSensors.o
 .progmem.data._ZZ23SentConfigSensorsExtAppvE3__c_7
                0x00002d5f        0x2 RecievedUART/RecievedSensors.o
 .progmem.data._ZZ23SentConfigSensorsExtAppvE3__c_6
                0x00002d61        0x2 RecievedUART/RecievedSensors.o
 .progmem.data._ZZ23SentConfigSensorsExtAppvE3__c_5
                0x00002d63        0x2 RecievedUART/RecievedSensors.o
 .progmem.data._ZZ23SentConfigSensorsExtAppvE3__c_4
                0x00002d65        0x2 RecievedUART/RecievedSensors.o
 .progmem.data._ZZ23SentConfigSensorsExtAppvE3__c_3
                0x00002d67        0x2 RecievedUART/RecievedSensors.o
 .progmem.data._ZZ23SentConfigSensorsExtAppvE3__c_2
                0x00002d69        0x2 RecievedUART/RecievedSensors.o
 .progmem.data._ZZ23SentConfigSensorsExtAppvE3__c_1
                0x00002d6b        0x2 RecievedUART/RecievedSensors.o
 .progmem.data._ZZ23SentConfigSensorsExtAppvE3__c_0
                0x00002d6d        0x2 RecievedUART/RecievedSensors.o
 .progmem.data._ZZ23SentConfigSensorsExtAppvE3__c
                0x00002d6f        0x2 RecievedUART/RecievedSensors.o
 .progmem.data._ZZ21SentConfigSensorsUARTvE3__c_66
                0x00002d71       0x28 RecievedUART/RecievedSensors.o
 .progmem.data._ZZ21SentConfigSensorsUARTvE3__c_65
                0x00002d99        0xd RecievedUART/RecievedSensors.o
 .progmem.data._ZZ21SentConfigSensorsUARTvE3__c_64
                0x00002da6        0xf RecievedUART/RecievedSensors.o
 .progmem.data._ZZ21SentConfigSensorsUARTvE3__c_63
                0x00002db5        0xf RecievedUART/RecievedSensors.o
 .progmem.data._ZZ21SentConfigSensorsUARTvE3__c_62
                0x00002dc4        0xf RecievedUART/RecievedSensors.o
 .progmem.data._ZZ21SentConfigSensorsUARTvE3__c_61
                0x00002dd3        0xf RecievedUART/RecievedSensors.o
 .progmem.data._ZZ21SentConfigSensorsUARTvE3__c_60
                0x00002de2        0xf RecievedUART/RecievedSensors.o
 .progmem.data._ZZ21SentConfigSensorsUARTvE3__c_59
                0x00002df1       0x15 RecievedUART/RecievedSensors.o
 .progmem.data._ZZ21SentConfigSensorsUARTvE3__c_58
                0x00002e06       0x29 RecievedUART/RecievedSensors.o
 .progmem.data._ZZ21SentConfigSensorsUARTvE3__c_57
                0x00002e2f       0x11 RecievedUART/RecievedSensors.o
 .progmem.data._ZZ21SentConfigSensorsUARTvE3__c_56
                0x00002e40       0x13 RecievedUART/RecievedSensors.o
 .progmem.data._ZZ21SentConfigSensorsUARTvE3__c_55
                0x00002e53       0x24 RecievedUART/RecievedSensors.o
 .progmem.data._ZZ21SentConfigSensorsUARTvE3__c_54
                0x00002e77        0xd RecievedUART/RecievedSensors.o
 .progmem.data._ZZ21SentConfigSensorsUARTvE3__c_53
                0x00002e84       0x1d RecievedUART/RecievedSensors.o
 .progmem.data._ZZ21SentConfigSensorsUARTvE3__c_52
                0x00002ea1       0x1a RecievedUART/RecievedSensors.o
 .progmem.data._ZZ21SentConfigSensorsUARTvE3__c_51
                0x00002ebb       0x13 RecievedUART/RecievedSensors.o
 .progmem.data._ZZ21SentConfigSensorsUARTvE3__c_50
                0x00002ece       0x23 RecievedUART/RecievedSensors.o
 .progmem.data._ZZ21SentConfigSensorsUARTvE3__c_49
                0x00002ef1       0x51 RecievedUART/RecievedSensors.o
 .progmem.data._ZZ21SentConfigSensorsUARTvE3__c_48
                0x00002f42       0x4a RecievedUART/RecievedSensors.o
 .progmem.data._ZZ21SentConfigSensorsUARTvE3__c_47
                0x00002f8c       0x53 RecievedUART/RecievedSensors.o
 .progmem.data._ZZ21SentConfigSensorsUARTvE3__c_46
                0x00002fdf       0x28 RecievedUART/RecievedSensors.o
 .progmem.data._ZZ21SentConfigSensorsUARTvE3__c_45
                0x00003007        0x6 RecievedUART/RecievedSensors.o
 .progmem.data._ZZ21SentConfigSensorsUARTvE3__c_44
                0x0000300d        0x6 RecievedUART/RecievedSensors.o
 .progmem.data._ZZ21SentConfigSensorsUARTvE3__c_43
                0x00003013        0x5 RecievedUART/RecievedSensors.o
 .progmem.data._ZZ21SentConfigSensorsUARTvE3__c_42
                0x00003018       0x24 RecievedUART/RecievedSensors.o
 .progmem.data._ZZ21SentConfigSensorsUARTvE3__c_41
                0x0000303c       0x3d RecievedUART/RecievedSensors.o
 .progmem.data._ZZ21SentConfigSensorsUARTvE3__c_40
                0x00003079        0x3 RecievedUART/RecievedSensors.o
 .progmem.data._ZZ21SentConfigSensorsUARTvE3__c_39
                0x0000307c        0x4 RecievedUART/RecievedSensors.o
 .progmem.data._ZZ21SentConfigSensorsUARTvE3__c_38
                0x00003080       0x24 RecievedUART/RecievedSensors.o
 .progmem.data._ZZ21SentConfigSensorsUARTvE3__c_37
                0x000030a4       0x30 RecievedUART/RecievedSensors.o
 .progmem.data._ZZ21SentConfigSensorsUARTvE3__c_36
                0x000030d4        0xb RecievedUART/RecievedSensors.o
 .progmem.data._ZZ21SentConfigSensorsUARTvE3__c_35
                0x000030df        0xd RecievedUART/RecievedSensors.o
 .progmem.data._ZZ21SentConfigSensorsUARTvE3__c_34
                0x000030ec       0x24 RecievedUART/RecievedSensors.o
 .progmem.data._ZZ21SentConfigSensorsUARTvE3__c_33
                0x00003110       0x10 RecievedUART/RecievedSensors.o
 .progmem.data._ZZ21SentConfigSensorsUARTvE3__c_32
                0x00003120       0x1a RecievedUART/RecievedSensors.o
 .progmem.data._ZZ21SentConfigSensorsUARTvE3__c_31
                0x0000313a       0x1c RecievedUART/RecievedSensors.o
 .progmem.data._ZZ21SentConfigSensorsUARTvE3__c_30
                0x00003156       0x22 RecievedUART/RecievedSensors.o
 .progmem.data._ZZ21SentConfigSensorsUARTvE3__c_29
                0x00003178       0x26 RecievedUART/RecievedSensors.o
 .progmem.data._ZZ21SentConfigSensorsUARTvE3__c_28
                0x0000319e       0x24 RecievedUART/RecievedSensors.o
 .progmem.data._ZZ21SentConfigSensorsUARTvE3__c_27
                0x000031c2       0x18 RecievedUART/RecievedSensors.o
 .progmem.data._ZZ21SentConfigSensorsUARTvE3__c_26
                0x000031da       0x11 RecievedUART/RecievedSensors.o
 .progmem.data._ZZ21SentConfigSensorsUARTvE3__c_25
                0x000031eb       0x24 RecievedUART/RecievedSensors.o
 .progmem.data._ZZ21SentConfigSensorsUARTvE3__c_24
                0x0000320f        0x7 RecievedUART/RecievedSensors.o
 .progmem.data._ZZ21SentConfigSensorsUARTvE3__c_23
                0x00003216       0x26 RecievedUART/RecievedSensors.o
 .progmem.data._ZZ21SentConfigSensorsUARTvE3__c_22
                0x0000323c       0x13 RecievedUART/RecievedSensors.o
 .progmem.data._ZZ21SentConfigSensorsUARTvE3__c_21
                0x0000324f        0x3 RecievedUART/RecievedSensors.o
 .progmem.data._ZZ21SentConfigSensorsUARTvE3__c_20
                0x00003252       0x3d RecievedUART/RecievedSensors.o
 .progmem.data._ZZ21SentConfigSensorsUARTvE3__c_19
                0x0000328f       0x30 RecievedUART/RecievedSensors.o
 .progmem.data._ZZ21SentConfigSensorsUARTvE3__c_18
                0x000032bf       0x21 RecievedUART/RecievedSensors.o
 .progmem.data._ZZ21SentConfigSensorsUARTvE3__c_17
                0x000032e0       0x11 RecievedUART/RecievedSensors.o
 .progmem.data._ZZ21SentConfigSensorsUARTvE3__c_16
                0x000032f1       0x3d RecievedUART/RecievedSensors.o
 .progmem.data._ZZ21SentConfigSensorsUARTvE3__c_15
                0x0000332e       0x1d RecievedUART/RecievedSensors.o
 .progmem.data._ZZ21SentConfigSensorsUARTvE3__c_14
                0x0000334b        0x7 RecievedUART/RecievedSensors.o
 .progmem.data._ZZ21SentConfigSensorsUARTvE3__c_13
                0x00003352       0x27 RecievedUART/RecievedSensors.o
 .progmem.data._ZZ21SentConfigSensorsUARTvE3__c_12
                0x00003379        0xd RecievedUART/RecievedSensors.o
 .progmem.data._ZZ21SentConfigSensorsUARTvE3__c_11
                0x00003386       0x39 RecievedUART/RecievedSensors.o
 .progmem.data._ZZ21SentConfigSensorsUARTvE3__c_10
                0x000033bf        0x2 RecievedUART/RecievedSensors.o
 .progmem.data._ZZ21SentConfigSensorsUARTvE3__c_9
                0x000033c1       0x22 RecievedUART/RecievedSensors.o
 .progmem.data._ZZ21SentConfigSensorsUARTvE3__c_8
                0x000033e3        0x2 RecievedUART/RecievedSensors.o
 .progmem.data._ZZ21SentConfigSensorsUARTvE3__c_7
                0x000033e5        0x3 RecievedUART/RecievedSensors.o
 .progmem.data._ZZ21SentConfigSensorsUARTvE3__c_6
                0x000033e8       0x13 RecievedUART/RecievedSensors.o
 .progmem.data._ZZ21SentConfigSensorsUARTvE3__c_5
                0x000033fb       0x23 RecievedUART/RecievedSensors.o
 .progmem.data._ZZ21SentConfigSensorsUARTvE3__c_4
                0x0000341e        0x9 RecievedUART/RecievedSensors.o
 .progmem.data._ZZ21SentConfigSensorsUARTvE3__c_3
                0x00003427       0x11 RecievedUART/RecievedSensors.o
 .progmem.data._ZZ21SentConfigSensorsUARTvE3__c_2
                0x00003438        0xf RecievedUART/RecievedSensors.o
 .progmem.data._ZZ21SentConfigSensorsUARTvE3__c_1
                0x00003447        0xf RecievedUART/RecievedSensors.o
 .progmem.data._ZZ21SentConfigSensorsUARTvE3__c_0
                0x00003456        0xd RecievedUART/RecievedSensors.o
 .progmem.data._ZZ21SentConfigSensorsUARTvE3__c
                0x00003463       0x35 RecievedUART/RecievedSensors.o
 .progmem.data._ZZ29Read_E_Type_B_Sensor_registerhhE3__c_20
                0x00003498       0x1f RecievedUART/RegisterSensors.o
 .progmem.data._ZZ29Read_E_Type_B_Sensor_registerhhE3__c_19
                0x000034b7       0x56 RecievedUART/RegisterSensors.o
 .progmem.data._ZZ29Read_E_Type_B_Sensor_registerhhE3__c_18
                0x0000350d       0x3e RecievedUART/RegisterSensors.o
 .progmem.data._ZZ29Read_E_Type_B_Sensor_registerhhE3__c_17
                0x0000354b       0x33 RecievedUART/RegisterSensors.o
 .progmem.data._ZZ29Read_E_Type_B_Sensor_registerhhE3__c_16
                0x0000357e       0x3c RecievedUART/RegisterSensors.o
 .progmem.data._ZZ29Read_E_Type_B_Sensor_registerhhE3__c_15
                0x000035ba       0x26 RecievedUART/RegisterSensors.o
 .progmem.data._ZZ29Read_E_Type_B_Sensor_registerhhE3__c_14
                0x000035e0       0x28 RecievedUART/RegisterSensors.o
 .progmem.data._ZZ29Read_E_Type_B_Sensor_registerhhE3__c_13
                0x00003608        0x9 RecievedUART/RegisterSensors.o
 .progmem.data._ZZ29Read_E_Type_B_Sensor_registerhhE3__c_12
                0x00003611        0x7 RecievedUART/RegisterSensors.o
 .progmem.data._ZZ29Read_E_Type_B_Sensor_registerhhE3__c_11
                0x00003618       0x15 RecievedUART/RegisterSensors.o
 .progmem.data._ZZ29Read_E_Type_B_Sensor_registerhhE3__c_10
                0x0000362d       0x15 RecievedUART/RegisterSensors.o
 .progmem.data._ZZ29Read_E_Type_B_Sensor_registerhhE3__c_9
                0x00003642       0x2a RecievedUART/RegisterSensors.o
 .progmem.data._ZZ29Read_E_Type_B_Sensor_registerhhE3__c_8
                0x0000366c       0x28 RecievedUART/RegisterSensors.o
 .progmem.data._ZZ29Read_E_Type_B_Sensor_registerhhE3__c_7
                0x00003694       0x13 RecievedUART/RegisterSensors.o
 .progmem.data._ZZ29Read_E_Type_B_Sensor_registerhhE3__c_6
                0x000036a7       0x13 RecievedUART/RegisterSensors.o
 .progmem.data._ZZ29Read_E_Type_B_Sensor_registerhhE3__c_5
                0x000036ba       0x1e RecievedUART/RegisterSensors.o
 .progmem.data._ZZ29Read_E_Type_B_Sensor_registerhhE3__c_4
                0x000036d8       0x1e RecievedUART/RegisterSensors.o
 .progmem.data._ZZ29Read_E_Type_B_Sensor_registerhhE3__c_3
                0x000036f6       0x22 RecievedUART/RegisterSensors.o
 .progmem.data._ZZ29Read_E_Type_B_Sensor_registerhhE3__c_2
                0x00003718       0x22 RecievedUART/RegisterSensors.o
 .progmem.data._ZZ29Read_E_Type_B_Sensor_registerhhE3__c_1
                0x0000373a       0x17 RecievedUART/RegisterSensors.o
 .progmem.data._ZZ29Read_E_Type_B_Sensor_registerhhE3__c_0
                0x00003751       0x17 RecievedUART/RegisterSensors.o
 .progmem.data._ZZ29Read_E_Type_B_Sensor_registerhhE3__c
                0x00003768       0x1c RecievedUART/RegisterSensors.o
 .progmem.data._ZZ18Read_ETAS_registerhE3__c_19
                0x00003784        0x2 RecievedUART/RegisterSensors.o
 .progmem.data._ZZ18Read_ETAS_registerhE3__c_18
                0x00003786        0x8 RecievedUART/RegisterSensors.o
 .progmem.data._ZZ18Read_ETAS_registerhE3__c_17
                0x0000378e        0x3 RecievedUART/RegisterSensors.o
 .progmem.data._ZZ18Read_ETAS_registerhE3__c_16
                0x00003791        0xd RecievedUART/RegisterSensors.o
 .progmem.data._ZZ18Read_ETAS_registerhE3__c_15
                0x0000379e        0x8 RecievedUART/RegisterSensors.o
 .progmem.data._ZZ18Read_ETAS_registerhE3__c_14
                0x000037a6        0x5 RecievedUART/RegisterSensors.o
 .progmem.data._ZZ18Read_ETAS_registerhE3__c_13
                0x000037ab        0x9 RecievedUART/RegisterSensors.o
 .progmem.data._ZZ18Read_ETAS_registerhE3__c_12
                0x000037b4        0x7 RecievedUART/RegisterSensors.o
 .progmem.data._ZZ18Read_ETAS_registerhE3__c_11
                0x000037bb        0x8 RecievedUART/RegisterSensors.o
 .progmem.data._ZZ18Read_ETAS_registerhE3__c_10
                0x000037c3        0x1 RecievedUART/RegisterSensors.o
 .progmem.data._ZZ18Read_ETAS_registerhE3__c_9
                0x000037c4        0xb RecievedUART/RegisterSensors.o
 .progmem.data._ZZ18Read_ETAS_registerhE3__c_8
                0x000037cf        0xe RecievedUART/RegisterSensors.o
 .progmem.data._ZZ18Read_ETAS_registerhE3__c_7
                0x000037dd        0x7 RecievedUART/RegisterSensors.o
 .progmem.data._ZZ18Read_ETAS_registerhE3__c_6
                0x000037e4        0x7 RecievedUART/RegisterSensors.o
 .progmem.data._ZZ18Read_ETAS_registerhE3__c_5
                0x000037eb        0x7 RecievedUART/RegisterSensors.o
 .progmem.data._ZZ18Read_ETAS_registerhE3__c_4
                0x000037f2        0xf RecievedUART/RegisterSensors.o
 .progmem.data._ZZ18Read_ETAS_registerhE3__c_3
                0x00003801        0x7 RecievedUART/RegisterSensors.o
 .progmem.data._ZZ18Read_ETAS_registerhE3__c_2
                0x00003808        0x2 RecievedUART/RegisterSensors.o
 .progmem.data._ZZ18Read_ETAS_registerhE3__c_1
                0x0000380a        0xd RecievedUART/RegisterSensors.o
 .progmem.data._ZZ18Read_ETAS_registerhE3__c_0
                0x00003817        0x8 RecievedUART/RegisterSensors.o
 .progmem.data._ZZ18Read_ETAS_registerhE3__c
                0x0000381f       0x1b RecievedUART/RegisterSensors.o
 .progmem.data._ZZ10i2c_scanerbE3__c_35
                0x0000383a       0x17 Sensors.o
 .progmem.data._ZZ10i2c_scanerbE3__c_34
                0x00003851        0x2 Sensors.o
 .progmem.data._ZZ10i2c_scanerbE3__c_33
                0x00003853       0x1d Sensors.o
 .progmem.data._ZZ10i2c_scanerbE3__c_32
                0x00003870       0x12 Sensors.o
 .progmem.data._ZZ10i2c_scanerbE3__c_31
                0x00003882       0x34 Sensors.o
 .progmem.data._ZZ10i2c_scanerbE3__c_30
                0x000038b6       0x34 Sensors.o
 .progmem.data._ZZ10i2c_scanerbE3__c_29
                0x000038ea       0x12 Sensors.o
 .progmem.data._ZZ10i2c_scanerbE3__c_28
                0x000038fc       0x27 Sensors.o
 .progmem.data._ZZ10i2c_scanerbE3__c_27
                0x00003923       0x2d Sensors.o
 .progmem.data._ZZ10i2c_scanerbE3__c_26
                0x00003950       0x11 Sensors.o
 .progmem.data._ZZ10i2c_scanerbE3__c_25
                0x00003961        0x7 Sensors.o
 .progmem.data._ZZ10i2c_scanerbE3__c_24
                0x00003968       0x18 Sensors.o
 .progmem.data._ZZ10i2c_scanerbE3__c_23
                0x00003980       0x18 Sensors.o
 .progmem.data._ZZ10i2c_scanerbE3__c_22
                0x00003998       0x29 Sensors.o
 .progmem.data._ZZ10i2c_scanerbE3__c_21
                0x000039c1       0x22 Sensors.o
 .progmem.data._ZZ10i2c_scanerbE3__c_20
                0x000039e3       0x30 Sensors.o
 .progmem.data._ZZ10i2c_scanerbE3__c_19
                0x00003a13       0x1f Sensors.o
 .progmem.data._ZZ10i2c_scanerbE3__c_18
                0x00003a32       0x37 Sensors.o
 .progmem.data._ZZ10i2c_scanerbE3__c_17
                0x00003a69       0x1d Sensors.o
 .progmem.data._ZZ10i2c_scanerbE3__c_16
                0x00003a86       0x1d Sensors.o
 .progmem.data._ZZ10i2c_scanerbE3__c_15
                0x00003aa3       0x1d Sensors.o
 .progmem.data._ZZ10i2c_scanerbE3__c_14
                0x00003ac0       0x39 Sensors.o
 .progmem.data._ZZ10i2c_scanerbE3__c_13
                0x00003af9       0x1d Sensors.o
 .progmem.data._ZZ10i2c_scanerbE3__c_12
                0x00003b16       0x1d Sensors.o
 .progmem.data._ZZ10i2c_scanerbE3__c_11
                0x00003b33       0x37 Sensors.o
 .progmem.data._ZZ10i2c_scanerbE3__c_10
                0x00003b6a        0xf Sensors.o
 .progmem.data._ZZ10i2c_scanerbE3__c_9
                0x00003b79       0x32 Sensors.o
 .progmem.data._ZZ10i2c_scanerbE3__c_8
                0x00003bab        0xf Sensors.o
 .progmem.data._ZZ10i2c_scanerbE3__c_7
                0x00003bba        0xf Sensors.o
 .progmem.data._ZZ10i2c_scanerbE3__c_6
                0x00003bc9       0x16 Sensors.o
 .progmem.data._ZZ10i2c_scanerbE3__c_5
                0x00003bdf       0x21 Sensors.o
 .progmem.data._ZZ10i2c_scanerbE3__c_4
                0x00003c00       0x2d Sensors.o
 .progmem.data._ZZ10i2c_scanerbE3__c_3
                0x00003c2d        0xf Sensors.o
 .progmem.data._ZZ10i2c_scanerbE3__c_2
                0x00003c3c        0xf Sensors.o
 .progmem.data._ZZ10i2c_scanerbE3__c_1
                0x00003c4b        0x4 Sensors.o
 .progmem.data._ZZ10i2c_scanerbE3__c_0
                0x00003c4f        0x5 Sensors.o
 .progmem.data._ZZ10i2c_scanerbE3__c
                0x00003c54        0xf Sensors.o
 .progmem.data._ZZ12ControllPorthhE3__c_2
                0x00003c63       0x11 Sensors.o
 .progmem.data._ZZ12ControllPorthhE3__c_1
                0x00003c74        0x8 Sensors.o
 .progmem.data._ZZ12ControllPorthhE3__c_0
                0x00003c7c       0x22 Sensors.o
 .progmem.data._ZZ12ControllPorthhE3__c
                0x00003c9e       0x23 Sensors.o
 .progmem.data._ZZ16CalculateSensorsvE3__c_5
                0x00003cc1        0x4 Sensors.o
 .progmem.data._ZZ16CalculateSensorsvE3__c_4
                0x00003cc5       0x18 Sensors.o
 .progmem.data._ZZ16CalculateSensorsvE3__c_3
                0x00003cdd       0x12 Sensors.o
 .progmem.data._ZZ16CalculateSensorsvE3__c_2
                0x00003cef       0x1e Sensors.o
 .progmem.data._ZZ16CalculateSensorsvE3__c_1
                0x00003d0d        0x8 Sensors.o
 .progmem.data._ZZ16CalculateSensorsvE3__c_0
                0x00003d15       0x3e Sensors.o
 .progmem.data._ZZ16CalculateSensorsvE3__c
                0x00003d53       0x48 Sensors.o
 .progmem.data._ZZ14SentTextToUARThE3__c_3
                0x00003d9b       0x2f Sensors.o
 .progmem.data._ZZ14SentTextToUARThE3__c_2
                0x00003dca        0x7 Sensors.o
 .progmem.data._ZZ14SentTextToUARThE3__c_1
                0x00003dd1       0x17 Sensors.o
 .progmem.data._ZZ14SentTextToUARThE3__c_0
                0x00003de8        0x2 Sensors.o
 .progmem.data._ZZ14SentTextToUARThE3__c
                0x00003dea       0x12 Sensors.o
 .progmem.data._ZZ16DefinitionSensorhhE3__c_10
                0x00003dfc        0x8 Sensors.o
 .progmem.data._ZZ16DefinitionSensorhhE3__c_9
                0x00003e04        0x5 Sensors.o
 .progmem.data._ZZ16DefinitionSensorhhE3__c_8
                0x00003e09        0x9 Sensors.o
 .progmem.data._ZZ16DefinitionSensorhhE3__c_7
                0x00003e12        0x7 Sensors.o
 .progmem.data._ZZ16DefinitionSensorhhE3__c_6
                0x00003e19        0x8 Sensors.o
 .progmem.data._ZZ16DefinitionSensorhhE3__c_5
                0x00003e21        0xc Sensors.o
 .progmem.data._ZZ16DefinitionSensorhhE3__c_4
                0x00003e2d        0x7 Sensors.o
 .progmem.data._ZZ16DefinitionSensorhhE3__c_3
                0x00003e34        0x7 Sensors.o
 .progmem.data._ZZ16DefinitionSensorhhE3__c_2
                0x00003e3b        0x7 Sensors.o
 .progmem.data._ZZ16DefinitionSensorhhE3__c_1
                0x00003e42        0x7 Sensors.o
 .progmem.data._ZZ16DefinitionSensorhhE3__c_0
                0x00003e49        0x7 Sensors.o
 .progmem.data._ZZ16DefinitionSensorhhE3__c
                0x00003e50        0x8 Sensors.o
 .progmem.data._ZZ14ReadAnalogPorthhE3__c_9
                0x00003e58       0x34 Sensors.o
 .progmem.data._ZZ14ReadAnalogPorthhE3__c_8
                0x00003e8c        0x8 Sensors.o
 .progmem.data._ZZ14ReadAnalogPorthhE3__c_7
                0x00003e94       0x1c Sensors.o
 .progmem.data._ZZ14ReadAnalogPorthhE3__c_6
                0x00003eb0        0x8 Sensors.o
 .progmem.data._ZZ14ReadAnalogPorthhE3__c_5
                0x00003eb8       0x1c Sensors.o
 .progmem.data._ZZ14ReadAnalogPorthhE3__c_4
                0x00003ed4        0x8 Sensors.o
 .progmem.data._ZZ14ReadAnalogPorthhE3__c_3
                0x00003edc       0x1c Sensors.o
 .progmem.data._ZZ14ReadAnalogPorthhE3__c_2
                0x00003ef8        0x8 Sensors.o
 .progmem.data._ZZ14ReadAnalogPorthhE3__c_1
                0x00003f00       0x1c Sensors.o
 .progmem.data._ZZ14ReadAnalogPorthhE3__c_0
                0x00003f1c        0x8 Sensors.o
 .progmem.data._ZZ14ReadAnalogPorthhE3__c
                0x00003f24       0x1c Sensors.o
 .progmem.data._ZZ19ViewValueAllSensorsvE3__c_8
                0x00003f40       0x30 Sensors.o
 .progmem.data._ZZ19ViewValueAllSensorsvE3__c_7
                0x00003f70        0x2 Sensors.o